Archive member included to satisfy reference by file (symbol)

./src/mbed/TARGET_NUCLEO_F072RB/TOOLCHAIN_GCC_ARM/libmbed.a(serial_api.o)
                              src/mbed/TARGET_NUCLEO_F072RB/TOOLCHAIN_GCC_ARM/retarget.o (serial_init)
./src/mbed/TARGET_NUCLEO_F072RB/TOOLCHAIN_GCC_ARM/libmbed.a(pwmout_api.o)
                              src/motors/motors.o (pwmout_init)
./src/mbed/TARGET_NUCLEO_F072RB/TOOLCHAIN_GCC_ARM/libmbed.a(FilePath.o)
                              src/mbed/TARGET_NUCLEO_F072RB/TOOLCHAIN_GCC_ARM/retarget.o (mbed::FilePath::FilePath(char const*))
./src/mbed/TARGET_NUCLEO_F072RB/TOOLCHAIN_GCC_ARM/libmbed.a(FileSystemLike.o)
                              src/mbed/TARGET_NUCLEO_F072RB/TOOLCHAIN_GCC_ARM/retarget.o (mbed::FileSystemLike::opendir())
./src/mbed/TARGET_NUCLEO_F072RB/TOOLCHAIN_GCC_ARM/libmbed.a(I2C.o)
                              src/ITG3200/ITG3200.o (mbed::I2C::I2C(PinName, PinName))
./src/mbed/TARGET_NUCLEO_F072RB/TOOLCHAIN_GCC_ARM/libmbed.a(Serial.o)
                              src/main.o (mbed::Serial::Serial(PinName, PinName, char const*))
./src/mbed/TARGET_NUCLEO_F072RB/TOOLCHAIN_GCC_ARM/libmbed.a(SerialBase.o)
                              ./src/mbed/TARGET_NUCLEO_F072RB/TOOLCHAIN_GCC_ARM/libmbed.a(Serial.o) (mbed::SerialBase::SerialBase(PinName, PinName))
./src/mbed/TARGET_NUCLEO_F072RB/TOOLCHAIN_GCC_ARM/libmbed.a(Stream.o)
                              ./src/mbed/TARGET_NUCLEO_F072RB/TOOLCHAIN_GCC_ARM/libmbed.a(Serial.o) (mbed::Stream::close())
./src/mbed/TARGET_NUCLEO_F072RB/TOOLCHAIN_GCC_ARM/libmbed.a(assert.o)
                              ./src/mbed/TARGET_NUCLEO_F072RB/TOOLCHAIN_GCC_ARM/libmbed.a(serial_api.o) (mbed_assert_internal)
./src/mbed/TARGET_NUCLEO_F072RB/TOOLCHAIN_GCC_ARM/libmbed.a(error.o)
                              src/mbed/TARGET_NUCLEO_F072RB/TOOLCHAIN_GCC_ARM/retarget.o (error)
./src/mbed/TARGET_NUCLEO_F072RB/TOOLCHAIN_GCC_ARM/libmbed.a(pinmap_common.o)
                              ./src/mbed/TARGET_NUCLEO_F072RB/TOOLCHAIN_GCC_ARM/libmbed.a(serial_api.o) (pinmap_pinout)
./src/mbed/TARGET_NUCLEO_F072RB/TOOLCHAIN_GCC_ARM/libmbed.a(rtc_time.o)
                              src/PID/pid.o (time)
./src/mbed/TARGET_NUCLEO_F072RB/TOOLCHAIN_GCC_ARM/libmbed.a(us_ticker_api.o)
                              src/mbed/TARGET_NUCLEO_F072RB/TOOLCHAIN_GCC_ARM/hal_tick.o (us_ticker_irq_handler)
./src/mbed/TARGET_NUCLEO_F072RB/TOOLCHAIN_GCC_ARM/libmbed.a(wait_api.o)
                              src/ADXL345/ADXL345.o (wait_us)
./src/mbed/TARGET_NUCLEO_F072RB/TOOLCHAIN_GCC_ARM/libmbed.a(PeripheralPins.o)
                              ./src/mbed/TARGET_NUCLEO_F072RB/TOOLCHAIN_GCC_ARM/libmbed.a(serial_api.o) (PinMap_UART_RX)
./src/mbed/TARGET_NUCLEO_F072RB/TOOLCHAIN_GCC_ARM/libmbed.a(i2c_api.o)
                              ./src/mbed/TARGET_NUCLEO_F072RB/TOOLCHAIN_GCC_ARM/libmbed.a(I2C.o) (i2c_frequency)
./src/mbed/TARGET_NUCLEO_F072RB/TOOLCHAIN_GCC_ARM/libmbed.a(pinmap.o)
                              ./src/mbed/TARGET_NUCLEO_F072RB/TOOLCHAIN_GCC_ARM/libmbed.a(serial_api.o) (pin_function)
./src/mbed/TARGET_NUCLEO_F072RB/TOOLCHAIN_GCC_ARM/libmbed.a(rtc_api.o)
                              ./src/mbed/TARGET_NUCLEO_F072RB/TOOLCHAIN_GCC_ARM/libmbed.a(rtc_time.o) (rtc_init)
./src/mbed/TARGET_NUCLEO_F072RB/TOOLCHAIN_GCC_ARM/libmbed.a(us_ticker.o)
                              ./src/mbed/TARGET_NUCLEO_F072RB/TOOLCHAIN_GCC_ARM/libmbed.a(us_ticker_api.o) (us_ticker_init)
./src/mbed/TARGET_NUCLEO_F072RB/TOOLCHAIN_GCC_ARM/libmbed.a(FileBase.o)
                              ./src/mbed/TARGET_NUCLEO_F072RB/TOOLCHAIN_GCC_ARM/libmbed.a(FileSystemLike.o) (mbed::FileBase::~FileBase())
./src/mbed/TARGET_NUCLEO_F072RB/TOOLCHAIN_GCC_ARM/libmbed.a(FileLike.o)
                              ./src/mbed/TARGET_NUCLEO_F072RB/TOOLCHAIN_GCC_ARM/libmbed.a(Stream.o) (mbed::FileLike::FileLike(char const*))
./src/mbed/TARGET_NUCLEO_F072RB/TOOLCHAIN_GCC_ARM/libmbed.a(ticker_api.o)
                              ./src/mbed/TARGET_NUCLEO_F072RB/TOOLCHAIN_GCC_ARM/libmbed.a(us_ticker_api.o) (ticker_irq_handler)
/usr/local/gcc-arm-none-eabi-5_2-2015q4/bin/../lib/gcc/arm-none-eabi/5.2.1/../../../../arm-none-eabi/lib/armv6-m/libstdc++_nano.a(atexit_arm.o)
                              src/main.o (__aeabi_atexit)
/usr/local/gcc-arm-none-eabi-5_2-2015q4/bin/../lib/gcc/arm-none-eabi/5.2.1/../../../../arm-none-eabi/lib/armv6-m/libstdc++_nano.a(del_op.o)
                              src/main.o (operator delete(void*))
/usr/local/gcc-arm-none-eabi-5_2-2015q4/bin/../lib/gcc/arm-none-eabi/5.2.1/../../../../arm-none-eabi/lib/armv6-m/libstdc++_nano.a(new_op.o)
                              ./src/mbed/TARGET_NUCLEO_F072RB/TOOLCHAIN_GCC_ARM/libmbed.a(FileSystemLike.o) (operator new(unsigned int))
/usr/local/gcc-arm-none-eabi-5_2-2015q4/bin/../lib/gcc/arm-none-eabi/5.2.1/../../../../arm-none-eabi/lib/armv6-m/libstdc++_nano.a(new_handler.o)
[...]
Memory Configuration

Name             Origin             Length             Attributes
FLASH            0x0000000008000000 0x0000000000020000 xr
RAM              0x00000000200000c0 0x0000000000003f40 xrw
*default*        0x0000000000000000 0xffffffffffffffff

Linker script and memory map

LOAD /usr/local/gcc-arm-none-eabi-5_2-2015q4/bin/../lib/gcc/arm-none-eabi/5.2.1/armv6-m/crti.o
LOAD /usr/local/gcc-arm-none-eabi-5_2-2015q4/bin/../lib/gcc/arm-none-eabi/5.2.1/armv6-m/crtbegin.o
LOAD /usr/local/gcc-arm-none-eabi-5_2-2015q4/bin/../lib/gcc/arm-none-eabi/5.2.1/../../../../arm-none-eabi/lib/armv6-m/crt0.o
LOAD src/main.o
LOAD src/ITG3200/ITG3200.o
LOAD src/ADXL345/ADXL345.o
LOAD src/PID/pid.o
LOAD src/motors/motors.o
LOAD src/mbed/TARGET_NUCLEO_F072RB/TOOLCHAIN_GCC_ARM/stm32f0xx_hal_smartcard.o
LOAD src/mbed/TARGET_NUCLEO_F072RB/TOOLCHAIN_GCC_ARM/board.o
LOAD src/mbed/TARGET_NUCLEO_F072RB/TOOLCHAIN_GCC_ARM/cmsis_nvic.o
LOAD src/mbed/TARGET_NUCLEO_F072RB/TOOLCHAIN_GCC_ARM/hal_tick.o
LOAD src/mbed/TARGET_NUCLEO_F072RB/TOOLCHAIN_GCC_ARM/mbed_overrides.o
LOAD src/mbed/TARGET_NUCLEO_F072RB/TOOLCHAIN_GCC_ARM/retarget.o
LOAD src/mbed/TARGET_NUCLEO_F072RB/TOOLCHAIN_GCC_ARM/startup_stm32f072xb.o
LOAD src/mbed/TARGET_NUCLEO_F072RB/TOOLCHAIN_GCC_ARM/stm32f0xx_hal.o
LOAD src/mbed/TARGET_NUCLEO_F072RB/TOOLCHAIN_GCC_ARM/stm32f0xx_hal_adc.o
LOAD src/mbed/TARGET_NUCLEO_F072RB/TOOLCHAIN_GCC_ARM/stm32f0xx_hal_adc_ex.o
LOAD src/mbed/TARGET_NUCLEO_F072RB/TOOLCHAIN_GCC_ARM/stm32f0xx_hal_can.o
LOAD src/mbed/TARGET_NUCLEO_F072RB/TOOLCHAIN_GCC_ARM/stm32f0xx_hal_cec.o
LOAD src/mbed/TARGET_NUCLEO_F072RB/TOOLCHAIN_GCC_ARM/stm32f0xx_hal_comp.o
LOAD src/mbed/TARGET_NUCLEO_F072RB/TOOLCHAIN_GCC_ARM/stm32f0xx_hal_cortex.o
LOAD src/mbed/TARGET_NUCLEO_F072RB/TOOLCHAIN_GCC_ARM/stm32f0xx_hal_crc.o
LOAD src/mbed/TARGET_NUCLEO_F072RB/TOOLCHAIN_GCC_ARM/stm32f0xx_hal_crc_ex.o
LOAD src/mbed/TARGET_NUCLEO_F072RB/TOOLCHAIN_GCC_ARM/stm32f0xx_hal_dac.o
LOAD src/mbed/TARGET_NUCLEO_F072RB/TOOLCHAIN_GCC_ARM/stm32f0xx_hal_dac_ex.o
LOAD src/mbed/TARGET_NUCLEO_F072RB/TOOLCHAIN_GCC_ARM/stm32f0xx_hal_dma.o
LOAD src/mbed/TARGET_NUCLEO_F072RB/TOOLCHAIN_GCC_ARM/stm32f0xx_hal_flash.o
LOAD src/mbed/TARGET_NUCLEO_F072RB/TOOLCHAIN_GCC_ARM/stm32f0xx_hal_flash_ex.o
LOAD src/mbed/TARGET_NUCLEO_F072RB/TOOLCHAIN_GCC_ARM/stm32f0xx_hal_gpio.o
LOAD src/mbed/TARGET_NUCLEO_F072RB/TOOLCHAIN_GCC_ARM/stm32f0xx_hal_i2c.o
LOAD src/mbed/TARGET_NUCLEO_F072RB/TOOLCHAIN_GCC_ARM/stm32f0xx_hal_i2c_ex.o
LOAD src/mbed/TARGET_NUCLEO_F072RB/TOOLCHAIN_GCC_ARM/stm32f0xx_hal_i2s.o
LOAD src/mbed/TARGET_NUCLEO_F072RB/TOOLCHAIN_GCC_ARM/stm32f0xx_hal_irda.o
LOAD src/mbed/TARGET_NUCLEO_F072RB/TOOLCHAIN_GCC_ARM/stm32f0xx_hal_iwdg.o
LOAD src/mbed/TARGET_NUCLEO_F072RB/TOOLCHAIN_GCC_ARM/stm32f0xx_hal_pcd.o
LOAD src/mbed/TARGET_NUCLEO_F072RB/TOOLCHAIN_GCC_ARM/stm32f0xx_hal_pcd_ex.o
LOAD src/mbed/TARGET_NUCLEO_F072RB/TOOLCHAIN_GCC_ARM/stm32f0xx_hal_pwr.o
LOAD src/mbed/TARGET_NUCLEO_F072RB/TOOLCHAIN_GCC_ARM/stm32f0xx_hal_pwr_ex.o
LOAD src/mbed/TARGET_NUCLEO_F072RB/TOOLCHAIN_GCC_ARM/stm32f0xx_hal_rcc.o
LOAD src/mbed/TARGET_NUCLEO_F072RB/TOOLCHAIN_GCC_ARM/stm32f0xx_hal_rcc_ex.o
LOAD src/mbed/TARGET_NUCLEO_F072RB/TOOLCHAIN_GCC_ARM/stm32f0xx_hal_rtc.o
LOAD src/mbed/TARGET_NUCLEO_F072RB/TOOLCHAIN_GCC_ARM/stm32f0xx_hal_rtc_ex.o
LOAD src/mbed/TARGET_NUCLEO_F072RB/TOOLCHAIN_GCC_ARM/stm32f0xx_hal_smartcard_ex.o
LOAD src/mbed/TARGET_NUCLEO_F072RB/TOOLCHAIN_GCC_ARM/stm32f0xx_hal_smbus.o
LOAD src/mbed/TARGET_NUCLEO_F072RB/TOOLCHAIN_GCC_ARM/stm32f0xx_hal_spi.o
LOAD src/mbed/TARGET_NUCLEO_F072RB/TOOLCHAIN_GCC_ARM/stm32f0xx_hal_spi_ex.o
LOAD src/mbed/TARGET_NUCLEO_F072RB/TOOLCHAIN_GCC_ARM/stm32f0xx_hal_tim.o
LOAD src/mbed/TARGET_NUCLEO_F072RB/TOOLCHAIN_GCC_ARM/stm32f0xx_hal_tim_ex.o
LOAD src/mbed/TARGET_NUCLEO_F072RB/TOOLCHAIN_GCC_ARM/stm32f0xx_hal_tsc.o
LOAD src/mbed/TARGET_NUCLEO_F072RB/TOOLCHAIN_GCC_ARM/stm32f0xx_hal_uart.o
LOAD src/mbed/TARGET_NUCLEO_F072RB/TOOLCHAIN_GCC_ARM/stm32f0xx_hal_uart_ex.o
LOAD src/mbed/TARGET_NUCLEO_F072RB/TOOLCHAIN_GCC_ARM/stm32f0xx_hal_usart.o
LOAD src/mbed/TARGET_NUCLEO_F072RB/TOOLCHAIN_GCC_ARM/stm32f0xx_hal_wwdg.o
LOAD src/mbed/TARGET_NUCLEO_F072RB/TOOLCHAIN_GCC_ARM/system_stm32f0xx.o
LOAD ./src/mbed/TARGET_NUCLEO_F072RB/TOOLCHAIN_GCC_ARM/libmbed.a
LOAD /usr/local/gcc-arm-none-eabi-5_2-2015q4/bin/../lib/gcc/arm-none-eabi/5.2.1/../../../../arm-none-eabi/lib/armv6-m/libstdc++_nano.a
LOAD /usr/local/gcc-arm-none-eabi-5_2-2015q4/bin/../lib/gcc/arm-none-eabi/5.2.1/../../../../arm-none-eabi/lib/armv6-m/libsupc++_nano.a
LOAD /usr/local/gcc-arm-none-eabi-5_2-2015q4/bin/../lib/gcc/arm-none-eabi/5.2.1/../../../../arm-none-eabi/lib/armv6-m/libm.a
LOAD /usr/local/gcc-arm-none-eabi-5_2-2015q4/bin/../lib/gcc/arm-none-eabi/5.2.1/../../../../arm-none-eabi/lib/armv6-m/libc_nano.a
LOAD /usr/local/gcc-arm-none-eabi-5_2-2015q4/bin/../lib/gcc/arm-none-eabi/5.2.1/armv6-m/libgcc.a
LOAD /usr/local/gcc-arm-none-eabi-5_2-2015q4/bin/../lib/gcc/arm-none-eabi/5.2.1/../../../../arm-none-eabi/lib/armv6-m/libnosys.a
LOAD ./src/mbed/TARGET_NUCLEO_F072RB/TOOLCHAIN_GCC_ARM/libmbed.a
LOAD /usr/local/gcc-arm-none-eabi-5_2-2015q4/bin/../lib/gcc/arm-none-eabi/5.2.1/../../../../arm-none-eabi/lib/armv6-m/libstdc++_nano.a
LOAD /usr/local/gcc-arm-none-eabi-5_2-2015q4/bin/../lib/gcc/arm-none-eabi/5.2.1/../../../../arm-none-eabi/lib/armv6-m/libsupc++_nano.a
LOAD /usr/local/gcc-arm-none-eabi-5_2-2015q4/bin/../lib/gcc/arm-none-eabi/5.2.1/../../../../arm-none-eabi/lib/armv6-m/libm.a
LOAD /usr/local/gcc-arm-none-eabi-5_2-2015q4/bin/../lib/gcc/arm-none-eabi/5.2.1/../../../../arm-none-eabi/lib/armv6-m/libc_nano.a
LOAD /usr/local/gcc-arm-none-eabi-5_2-2015q4/bin/../lib/gcc/arm-none-eabi/5.2.1/armv6-m/libgcc.a
LOAD /usr/local/gcc-arm-none-eabi-5_2-2015q4/bin/../lib/gcc/arm-none-eabi/5.2.1/../../../../arm-none-eabi/lib/armv6-m/libnosys.a
START GROUP
LOAD /usr/local/gcc-arm-none-eabi-5_2-2015q4/bin/../lib/gcc/arm-none-eabi/5.2.1/armv6-m/libgcc.a
LOAD /usr/local/gcc-arm-none-eabi-5_2-2015q4/bin/../lib/gcc/arm-none-eabi/5.2.1/../../../../arm-none-eabi/lib/armv6-m/libc_nano.a
END GROUP
START GROUP
LOAD /usr/local/gcc-arm-none-eabi-5_2-2015q4/bin/../lib/gcc/arm-none-eabi/5.2.1/armv6-m/libgcc.a
LOAD /usr/local/gcc-arm-none-eabi-5_2-2015q4/bin/../lib/gcc/arm-none-eabi/5.2.1/../../../../arm-none-eabi/lib/armv6-m/libc_nano.a
END GROUP
LOAD /usr/local/gcc-arm-none-eabi-5_2-2015q4/bin/../lib/gcc/arm-none-eabi/5.2.1/armv6-m/crtend.o
LOAD /usr/local/gcc-arm-none-eabi-5_2-2015q4/bin/../lib/gcc/arm-none-eabi/5.2.1/armv6-m/crtn.o

.text           0x0000000008000000     0xabf4
 *(.isr_vector)
 .isr_vector    0x0000000008000000       0xc0 src/mbed/TARGET_NUCLEO_F072RB/TOOLCHAIN_GCC_ARM/startup_stm32f072xb.o
                0x0000000008000000                g_pfnVectors
 *(.text*)
 .text          0x00000000080000c0       0xb4 /usr/local/gcc-arm-none-eabi-5_2-2015q4/bin/../lib/gcc/arm-none-eabi/5.2.1/armv6-m/crtbegin.o
 .text          0x0000000008000174       0x78 /usr/local/gcc-arm-none-eabi-5_2-2015q4/bin/../lib/gcc/arm-none-eabi/5.2.1/../../../../arm-none-eabi/lib/armv6-m/crt0.o
                0x0000000008000174                _mainCRTStartup
                0x0000000008000174                _start
 .text._ZN4mbed10SerialBaseD2Ev
                0x00000000080001ec        0x2 src/main.o
                0x00000000080001ec                mbed::SerialBase::~SerialBase()
                0x00000000080001ec                mbed::SerialBase::~SerialBase()
 *fill*         0x00000000080001ee        0x2 
 .text._ZN4mbed6SerialD2Ev
                0x00000000080001f0       0x48 src/main.o
                0x00000000080001f0                mbed::Serial::~Serial()
                0x00000000080001f0                mbed::Serial::~Serial()
                0x0000000008000218                non-virtual thunk to mbed::Serial::~Serial()
                0x0000000008000228                non-virtual thunk to mbed::Serial::~Serial()
 .text._ZN4mbed10SerialBaseD0Ev
                0x0000000008000238        0xc src/main.o
                0x0000000008000238                mbed::SerialBase::~SerialBase()
 .text._Z7InitIMUv
                0x0000000008000244       0x40 src/main.o
                0x0000000008000244                InitIMU()
 .text._Z20GetAngleMeasurementsv
                0x0000000008000284      0x1cc src/main.o
                0x0000000008000284                GetAngleMeasurements()
 .text._Z13ControlUpdatev
                0x0000000008000450       0x88 src/main.o
                0x0000000008000450                ControlUpdate()
 .text.startup.main
                0x00000000080004d8       0x54 src/main.o
                0x00000000080004d8                main
 .text._ZN4mbed6SerialD0Ev
                0x000000000800052c       0x34 src/main.o
                0x000000000800052c                mbed::Serial::~Serial()
                0x000000000800053e                non-virtual thunk to mbed::Serial::~Serial()
                0x0000000008000550                non-virtual thunk to mbed::Serial::~Serial()
 .text.startup._GLOBAL__sub_I_pc
                0x0000000008000560       0x44 src/main.o
 .text._ZN7ITG3200C2E7PinNameS0_
                0x00000000080005a4       0x34 src/ITG3200/ITG3200.o
                0x00000000080005a4                ITG3200::ITG3200(PinName, PinName)
                0x00000000080005a4                ITG3200::ITG3200(PinName, PinName)
 .text._ZN7ITG320020setSampleRateDividerEc
                0x00000000080005d8       0x1a src/ITG3200/ITG3200.o
                0x00000000080005d8                ITG3200::setSampleRateDivider(char)
 .text._ZN7ITG320014setLpBandwidthEc
                0x00000000080005f2       0x1e src/ITG3200/ITG3200.o
                0x00000000080005f2                ITG3200::setLpBandwidth(char)
 .text._ZN7ADXL345C2E7PinNameS0_
                0x0000000008000610       0x20 src/ADXL345/ADXL345.o
                0x0000000008000610                ADXL345::ADXL345(PinName, PinName)
                0x0000000008000610                ADXL345::ADXL345(PinName, PinName)
 .text._ZN7ADXL34511setDataRateEh
                0x0000000008000630       0x56 src/ADXL345/ADXL345.o
                0x0000000008000630                ADXL345::setDataRate(unsigned char)
 .text._ZN7ADXL34515setPowerControlEh
                0x0000000008000686       0x1a src/ADXL345/ADXL345.o
                0x0000000008000686                ADXL345::setPowerControl(unsigned char)
 .text._ZN7ADXL34520getDataFormatControlEv
                0x00000000080006a0       0x30 src/ADXL345/ADXL345.o
                0x00000000080006a0                ADXL345::getDataFormatControl()
 .text._ZN7ADXL34520setDataFormatControlEh
                0x00000000080006d0       0x1a src/ADXL345/ADXL345.o
                0x00000000080006d0                ADXL345::setDataFormatControl(unsigned char)
 .text._ZN7ADXL34512getRawOutputEPs
                0x00000000080006ea       0x4e src/ADXL345/ADXL345.o
                0x00000000080006ea                ADXL345::getRawOutput(short*)
 .text._ZN7ADXL3459getAccelGEv
                0x0000000008000738       0x84 src/ADXL345/ADXL345.o
                0x0000000008000738                ADXL345::getAccelG()
 .text._ZN3PID10SetTuningsEfff
                0x00000000080007bc       0x88 src/PID/pid.o
                0x00000000080007bc                PID::SetTunings(float, float, float)
 .text._ZN3PID22SetControllerDirectionEi
                0x0000000008000844       0x38 src/PID/pid.o
                0x0000000008000844                PID::SetControllerDirection(int)
 .text._ZN3PIDC2EPfS0_S0_fffi
                0x000000000800087c       0x48 src/PID/pid.o
                0x000000000800087c                PID::PID(float*, float*, float*, float, float, float, int)
                0x000000000800087c                PID::PID(float*, float*, float*, float, float, float, int)
 .text._Z7PIDInitv
                0x00000000080008c4        0x2 src/PID/pid.o
                0x00000000080008c4                PIDInit()
 *fill*         0x00000000080008c6        0x2 
 .text._Z9PIDUpdatev
                0x00000000080008c8       0x34 src/PID/pid.o
                0x00000000080008c8                PIDUpdate()
 .text._Z10PIDComputev
                0x00000000080008fc        0x2 src/PID/pid.o
                0x00000000080008fc                PIDCompute()
 *fill*         0x00000000080008fe        0x2 
 .text.startup._GLOBAL__sub_I_roll_controller
                0x0000000008000900       0x34 src/PID/pid.o
 .text._Z10InitMotorsv
                0x0000000008000934       0x64 src/motors/motors.o
                0x0000000008000934                InitMotors()
 .text._Z9ArmMotorsv
                0x0000000008000998       0x38 src/motors/motors.o
                0x0000000008000998                ArmMotors()
 .text._Z12UpdateMotorsPiS_S_S_
                0x00000000080009d0       0xa4 src/motors/motors.o
                0x00000000080009d0                UpdateMotors(int*, int*, int*, int*)
 .text.startup._GLOBAL__sub_I_esc1
                0x0000000008000a74       0x34 src/motors/motors.o
 .text.mbed_die
                0x0000000008000aa8       0x14 src/mbed/TARGET_NUCLEO_F072RB/TOOLCHAIN_GCC_ARM/board.o
                0x0000000008000aa8                mbed_die
 .text.NVIC_SetVector
                0x0000000008000abc       0x48 src/mbed/TARGET_NUCLEO_F072RB/TOOLCHAIN_GCC_ARM/cmsis_nvic.o
                0x0000000008000abc                NVIC_SetVector
 .text.timer_irq_handler
                0x0000000008000b04       0x54 src/mbed/TARGET_NUCLEO_F072RB/TOOLCHAIN_GCC_ARM/hal_tick.o
                0x0000000008000b04                timer_irq_handler
 .text.HAL_InitTick
                0x0000000008000b58       0xac src/mbed/TARGET_NUCLEO_F072RB/TOOLCHAIN_GCC_ARM/hal_tick.o
                0x0000000008000b58                HAL_InitTick
 .text.mbed_sdk_init
                0x0000000008000c04        0xc src/mbed/TARGET_NUCLEO_F072RB/TOOLCHAIN_GCC_ARM/mbed_overrides.o
                0x0000000008000c04                mbed_sdk_init
 .text._ZN4mbed10FileHandle4flenEv
                0x0000000008000c10       0x34 src/mbed/TARGET_NUCLEO_F072RB/TOOLCHAIN_GCC_ARM/retarget.o
                0x0000000008000c10                mbed::FileHandle::flen()
 .text._ZL11init_serialv.part.0
                0x0000000008000c44       0x14 src/mbed/TARGET_NUCLEO_F072RB/TOOLCHAIN_GCC_ARM/retarget.o
 .text._ZN4mbed10FileHandleD2Ev
                0x0000000008000c58       0x30 src/mbed/TARGET_NUCLEO_F072RB/TOOLCHAIN_GCC_ARM/retarget.o
                0x0000000008000c58                mbed::FileHandle::~FileHandle()
                0x0000000008000c58                mbed::FileHandle::~FileHandle()
 .text._open    0x0000000008000c88       0xf8 src/mbed/TARGET_NUCLEO_F072RB/TOOLCHAIN_GCC_ARM/retarget.o
                0x0000000008000c88                _open
 .text._close   0x0000000008000d80       0x2c src/mbed/TARGET_NUCLEO_F072RB/TOOLCHAIN_GCC_ARM/retarget.o
                0x0000000008000d80                _close
 .text._write   0x0000000008000dac       0x58 src/mbed/TARGET_NUCLEO_F072RB/TOOLCHAIN_GCC_ARM/retarget.o
                0x0000000008000dac                _write
 .text._read    0x0000000008000e04       0x48 src/mbed/TARGET_NUCLEO_F072RB/TOOLCHAIN_GCC_ARM/retarget.o
                0x0000000008000e04                _read
 .text._isatty  0x0000000008000e4c       0x28 src/mbed/TARGET_NUCLEO_F072RB/TOOLCHAIN_GCC_ARM/retarget.o
                0x0000000008000e4c                _isatty
 .text._lseek   0x0000000008000e74       0x28 src/mbed/TARGET_NUCLEO_F072RB/TOOLCHAIN_GCC_ARM/retarget.o
                0x0000000008000e74                _lseek
 .text._fstat   0x0000000008000e9c       0x20 src/mbed/TARGET_NUCLEO_F072RB/TOOLCHAIN_GCC_ARM/retarget.o
                0x0000000008000e9c                _fstat
 .text.__cxa_pure_virtual
                0x0000000008000ebc        0x8 src/mbed/TARGET_NUCLEO_F072RB/TOOLCHAIN_GCC_ARM/retarget.o
                0x0000000008000ebc                __cxa_pure_virtual
 .text.mbed_main
                0x0000000008000ec4        0x4 src/mbed/TARGET_NUCLEO_F072RB/TOOLCHAIN_GCC_ARM/retarget.o
                0x0000000008000ec4                mbed_main
 .text.__wrap_main
                0x0000000008000ec8       0x10 src/mbed/TARGET_NUCLEO_F072RB/TOOLCHAIN_GCC_ARM/retarget.o
                0x0000000008000ec8                __wrap_main
 .text._sbrk    0x0000000008000ed8       0x28 src/mbed/TARGET_NUCLEO_F072RB/TOOLCHAIN_GCC_ARM/retarget.o
                0x0000000008000ed8                _sbrk
 .text._exit    0x0000000008000f00       0x28 src/mbed/TARGET_NUCLEO_F072RB/TOOLCHAIN_GCC_ARM/retarget.o
                0x0000000008000f00                _exit
 .text._ZN4mbed26mbed_set_unbuffered_streamEP7__sFILE
                0x0000000008000f28        0xc src/mbed/TARGET_NUCLEO_F072RB/TOOLCHAIN_GCC_ARM/retarget.o
                0x0000000008000f28                mbed::mbed_set_unbuffered_stream(__sFILE*)
 .text.Reset_Handler
                0x0000000008000f34       0x4c src/mbed/TARGET_NUCLEO_F072RB/TOOLCHAIN_GCC_ARM/startup_stm32f072xb.o
                0x0000000008000f34                Reset_Handler
 .text.Default_Handler
                0x0000000008000f80        0x2 src/mbed/TARGET_NUCLEO_F072RB/TOOLCHAIN_GCC_ARM/startup_stm32f072xb.o
                0x0000000008000f80                TIM1_BRK_UP_TRG_COM_IRQHandler
                0x0000000008000f80                TSC_IRQHandler
                0x0000000008000f80                HardFault_Handler
                0x0000000008000f80                ADC1_COMP_IRQHandler
                0x0000000008000f80                SysTick_Handler
                0x0000000008000f80                PendSV_Handler
                0x0000000008000f80                NMI_Handler
                0x0000000008000f80                I2C1_IRQHandler
                0x0000000008000f80                RCC_CRS_IRQHandler
                0x0000000008000f80                SPI1_IRQHandler
                0x0000000008000f80                TIM6_DAC_IRQHandler
                0x0000000008000f80                USART3_4_IRQHandler
                0x0000000008000f80                EXTI2_3_IRQHandler
                0x0000000008000f80                I2C2_IRQHandler
                0x0000000008000f80                TIM17_IRQHandler
                0x0000000008000f80                CEC_CAN_IRQHandler
                0x0000000008000f80                RTC_IRQHandler
                0x0000000008000f80                PVD_VDDIO2_IRQHandler
                0x0000000008000f80                DMA1_Channel4_5_6_7_IRQHandler
                0x0000000008000f80                TIM16_IRQHandler
                0x0000000008000f80                TIM3_IRQHandler
                0x0000000008000f80                EXTI4_15_IRQHandler
                0x0000000008000f80                DMA1_Channel1_IRQHandler
                0x0000000008000f80                Default_Handler
                0x0000000008000f80                TIM14_IRQHandler
                0x0000000008000f80                TIM7_IRQHandler
                0x0000000008000f80                TIM15_IRQHandler
                0x0000000008000f80                EXTI0_1_IRQHandler
                0x0000000008000f80                USB_IRQHandler
                0x0000000008000f80                SPI2_IRQHandler
                0x0000000008000f80                SVC_Handler
                0x0000000008000f80                WWDG_IRQHandler
                0x0000000008000f80                TIM2_IRQHandler
                0x0000000008000f80                DMA1_Channel2_3_IRQHandler
                0x0000000008000f80                USART2_IRQHandler
                0x0000000008000f80                FLASH_IRQHandler
                0x0000000008000f80                USART1_IRQHandler
                0x0000000008000f80                TIM1_CC_IRQHandler
 *fill*         0x0000000008000f82        0x2 
 .text.HAL_MspInit
                0x0000000008000f84        0x4 src/mbed/TARGET_NUCLEO_F072RB/TOOLCHAIN_GCC_ARM/stm32f0xx_hal.o
                0x0000000008000f84                HAL_MspInit
 .text.HAL_Init
                0x0000000008000f88       0x20 src/mbed/TARGET_NUCLEO_F072RB/TOOLCHAIN_GCC_ARM/stm32f0xx_hal.o
                0x0000000008000f88                HAL_Init
 .text.HAL_IncTick
                0x0000000008000fa8       0x10 src/mbed/TARGET_NUCLEO_F072RB/TOOLCHAIN_GCC_ARM/stm32f0xx_hal.o
                0x0000000008000fa8                HAL_IncTick
 .text.HAL_GetTick
                0x0000000008000fb8        0xc src/mbed/TARGET_NUCLEO_F072RB/TOOLCHAIN_GCC_ARM/stm32f0xx_hal.o
                0x0000000008000fb8                HAL_GetTick
 .text.HAL_GPIO_Init
                0x0000000008000fc4      0x1ec src/mbed/TARGET_NUCLEO_F072RB/TOOLCHAIN_GCC_ARM/stm32f0xx_hal_gpio.o
                0x0000000008000fc4                HAL_GPIO_Init
 .text.HAL_I2C_MspInit
                0x00000000080011b0        0x4 src/mbed/TARGET_NUCLEO_F072RB/TOOLCHAIN_GCC_ARM/stm32f0xx_hal_i2c.o
                0x00000000080011b0                HAL_I2C_MspInit
 .text.HAL_I2C_Init
                0x00000000080011b4       0xac src/mbed/TARGET_NUCLEO_F072RB/TOOLCHAIN_GCC_ARM/stm32f0xx_hal_i2c.o
                0x00000000080011b4                HAL_I2C_Init
 .text.HAL_PWR_EnableBkUpAccess
                0x0000000008001260       0x14 src/mbed/TARGET_NUCLEO_F072RB/TOOLCHAIN_GCC_ARM/stm32f0xx_hal_pwr.o
                0x0000000008001260                HAL_PWR_EnableBkUpAccess
 .text.HAL_RCC_OscConfig
                0x0000000008001274      0x53c src/mbed/TARGET_NUCLEO_F072RB/TOOLCHAIN_GCC_ARM/stm32f0xx_hal_rcc.o
                0x0000000008001274                HAL_RCC_OscConfig
 .text.HAL_RCC_ClockConfig
                0x00000000080017b0      0x230 src/mbed/TARGET_NUCLEO_F072RB/TOOLCHAIN_GCC_ARM/stm32f0xx_hal_rcc.o
                0x00000000080017b0                HAL_RCC_ClockConfig
 .text.HAL_RCC_GetSysClockFreq
                0x00000000080019e0       0x84 src/mbed/TARGET_NUCLEO_F072RB/TOOLCHAIN_GCC_ARM/stm32f0xx_hal_rcc.o
                0x00000000080019e0                HAL_RCC_GetSysClockFreq
 .text.HAL_RCC_GetHCLKFreq
                0x0000000008001a64       0x28 src/mbed/TARGET_NUCLEO_F072RB/TOOLCHAIN_GCC_ARM/stm32f0xx_hal_rcc.o
                0x0000000008001a64                HAL_RCC_GetHCLKFreq
 .text.HAL_RCC_GetPCLK1Freq
                0x0000000008001a8c       0x20 src/mbed/TARGET_NUCLEO_F072RB/TOOLCHAIN_GCC_ARM/stm32f0xx_hal_rcc.o
                0x0000000008001a8c                HAL_RCC_GetPCLK1Freq
 .text.HAL_RTC_MspInit
                0x0000000008001aac        0x4 src/mbed/TARGET_NUCLEO_F072RB/TOOLCHAIN_GCC_ARM/stm32f0xx_hal_rtc.o
                0x0000000008001aac                HAL_RTC_MspInit
 .text.HAL_RTC_GetTime
                0x0000000008001ab0       0x5c src/mbed/TARGET_NUCLEO_F072RB/TOOLCHAIN_GCC_ARM/stm32f0xx_hal_rtc.o
                0x0000000008001ab0                HAL_RTC_GetTime
 .text.HAL_RTC_GetDate
                0x0000000008001b0c       0x54 src/mbed/TARGET_NUCLEO_F072RB/TOOLCHAIN_GCC_ARM/stm32f0xx_hal_rtc.o
                0x0000000008001b0c                HAL_RTC_GetDate
 .text.HAL_RTC_WaitForSynchro
                0x0000000008001b60       0x38 src/mbed/TARGET_NUCLEO_F072RB/TOOLCHAIN_GCC_ARM/stm32f0xx_hal_rtc.o
                0x0000000008001b60                HAL_RTC_WaitForSynchro
 .text.RTC_EnterInitMode
                0x0000000008001b98       0x3c src/mbed/TARGET_NUCLEO_F072RB/TOOLCHAIN_GCC_ARM/stm32f0xx_hal_rtc.o
                0x0000000008001b98                RTC_EnterInitMode
 .text.HAL_RTC_Init
                0x0000000008001bd4       0x94 src/mbed/TARGET_NUCLEO_F072RB/TOOLCHAIN_GCC_ARM/stm32f0xx_hal_rtc.o
                0x0000000008001bd4                HAL_RTC_Init
 .text.HAL_RTC_SetTime
                0x0000000008001c68      0x130 src/mbed/TARGET_NUCLEO_F072RB/TOOLCHAIN_GCC_ARM/stm32f0xx_hal_rtc.o
                0x0000000008001c68                HAL_RTC_SetTime
 .text.HAL_RTC_SetDate
                0x0000000008001d98      0x100 src/mbed/TARGET_NUCLEO_F072RB/TOOLCHAIN_GCC_ARM/stm32f0xx_hal_rtc.o
                0x0000000008001d98                HAL_RTC_SetDate
 .text.TIM_OC1_SetConfig
                0x0000000008001e98       0x74 src/mbed/TARGET_NUCLEO_F072RB/TOOLCHAIN_GCC_ARM/stm32f0xx_hal_tim.o
 .text.TIM_OC3_SetConfig
                0x0000000008001f0c       0x8c src/mbed/TARGET_NUCLEO_F072RB/TOOLCHAIN_GCC_ARM/stm32f0xx_hal_tim.o
 .text.TIM_OC4_SetConfig
                0x0000000008001f98       0x74 src/mbed/TARGET_NUCLEO_F072RB/TOOLCHAIN_GCC_ARM/stm32f0xx_hal_tim.o
 .text.HAL_TIM_OC_MspInit
                0x000000000800200c        0x4 src/mbed/TARGET_NUCLEO_F072RB/TOOLCHAIN_GCC_ARM/stm32f0xx_hal_tim.o
                0x000000000800200c                HAL_TIM_OC_MspInit
 .text.HAL_TIM_OC_Start
                0x0000000008002010       0x54 src/mbed/TARGET_NUCLEO_F072RB/TOOLCHAIN_GCC_ARM/stm32f0xx_hal_tim.o
                0x0000000008002010                HAL_TIM_OC_Start
 .text.HAL_TIM_PWM_MspInit
                0x0000000008002064        0x4 src/mbed/TARGET_NUCLEO_F072RB/TOOLCHAIN_GCC_ARM/stm32f0xx_hal_tim.o
                0x0000000008002064                HAL_TIM_PWM_MspInit
 .text.HAL_TIM_PWM_Start
                0x0000000008002068       0x54 src/mbed/TARGET_NUCLEO_F072RB/TOOLCHAIN_GCC_ARM/stm32f0xx_hal_tim.o
                0x0000000008002068                HAL_TIM_PWM_Start
 .text.TIM_Base_SetConfig
                0x00000000080020bc       0xc8 src/mbed/TARGET_NUCLEO_F072RB/TOOLCHAIN_GCC_ARM/stm32f0xx_hal_tim.o
                0x00000000080020bc                TIM_Base_SetConfig
 .text.HAL_TIM_OC_Init
                0x0000000008002184       0x38 src/mbed/TARGET_NUCLEO_F072RB/TOOLCHAIN_GCC_ARM/stm32f0xx_hal_tim.o
                0x0000000008002184                HAL_TIM_OC_Init
 .text.HAL_TIM_PWM_Init
                0x00000000080021bc       0x38 src/mbed/TARGET_NUCLEO_F072RB/TOOLCHAIN_GCC_ARM/stm32f0xx_hal_tim.o
                0x00000000080021bc                HAL_TIM_PWM_Init
 .text.TIM_OC2_SetConfig
                0x00000000080021f4       0x80 src/mbed/TARGET_NUCLEO_F072RB/TOOLCHAIN_GCC_ARM/stm32f0xx_hal_tim.o
                0x00000000080021f4                TIM_OC2_SetConfig
 .text.HAL_TIM_PWM_ConfigChannel
                0x0000000008002274       0xd0 src/mbed/TARGET_NUCLEO_F072RB/TOOLCHAIN_GCC_ARM/stm32f0xx_hal_tim.o
                0x0000000008002274                HAL_TIM_PWM_ConfigChannel
 .text.HAL_TIMEx_PWMN_Start
                0x0000000008002344       0x2c src/mbed/TARGET_NUCLEO_F072RB/TOOLCHAIN_GCC_ARM/stm32f0xx_hal_tim_ex.o
                0x0000000008002344                HAL_TIMEx_PWMN_Start
 .text.HAL_UART_MspInit
                0x0000000008002370        0x4 src/mbed/TARGET_NUCLEO_F072RB/TOOLCHAIN_GCC_ARM/stm32f0xx_hal_uart.o
                0x0000000008002370                HAL_UART_MspInit
 .text.UART_SetConfig
                0x0000000008002374      0x17c src/mbed/TARGET_NUCLEO_F072RB/TOOLCHAIN_GCC_ARM/stm32f0xx_hal_uart.o
                0x0000000008002374                UART_SetConfig
 .text.UART_AdvFeatureConfig
                0x00000000080024f0       0xd0 src/mbed/TARGET_NUCLEO_F072RB/TOOLCHAIN_GCC_ARM/stm32f0xx_hal_uart.o
                0x00000000080024f0                UART_AdvFeatureConfig
 .text.UART_WaitOnFlagUntilTimeout
                0x00000000080025c0       0x94 src/mbed/TARGET_NUCLEO_F072RB/TOOLCHAIN_GCC_ARM/stm32f0xx_hal_uart.o
                0x00000000080025c0                UART_WaitOnFlagUntilTimeout
 .text.UART_CheckIdleState
                0x0000000008002654       0x6c src/mbed/TARGET_NUCLEO_F072RB/TOOLCHAIN_GCC_ARM/stm32f0xx_hal_uart.o
                0x0000000008002654                UART_CheckIdleState
 .text.HAL_UART_Init
                0x00000000080026c0       0x70 src/mbed/TARGET_NUCLEO_F072RB/TOOLCHAIN_GCC_ARM/stm32f0xx_hal_uart.o
                0x00000000080026c0                HAL_UART_Init
 .text.SystemCoreClockUpdate
                0x0000000008002730       0x70 src/mbed/TARGET_NUCLEO_F072RB/TOOLCHAIN_GCC_ARM/system_stm32f0xx.o
                0x0000000008002730                SystemCoreClockUpdate
 .text.SetSysClock_PLL_HSE
                0x00000000080027a0       0x84 src/mbed/TARGET_NUCLEO_F072RB/TOOLCHAIN_GCC_ARM/system_stm32f0xx.o
                0x00000000080027a0                SetSysClock_PLL_HSE
 .text.SetSysClock_PLL_HSI
                0x0000000008002824       0x58 src/mbed/TARGET_NUCLEO_F072RB/TOOLCHAIN_GCC_ARM/system_stm32f0xx.o
                0x0000000008002824                SetSysClock_PLL_HSI
 .text.SetSysClock
                0x000000000800287c       0x20 src/mbed/TARGET_NUCLEO_F072RB/TOOLCHAIN_GCC_ARM/system_stm32f0xx.o
                0x000000000800287c                SetSysClock
 .text.SystemInit
                0x000000000800289c       0x88 src/mbed/TARGET_NUCLEO_F072RB/TOOLCHAIN_GCC_ARM/system_stm32f0xx.o
                0x000000000800289c                SystemInit
 .text.init_uart
                0x0000000008002924       0x54 ./src/mbed/TARGET_NUCLEO_F072RB/TOOLCHAIN_GCC_ARM/libmbed.a(serial_api.o)
 .text.serial_init
                0x0000000008002978      0x154 ./src/mbed/TARGET_NUCLEO_F072RB/TOOLCHAIN_GCC_ARM/libmbed.a(serial_api.o)
                0x0000000008002978                serial_init
 .text.serial_irq_handler
                0x0000000008002acc       0x18 ./src/mbed/TARGET_NUCLEO_F072RB/TOOLCHAIN_GCC_ARM/libmbed.a(serial_api.o)
                0x0000000008002acc                serial_irq_handler
 .text.serial_getc
                0x0000000008002ae4       0x1c ./src/mbed/TARGET_NUCLEO_F072RB/TOOLCHAIN_GCC_ARM/libmbed.a(serial_api.o)
                0x0000000008002ae4                serial_getc
 .text.serial_putc
                0x0000000008002b00       0x1c ./src/mbed/TARGET_NUCLEO_F072RB/TOOLCHAIN_GCC_ARM/libmbed.a(serial_api.o)
                0x0000000008002b00                serial_putc
 .text.pwmout_write
                0x0000000008002b1c       0xa4 ./src/mbed/TARGET_NUCLEO_F072RB/TOOLCHAIN_GCC_ARM/libmbed.a(pwmout_api.o)
                0x0000000008002b1c                pwmout_write
 .text.pwmout_period_us
                0x0000000008002bc0       0xb4 ./src/mbed/TARGET_NUCLEO_F072RB/TOOLCHAIN_GCC_ARM/libmbed.a(pwmout_api.o)
                0x0000000008002bc0                pwmout_period_us
 .text.pwmout_init
                0x0000000008002c74      0x124 ./src/mbed/TARGET_NUCLEO_F072RB/TOOLCHAIN_GCC_ARM/libmbed.a(pwmout_api.o)
                0x0000000008002c74                pwmout_init
 .text.pwmout_period
                0x0000000008002d98       0x20 ./src/mbed/TARGET_NUCLEO_F072RB/TOOLCHAIN_GCC_ARM/libmbed.a(pwmout_api.o)
                0x0000000008002d98                pwmout_period
 .text.pwmout_pulsewidth_us
                0x0000000008002db8       0x24 ./src/mbed/TARGET_NUCLEO_F072RB/TOOLCHAIN_GCC_ARM/libmbed.a(pwmout_api.o)
                0x0000000008002db8                pwmout_pulsewidth_us
 .text._ZN4mbed8FilePathC2EPKc
                0x0000000008002ddc       0x58 ./src/mbed/TARGET_NUCLEO_F072RB/TOOLCHAIN_GCC_ARM/libmbed.a(FilePath.o)
                0x0000000008002ddc                mbed::FilePath::FilePath(char const*)
                0x0000000008002ddc                mbed::FilePath::FilePath(char const*)
 .text._ZN4mbed8FilePath8fileNameEv
                0x0000000008002e34        0x4 ./src/mbed/TARGET_NUCLEO_F072RB/TOOLCHAIN_GCC_ARM/libmbed.a(FilePath.o)
                0x0000000008002e34                mbed::FilePath::fileName()
 .text._ZN4mbed8FilePath10fileSystemEv
                0x0000000008002e38       0x1c ./src/mbed/TARGET_NUCLEO_F072RB/TOOLCHAIN_GCC_ARM/libmbed.a(FilePath.o)
                0x0000000008002e38                mbed::FilePath::fileSystem()
 .text._ZN4mbed8FilePath6isFileEv
                0x0000000008002e54       0x18 ./src/mbed/TARGET_NUCLEO_F072RB/TOOLCHAIN_GCC_ARM/libmbed.a(FilePath.o)
                0x0000000008002e54                mbed::FilePath::isFile()
 .text._ZN4mbed8FilePath4fileEv
                0x0000000008002e6c       0x24 ./src/mbed/TARGET_NUCLEO_F072RB/TOOLCHAIN_GCC_ARM/libmbed.a(FilePath.o)
                0x0000000008002e6c                mbed::FilePath::file()
 .text._ZN4mbed8FilePath6existsEv
                0x0000000008002e90        0xc ./src/mbed/TARGET_NUCLEO_F072RB/TOOLCHAIN_GCC_ARM/libmbed.a(FilePath.o)
                0x0000000008002e90                mbed::FilePath::exists()
 .text._ZN4mbed3I2CC2E7PinNameS1_
                0x0000000008002e9c       0x20 ./src/mbed/TARGET_NUCLEO_F072RB/TOOLCHAIN_GCC_ARM/libmbed.a(I2C.o)
                0x0000000008002e9c                mbed::I2C::I2C(PinName, PinName)
                0x0000000008002e9c                mbed::I2C::I2C(PinName, PinName)
 .text._ZN4mbed3I2C9frequencyEi
                0x0000000008002ebc       0x14 ./src/mbed/TARGET_NUCLEO_F072RB/TOOLCHAIN_GCC_ARM/libmbed.a(I2C.o)
                0x0000000008002ebc                mbed::I2C::frequency(int)
 .text._ZN4mbed3I2C6aquireEv
                0x0000000008002ed0       0x1c ./src/mbed/TARGET_NUCLEO_F072RB/TOOLCHAIN_GCC_ARM/libmbed.a(I2C.o)
                0x0000000008002ed0                mbed::I2C::aquire()
 .text._ZN4mbed3I2C5writeEiPKcib
                0x0000000008002eec       0x3c ./src/mbed/TARGET_NUCLEO_F072RB/TOOLCHAIN_GCC_ARM/libmbed.a(I2C.o)
                0x0000000008002eec                mbed::I2C::write(int, char const*, int, bool)
 .text._ZN4mbed3I2C4readEiPcib
                0x0000000008002f28       0x3c ./src/mbed/TARGET_NUCLEO_F072RB/TOOLCHAIN_GCC_ARM/libmbed.a(I2C.o)
                0x0000000008002f28                mbed::I2C::read(int, char*, int, bool)
 .text._ZN4mbed6Serial5_getcEv
                0x0000000008002f64        0x8 ./src/mbed/TARGET_NUCLEO_F072RB/TOOLCHAIN_GCC_ARM/libmbed.a(Serial.o)
                0x0000000008002f64                mbed::Serial::_getc()
 .text._ZThn84_N4mbed6Serial5_getcEv
                0x0000000008002f6c       0x10 ./src/mbed/TARGET_NUCLEO_F072RB/TOOLCHAIN_GCC_ARM/libmbed.a(Serial.o)
                0x0000000008002f6c                non-virtual thunk to mbed::Serial::_getc()
 .text._ZN4mbed6Serial5_putcEi
                0x0000000008002f7c        0x8 ./src/mbed/TARGET_NUCLEO_F072RB/TOOLCHAIN_GCC_ARM/libmbed.a(Serial.o)
                0x0000000008002f7c                mbed::Serial::_putc(int)
 .text._ZThn84_N4mbed6Serial5_putcEi
                0x0000000008002f84       0x10 ./src/mbed/TARGET_NUCLEO_F072RB/TOOLCHAIN_GCC_ARM/libmbed.a(Serial.o)
                0x0000000008002f84                non-virtual thunk to mbed::Serial::_putc(int)
 .text._ZN4mbed6SerialC2E7PinNameS1_PKc
                0x0000000008002f94       0x30 ./src/mbed/TARGET_NUCLEO_F072RB/TOOLCHAIN_GCC_ARM/libmbed.a(Serial.o)
                0x0000000008002f94                mbed::Serial::Serial(PinName, PinName, char const*)
                0x0000000008002f94                mbed::Serial::Serial(PinName, PinName, char const*)
 .text._ZN4mbed10SerialBase12_irq_handlerEm9SerialIrq
                0x0000000008002fc4       0x28 ./src/mbed/TARGET_NUCLEO_F072RB/TOOLCHAIN_GCC_ARM/libmbed.a(SerialBase.o)
                0x0000000008002fc4                mbed::SerialBase::_irq_handler(unsigned long, SerialIrq)
 .text._ZN4mbed10SerialBaseC2E7PinNameS1_
                0x0000000008002fec       0x48 ./src/mbed/TARGET_NUCLEO_F072RB/TOOLCHAIN_GCC_ARM/libmbed.a(SerialBase.o)
                0x0000000008002fec                mbed::SerialBase::SerialBase(PinName, PinName)
                0x0000000008002fec                mbed::SerialBase::SerialBase(PinName, PinName)
 .text._ZN4mbed10SerialBase10_base_getcEv
                0x0000000008003034        0xc ./src/mbed/TARGET_NUCLEO_F072RB/TOOLCHAIN_GCC_ARM/libmbed.a(SerialBase.o)
                0x0000000008003034                mbed::SerialBase::_base_getc()
 .text._ZN4mbed10SerialBase10_base_putcEi
                0x0000000008003040       0x10 ./src/mbed/TARGET_NUCLEO_F072RB/TOOLCHAIN_GCC_ARM/libmbed.a(SerialBase.o)
                0x0000000008003040                mbed::SerialBase::_base_putc(int)
 .text._ZN4mbed6Stream5closeEv
                0x0000000008003050        0x4 ./src/mbed/TARGET_NUCLEO_F072RB/TOOLCHAIN_GCC_ARM/libmbed.a(Stream.o)
                0x0000000008003050                mbed::Stream::close()
 .text._ZN4mbed6Stream5writeEPKvj
                0x0000000008003054       0x2c ./src/mbed/TARGET_NUCLEO_F072RB/TOOLCHAIN_GCC_ARM/libmbed.a(Stream.o)
                0x0000000008003054                mbed::Stream::write(void const*, unsigned int)
 .text._ZN4mbed6Stream4readEPvj
                0x0000000008003080       0x2c ./src/mbed/TARGET_NUCLEO_F072RB/TOOLCHAIN_GCC_ARM/libmbed.a(Stream.o)
                0x0000000008003080                mbed::Stream::read(void*, unsigned int)
 .text._ZN4mbed6Stream5lseekEli
                0x00000000080030ac        0x4 ./src/mbed/TARGET_NUCLEO_F072RB/TOOLCHAIN_GCC_ARM/libmbed.a(Stream.o)
                0x00000000080030ac                mbed::Stream::lseek(long, int)
 .text._ZN4mbed6Stream6isattyEv
                0x00000000080030b0        0x4 ./src/mbed/TARGET_NUCLEO_F072RB/TOOLCHAIN_GCC_ARM/libmbed.a(Stream.o)
                0x00000000080030b0                mbed::Stream::isatty()
 .text._ZN4mbed6Stream5fsyncEv
                0x00000000080030b4        0x4 ./src/mbed/TARGET_NUCLEO_F072RB/TOOLCHAIN_GCC_ARM/libmbed.a(Stream.o)
                0x00000000080030b4                mbed::Stream::fsync()
 .text._ZN4mbed6Stream4flenEv
                0x00000000080030b8        0x4 ./src/mbed/TARGET_NUCLEO_F072RB/TOOLCHAIN_GCC_ARM/libmbed.a(Stream.o)
                0x00000000080030b8                mbed::Stream::flen()
 .text._ZN4mbed6StreamC2EPKc
                0x00000000080030bc       0x44 ./src/mbed/TARGET_NUCLEO_F072RB/TOOLCHAIN_GCC_ARM/libmbed.a(Stream.o)
                0x00000000080030bc                mbed::Stream::Stream(char const*)
                0x00000000080030bc                mbed::Stream::Stream(char const*)
 .text._ZN4mbed6StreamD2Ev
                0x0000000008003100       0x24 ./src/mbed/TARGET_NUCLEO_F072RB/TOOLCHAIN_GCC_ARM/libmbed.a(Stream.o)
                0x0000000008003100                mbed::Stream::~Stream()
                0x0000000008003100                mbed::Stream::~Stream()
 .text._ZN4mbed6Stream6printfEPKcz
                0x0000000008003124       0x28 ./src/mbed/TARGET_NUCLEO_F072RB/TOOLCHAIN_GCC_ARM/libmbed.a(Stream.o)
                0x0000000008003124                mbed::Stream::printf(char const*, ...)
 .text.mbed_assert_internal
                0x000000000800314c       0x18 ./src/mbed/TARGET_NUCLEO_F072RB/TOOLCHAIN_GCC_ARM/libmbed.a(assert.o)
                0x000000000800314c                mbed_assert_internal
 .text.error    0x0000000008003164       0x20 ./src/mbed/TARGET_NUCLEO_F072RB/TOOLCHAIN_GCC_ARM/libmbed.a(error.o)
                0x0000000008003164                error
 .text.pinmap_pinout
                0x0000000008003184       0x38 ./src/mbed/TARGET_NUCLEO_F072RB/TOOLCHAIN_GCC_ARM/libmbed.a(pinmap_common.o)
                0x0000000008003184                pinmap_pinout
 .text.pinmap_merge
                0x00000000080031bc       0x24 ./src/mbed/TARGET_NUCLEO_F072RB/TOOLCHAIN_GCC_ARM/libmbed.a(pinmap_common.o)
                0x00000000080031bc                pinmap_merge
 .text.pinmap_peripheral
                0x00000000080031e0       0x30 ./src/mbed/TARGET_NUCLEO_F072RB/TOOLCHAIN_GCC_ARM/libmbed.a(pinmap_common.o)
                0x00000000080031e0                pinmap_peripheral
 .text.time     0x0000000008003210       0x58 ./src/mbed/TARGET_NUCLEO_F072RB/TOOLCHAIN_GCC_ARM/libmbed.a(rtc_time.o)
                0x0000000008003210                time
 .text.us_ticker_irq_handler
                0x0000000008003268       0x10 ./src/mbed/TARGET_NUCLEO_F072RB/TOOLCHAIN_GCC_ARM/libmbed.a(us_ticker_api.o)
                0x0000000008003268                us_ticker_irq_handler
 .text.wait_us  0x0000000008003278       0x18 ./src/mbed/TARGET_NUCLEO_F072RB/TOOLCHAIN_GCC_ARM/libmbed.a(wait_api.o)
                0x0000000008003278                wait_us
 .text.wait_ms  0x0000000008003290       0x10 ./src/mbed/TARGET_NUCLEO_F072RB/TOOLCHAIN_GCC_ARM/libmbed.a(wait_api.o)
                0x0000000008003290                wait_ms
 .text.i2c_frequency
                0x00000000080032a0       0xa0 ./src/mbed/TARGET_NUCLEO_F072RB/TOOLCHAIN_GCC_ARM/libmbed.a(i2c_api.o)
                0x00000000080032a0                i2c_frequency
 .text.i2c_read
                0x0000000008003340       0xd0 ./src/mbed/TARGET_NUCLEO_F072RB/TOOLCHAIN_GCC_ARM/libmbed.a(i2c_api.o)
                0x0000000008003340                i2c_read
 .text.i2c_write
                0x0000000008003410       0xa4 ./src/mbed/TARGET_NUCLEO_F072RB/TOOLCHAIN_GCC_ARM/libmbed.a(i2c_api.o)
                0x0000000008003410                i2c_write
 .text.i2c_reset
                0x00000000080034b4       0x70 ./src/mbed/TARGET_NUCLEO_F072RB/TOOLCHAIN_GCC_ARM/libmbed.a(i2c_api.o)
                0x00000000080034b4                i2c_reset
 .text.i2c_init
                0x0000000008003524      0x120 ./src/mbed/TARGET_NUCLEO_F072RB/TOOLCHAIN_GCC_ARM/libmbed.a(i2c_api.o)
                0x0000000008003524                i2c_init
 .text.Set_GPIO_Clock
                0x0000000008003644       0xb4 ./src/mbed/TARGET_NUCLEO_F072RB/TOOLCHAIN_GCC_ARM/libmbed.a(pinmap.o)
                0x0000000008003644                Set_GPIO_Clock
 .text.pin_function
                0x00000000080036f8       0x60 ./src/mbed/TARGET_NUCLEO_F072RB/TOOLCHAIN_GCC_ARM/libmbed.a(pinmap.o)
                0x00000000080036f8                pin_function
 .text.pin_mode
                0x0000000008003758       0x4c ./src/mbed/TARGET_NUCLEO_F072RB/TOOLCHAIN_GCC_ARM/libmbed.a(pinmap.o)
                0x0000000008003758                pin_mode
 .text.rtc_init
                0x00000000080037a4       0xf8 ./src/mbed/TARGET_NUCLEO_F072RB/TOOLCHAIN_GCC_ARM/libmbed.a(rtc_api.o)
                0x00000000080037a4                rtc_init
 .text.rtc_isenabled
                0x000000000800389c        0xc ./src/mbed/TARGET_NUCLEO_F072RB/TOOLCHAIN_GCC_ARM/libmbed.a(rtc_api.o)
                0x000000000800389c                rtc_isenabled
 .text.rtc_read
                0x00000000080038a8       0x54 ./src/mbed/TARGET_NUCLEO_F072RB/TOOLCHAIN_GCC_ARM/libmbed.a(rtc_api.o)
                0x00000000080038a8                rtc_read
 .text.rtc_write
                0x00000000080038fc       0x60 ./src/mbed/TARGET_NUCLEO_F072RB/TOOLCHAIN_GCC_ARM/libmbed.a(rtc_api.o)
                0x00000000080038fc                rtc_write
 .text.us_ticker_init
                0x000000000800395c       0x28 ./src/mbed/TARGET_NUCLEO_F072RB/TOOLCHAIN_GCC_ARM/libmbed.a(us_ticker.o)
                0x000000000800395c                us_ticker_init
 .text.us_ticker_read
                0x0000000008003984       0x2c ./src/mbed/TARGET_NUCLEO_F072RB/TOOLCHAIN_GCC_ARM/libmbed.a(us_ticker.o)
                0x0000000008003984                us_ticker_read
 .text.us_ticker_set_interrupt
                0x00000000080039b0       0x14 ./src/mbed/TARGET_NUCLEO_F072RB/TOOLCHAIN_GCC_ARM/libmbed.a(us_ticker.o)
                0x00000000080039b0                us_ticker_set_interrupt
 .text.us_ticker_disable_interrupt
                0x00000000080039c4       0x14 ./src/mbed/TARGET_NUCLEO_F072RB/TOOLCHAIN_GCC_ARM/libmbed.a(us_ticker.o)
                0x00000000080039c4                us_ticker_disable_interrupt
 .text.us_ticker_clear_interrupt
                0x00000000080039d8       0x10 ./src/mbed/TARGET_NUCLEO_F072RB/TOOLCHAIN_GCC_ARM/libmbed.a(us_ticker.o)
                0x00000000080039d8                us_ticker_clear_interrupt
 .text._ZN4mbed8FileBaseD2Ev
                0x00000000080039e8       0x34 ./src/mbed/TARGET_NUCLEO_F072RB/TOOLCHAIN_GCC_ARM/libmbed.a(FileBase.o)
                0x00000000080039e8                mbed::FileBase::~FileBase()
                0x00000000080039e8                mbed::FileBase::~FileBase()
 .text._ZN4mbed8FileBaseD0Ev
                0x0000000008003a1c       0x40 ./src/mbed/TARGET_NUCLEO_F072RB/TOOLCHAIN_GCC_ARM/libmbed.a(FileBase.o)
                0x0000000008003a1c                mbed::FileBase::~FileBase()
 .text._ZN4mbed8FileBaseC2EPKcNS_8PathTypeE
                0x0000000008003a5c       0x24 ./src/mbed/TARGET_NUCLEO_F072RB/TOOLCHAIN_GCC_ARM/libmbed.a(FileBase.o)
                0x0000000008003a5c                mbed::FileBase::FileBase(char const*, mbed::PathType)
                0x0000000008003a5c                mbed::FileBase::FileBase(char const*, mbed::PathType)
 .text._ZN4mbed8FileBase6lookupEPKcj
                0x0000000008003a80       0x40 ./src/mbed/TARGET_NUCLEO_F072RB/TOOLCHAIN_GCC_ARM/libmbed.a(FileBase.o)
                0x0000000008003a80                mbed::FileBase::lookup(char const*, unsigned int)
 .text._ZN4mbed8FileBase11getPathTypeEv
                0x0000000008003ac0        0x4 ./src/mbed/TARGET_NUCLEO_F072RB/TOOLCHAIN_GCC_ARM/libmbed.a(FileBase.o)
                0x0000000008003ac0                mbed::FileBase::getPathType()
 .text._ZN4mbed8FileLikeC2EPKc
                0x0000000008003ac4       0x28 ./src/mbed/TARGET_NUCLEO_F072RB/TOOLCHAIN_GCC_ARM/libmbed.a(FileLike.o)
                0x0000000008003ac4                mbed::FileLike::FileLike(char const*)
                0x0000000008003ac4                mbed::FileLike::FileLike(char const*)
 .text._ZN4mbed8FileLikeD2Ev
                0x0000000008003aec       0x24 ./src/mbed/TARGET_NUCLEO_F072RB/TOOLCHAIN_GCC_ARM/libmbed.a(FileLike.o)
                0x0000000008003aec                mbed::FileLike::~FileLike()
                0x0000000008003aec                mbed::FileLike::~FileLike()
 .text.ticker_irq_handler
                0x0000000008003b10       0x4c ./src/mbed/TARGET_NUCLEO_F072RB/TOOLCHAIN_GCC_ARM/libmbed.a(ticker_api.o)
                0x0000000008003b10                ticker_irq_handler
 .text.__aeabi_atexit
                0x0000000008003b5c        0xe /usr/local/gcc-arm-none-eabi-5_2-2015q4/bin/../lib/gcc/arm-none-eabi/5.2.1/../../../../arm-none-eabi/lib/armv6-m/libstdc++_nano.a(atexit_arm.o)
                0x0000000008003b5c                __aeabi_atexit
 .text._ZdlPv   0x0000000008003b6a        0x8 /usr/local/gcc-arm-none-eabi-5_2-2015q4/bin/../lib/gcc/arm-none-eabi/5.2.1/../../../../arm-none-eabi/lib/armv6-m/libstdc++_nano.a(del_op.o)
                0x0000000008003b6a                operator delete(void*)
 *fill*         0x0000000008003b72        0x2 
 .text.atan2    0x0000000008003b74        0x8 /usr/local/gcc-arm-none-eabi-5_2-2015q4/bin/../lib/gcc/arm-none-eabi/5.2.1/../../../../arm-none-eabi/lib/armv6-m/libm.a(lib_a-w_atan2.o)
                0x0000000008003b74                atan2
 .text.sqrt     0x0000000008003b7c       0xb8 /usr/local/gcc-arm-none-eabi-5_2-2015q4/bin/../lib/gcc/arm-none-eabi/5.2.1/../../../../arm-none-eabi/lib/armv6-m/libm.a(lib_a-w_sqrt.o)
                0x0000000008003b7c                sqrt
 .text.__ieee754_atan2
                0x0000000008003c34      0x178 /usr/local/gcc-arm-none-eabi-5_2-2015q4/bin/../lib/gcc/arm-none-eabi/5.2.1/../../../../arm-none-eabi/lib/armv6-m/libm.a(lib_a-e_atan2.o)
                0x0000000008003c34                __ieee754_atan2
 .text.__ieee754_sqrt
                0x0000000008003dac      0x1ec /usr/local/gcc-arm-none-eabi-5_2-2015q4/bin/../lib/gcc/arm-none-eabi/5.2.1/../../../../arm-none-eabi/lib/armv6-m/libm.a(lib_a-e_sqrt.o)
                0x0000000008003dac                __ieee754_sqrt
 .text.atan     0x0000000008003f98      0x33c /usr/local/gcc-arm-none-eabi-5_2-2015q4/bin/../lib/gcc/arm-none-eabi/5.2.1/../../../../arm-none-eabi/lib/armv6-m/libm.a(lib_a-s_atan.o)
                0x0000000008003f98                atan
 .text.fabs     0x00000000080042d4        0x8 /usr/local/gcc-arm-none-eabi-5_2-2015q4/bin/../lib/gcc/arm-none-eabi/5.2.1/../../../../arm-none-eabi/lib/armv6-m/libm.a(lib_a-s_fabs.o)
                0x00000000080042d4                fabs
 .text.__fpclassifyd
                0x00000000080042dc       0x5c /usr/local/gcc-arm-none-eabi-5_2-2015q4/bin/../lib/gcc/arm-none-eabi/5.2.1/../../../../arm-none-eabi/lib/armv6-m/libm.a(lib_a-s_fpclassify.o)
                0x00000000080042dc                __fpclassifyd
 .text.matherr  0x0000000008004338        0x4 /usr/local/gcc-arm-none-eabi-5_2-2015q4/bin/../lib/gcc/arm-none-eabi/5.2.1/../../../../arm-none-eabi/lib/armv6-m/libm.a(lib_a-s_matherr.o)
                0x0000000008004338                matherr
 .text.__cxa_atexit
                0x000000000800433c       0x1c /usr/local/gcc-arm-none-eabi-5_2-2015q4/bin/../lib/gcc/arm-none-eabi/5.2.1/../../../../arm-none-eabi/lib/armv6-m/libc_nano.a(lib_a-cxa_atexit.o)
                0x000000000800433c                __cxa_atexit
 .text.__errno  0x0000000008004358        0xc /usr/local/gcc-arm-none-eabi-5_2-2015q4/bin/../lib/gcc/arm-none-eabi/5.2.1/../../../../arm-none-eabi/lib/armv6-m/libc_nano.a(lib_a-errno.o)
                0x0000000008004358                __errno
 .text.exit     0x0000000008004364       0x2c /usr/local/gcc-arm-none-eabi-5_2-2015q4/bin/../lib/gcc/arm-none-eabi/5.2.1/../../../../arm-none-eabi/lib/armv6-m/libc_nano.a(lib_a-exit.o)
                0x0000000008004364                exit
 .text._fclose_r
                0x0000000008004390       0xb0 /usr/local/gcc-arm-none-eabi-5_2-2015q4/bin/../lib/gcc/arm-none-eabi/5.2.1/../../../../arm-none-eabi/lib/armv6-m/libc_nano.a(lib_a-fclose.o)
                0x0000000008004390                _fclose_r
 .text.fclose   0x0000000008004440       0x14 /usr/local/gcc-arm-none-eabi-5_2-2015q4/bin/../lib/gcc/arm-none-eabi/5.2.1/../../../../arm-none-eabi/lib/armv6-m/libc_nano.a(lib_a-fclose.o)
                0x0000000008004440                fclose
 .text.__sflush_r
                0x0000000008004454      0x10c /usr/local/gcc-arm-none-eabi-5_2-2015q4/bin/../lib/gcc/arm-none-eabi/5.2.1/../../../../arm-none-eabi/lib/armv6-m/libc_nano.a(lib_a-fflush.o)
                0x0000000008004454                __sflush_r
 .text._fflush_r
                0x0000000008004560       0x58 /usr/local/gcc-arm-none-eabi-5_2-2015q4/bin/../lib/gcc/arm-none-eabi/5.2.1/../../../../arm-none-eabi/lib/armv6-m/libc_nano.a(lib_a-fflush.o)
                0x0000000008004560                _fflush_r
 .text.fflush   0x00000000080045b8       0x28 /usr/local/gcc-arm-none-eabi-5_2-2015q4/bin/../lib/gcc/arm-none-eabi/5.2.1/../../../../arm-none-eabi/lib/armv6-m/libc_nano.a(lib_a-fflush.o)
                0x00000000080045b8                fflush
 .text._cleanup_r
                0x00000000080045e0       0x10 /usr/local/gcc-arm-none-eabi-5_2-2015q4/bin/../lib/gcc/arm-none-eabi/5.2.1/../../../../arm-none-eabi/lib/armv6-m/libc_nano.a(lib_a-findfp.o)
                0x00000000080045e0                _cleanup_r
 .text.std.isra.0
                0x00000000080045f0       0x48 /usr/local/gcc-arm-none-eabi-5_2-2015q4/bin/../lib/gcc/arm-none-eabi/5.2.1/../../../../arm-none-eabi/lib/armv6-m/libc_nano.a(lib_a-findfp.o)
 .text.__sfmoreglue
                0x0000000008004638       0x2c /usr/local/gcc-arm-none-eabi-5_2-2015q4/bin/../lib/gcc/arm-none-eabi/5.2.1/../../../../arm-none-eabi/lib/armv6-m/libc_nano.a(lib_a-findfp.o)
                0x0000000008004638                __sfmoreglue
 .text.__sinit  0x0000000008004664       0x68 /usr/local/gcc-arm-none-eabi-5_2-2015q4/bin/../lib/gcc/arm-none-eabi/5.2.1/../../../../arm-none-eabi/lib/armv6-m/libc_nano.a(lib_a-findfp.o)
                0x0000000008004664                __sinit
 .text.__sfp    0x00000000080046cc       0x7c /usr/local/gcc-arm-none-eabi-5_2-2015q4/bin/../lib/gcc/arm-none-eabi/5.2.1/../../../../arm-none-eabi/lib/armv6-m/libc_nano.a(lib_a-findfp.o)
                0x00000000080046cc                __sfp
 .text.__sfp_lock_acquire
                0x0000000008004748        0x2 /usr/local/gcc-arm-none-eabi-5_2-2015q4/bin/../lib/gcc/arm-none-eabi/5.2.1/../../../../arm-none-eabi/lib/armv6-m/libc_nano.a(lib_a-findfp.o)
                0x0000000008004748                __sfp_lock_acquire
 .text.__sfp_lock_release
                0x000000000800474a        0x2 /usr/local/gcc-arm-none-eabi-5_2-2015q4/bin/../lib/gcc/arm-none-eabi/5.2.1/../../../../arm-none-eabi/lib/armv6-m/libc_nano.a(lib_a-findfp.o)
                0x000000000800474a                __sfp_lock_release
 .text._fopen_r
                0x000000000800474c       0x7c /usr/local/gcc-arm-none-eabi-5_2-2015q4/bin/../lib/gcc/arm-none-eabi/5.2.1/../../../../arm-none-eabi/lib/armv6-m/libc_nano.a(lib_a-fopen.o)
                0x000000000800474c                _fopen_r
 .text.fopen    0x00000000080047c8       0x14 /usr/local/gcc-arm-none-eabi-5_2-2015q4/bin/../lib/gcc/arm-none-eabi/5.2.1/../../../../arm-none-eabi/lib/armv6-m/libc_nano.a(lib_a-fopen.o)
                0x00000000080047c8                fopen
 .text._fseek_r
                0x00000000080047dc        0x8 /usr/local/gcc-arm-none-eabi-5_2-2015q4/bin/../lib/gcc/arm-none-eabi/5.2.1/../../../../arm-none-eabi/lib/armv6-m/libc_nano.a(lib_a-fseek.o)
                0x00000000080047dc                _fseek_r
 .text._fseeko_r
                0x00000000080047e4      0x130 /usr/local/gcc-arm-none-eabi-5_2-2015q4/bin/../lib/gcc/arm-none-eabi/5.2.1/../../../../arm-none-eabi/lib/armv6-m/libc_nano.a(lib_a-fseeko.o)
                0x00000000080047e4                _fseeko_r
 .text._fwalk_reent
                0x0000000008004914       0x42 /usr/local/gcc-arm-none-eabi-5_2-2015q4/bin/../lib/gcc/arm-none-eabi/5.2.1/../../../../arm-none-eabi/lib/armv6-m/libc_nano.a(lib_a-fwalk.o)
                0x0000000008004914                _fwalk_reent
 *fill*         0x0000000008004956        0x2 
 .text.__libc_init_array
                0x0000000008004958       0x4c /usr/local/gcc-arm-none-eabi-5_2-2015q4/bin/../lib/gcc/arm-none-eabi/5.2.1/../../../../arm-none-eabi/lib/armv6-m/libc_nano.a(lib_a-init.o)
                0x0000000008004958                __libc_init_array
 .text.localtime
                0x00000000080049a4       0x24 /usr/local/gcc-arm-none-eabi-5_2-2015q4/bin/../lib/gcc/arm-none-eabi/5.2.1/../../../../arm-none-eabi/lib/armv6-m/libc_nano.a(lib_a-lcltime.o)
                0x00000000080049a4                localtime
 .text.localtime_r
                0x00000000080049c8      0x1e0 /usr/local/gcc-arm-none-eabi-5_2-2015q4/bin/../lib/gcc/arm-none-eabi/5.2.1/../../../../arm-none-eabi/lib/armv6-m/libc_nano.a(lib_a-lcltime_r.o)
                0x00000000080049c8                localtime_r
 .text.__smakebuf_r
                0x0000000008004ba8       0xa4 /usr/local/gcc-arm-none-eabi-5_2-2015q4/bin/../lib/gcc/arm-none-eabi/5.2.1/../../../../arm-none-eabi/lib/armv6-m/libc_nano.a(lib_a-makebuf.o)
                0x0000000008004ba8                __smakebuf_r
 .text.malloc   0x0000000008004c4c       0x14 /usr/local/gcc-arm-none-eabi-5_2-2015q4/bin/../lib/gcc/arm-none-eabi/5.2.1/../../../../arm-none-eabi/lib/armv6-m/libc_nano.a(lib_a-malloc.o)
                0x0000000008004c4c                malloc
 .text.free     0x0000000008004c60       0x14 /usr/local/gcc-arm-none-eabi-5_2-2015q4/bin/../lib/gcc/arm-none-eabi/5.2.1/../../../../arm-none-eabi/lib/armv6-m/libc_nano.a(lib_a-malloc.o)
                0x0000000008004c60                free
 .text.memchr   0x0000000008004c74       0x16 /usr/local/gcc-arm-none-eabi-5_2-2015q4/bin/../lib/gcc/arm-none-eabi/5.2.1/../../../../arm-none-eabi/lib/armv6-m/libc_nano.a(lib_a-memchr-stub.o)
                0x0000000008004c74                memchr
 .text.memcpy   0x0000000008004c8a       0x12 /usr/local/gcc-arm-none-eabi-5_2-2015q4/bin/../lib/gcc/arm-none-eabi/5.2.1/../../../../arm-none-eabi/lib/armv6-m/libc_nano.a(lib_a-memcpy-stub.o)
                0x0000000008004c8a                memcpy
 .text.memset   0x0000000008004c9c       0x10 /usr/local/gcc-arm-none-eabi-5_2-2015q4/bin/../lib/gcc/arm-none-eabi/5.2.1/../../../../arm-none-eabi/lib/armv6-m/libc_nano.a(lib_a-memset.o)
                0x0000000008004c9c                memset
 .text.validate_structure
                0x0000000008004cac      0x198 /usr/local/gcc-arm-none-eabi-5_2-2015q4/bin/../lib/gcc/arm-none-eabi/5.2.1/../../../../arm-none-eabi/lib/armv6-m/libc_nano.a(lib_a-mktime.o)
 .text.mktime   0x0000000008004e44      0x2f8 /usr/local/gcc-arm-none-eabi-5_2-2015q4/bin/../lib/gcc/arm-none-eabi/5.2.1/../../../../arm-none-eabi/lib/armv6-m/libc_nano.a(lib_a-mktime.o)
                0x0000000008004e44                mktime
 .text._free_r  0x000000000800513c       0x8c /usr/local/gcc-arm-none-eabi-5_2-2015q4/bin/../lib/gcc/arm-none-eabi/5.2.1/../../../../arm-none-eabi/lib/armv6-m/libc_nano.a(lib_a-nano-freer.o)
                0x000000000800513c                _free_r
 .text._malloc_r
                0x00000000080051c8       0xac /usr/local/gcc-arm-none-eabi-5_2-2015q4/bin/../lib/gcc/arm-none-eabi/5.2.1/../../../../arm-none-eabi/lib/armv6-m/libc_nano.a(lib_a-nano-mallocr.o)
                0x00000000080051c8                _malloc_r
 .text.__sfputc_r
                0x0000000008005274       0x2a /usr/local/gcc-arm-none-eabi-5_2-2015q4/bin/../lib/gcc/arm-none-eabi/5.2.1/../../../../arm-none-eabi/lib/armv6-m/libc_nano.a(lib_a-nano-vfprintf.o)
 .text.__sfputs_r
                0x000000000800529e       0x24 /usr/local/gcc-arm-none-eabi-5_2-2015q4/bin/../lib/gcc/arm-none-eabi/5.2.1/../../../../arm-none-eabi/lib/armv6-m/libc_nano.a(lib_a-nano-vfprintf.o)
                0x000000000800529e                __sfputs_r
 *fill*         0x00000000080052c2        0x2 
 .text._vfprintf_r
                0x00000000080052c4      0x238 /usr/local/gcc-arm-none-eabi-5_2-2015q4/bin/../lib/gcc/arm-none-eabi/5.2.1/../../../../arm-none-eabi/lib/armv6-m/libc_nano.a(lib_a-nano-vfprintf.o)
                0x00000000080052c4                _vfiprintf_r
                0x00000000080052c4                _vfprintf_r
 .text.vfprintf
                0x00000000080054fc       0x18 /usr/local/gcc-arm-none-eabi-5_2-2015q4/bin/../lib/gcc/arm-none-eabi/5.2.1/../../../../arm-none-eabi/lib/armv6-m/libc_nano.a(lib_a-nano-vfprintf.o)
                0x00000000080054fc                vfiprintf
                0x00000000080054fc                vfprintf
 .text._printf_common
                0x0000000008005514       0xdc /usr/local/gcc-arm-none-eabi-5_2-2015q4/bin/../lib/gcc/arm-none-eabi/5.2.1/../../../../arm-none-eabi/lib/armv6-m/libc_nano.a(lib_a-nano-vfprintf_i.o)
                0x0000000008005514                _printf_common
 .text._printf_i
                0x00000000080055f0      0x244 /usr/local/gcc-arm-none-eabi-5_2-2015q4/bin/../lib/gcc/arm-none-eabi/5.2.1/../../../../arm-none-eabi/lib/armv6-m/libc_nano.a(lib_a-nano-vfprintf_i.o)
                0x00000000080055f0                _printf_i
 .text._scanf_chars
                0x0000000008005834       0xc4 /usr/local/gcc-arm-none-eabi-5_2-2015q4/bin/../lib/gcc/arm-none-eabi/5.2.1/../../../../arm-none-eabi/lib/armv6-m/libc_nano.a(lib_a-nano-vfscanf_i.o)
                0x0000000008005834                _scanf_chars
 .text._scanf_i
                0x00000000080058f8      0x200 /usr/local/gcc-arm-none-eabi-5_2-2015q4/bin/../lib/gcc/arm-none-eabi/5.2.1/../../../../arm-none-eabi/lib/armv6-m/libc_nano.a(lib_a-nano-vfscanf_i.o)
                0x00000000080058f8                _scanf_i
 .text._open_r  0x0000000008005af8       0x28 /usr/local/gcc-arm-none-eabi-5_2-2015q4/bin/../lib/gcc/arm-none-eabi/5.2.1/../../../../arm-none-eabi/lib/armv6-m/libc_nano.a(lib_a-openr.o)
                0x0000000008005af8                _open_r
 .text._sbrk_r  0x0000000008005b20       0x24 /usr/local/gcc-arm-none-eabi-5_2-2015q4/bin/../lib/gcc/arm-none-eabi/5.2.1/../../../../arm-none-eabi/lib/armv6-m/libc_nano.a(lib_a-sbrkr.o)
                0x0000000008005b20                _sbrk_r
 .text.__sccl   0x0000000008005b44       0x64 /usr/local/gcc-arm-none-eabi-5_2-2015q4/bin/../lib/gcc/arm-none-eabi/5.2.1/../../../../arm-none-eabi/lib/armv6-m/libc_nano.a(lib_a-sccl.o)
                0x0000000008005b44                __sccl
 .text.setbuf   0x0000000008005ba8       0x12 /usr/local/gcc-arm-none-eabi-5_2-2015q4/bin/../lib/gcc/arm-none-eabi/5.2.1/../../../../arm-none-eabi/lib/armv6-m/libc_nano.a(lib_a-setbuf.o)
                0x0000000008005ba8                setbuf
 *fill*         0x0000000008005bba        0x2 
 .text.setvbuf  0x0000000008005bbc      0x10c /usr/local/gcc-arm-none-eabi-5_2-2015q4/bin/../lib/gcc/arm-none-eabi/5.2.1/../../../../arm-none-eabi/lib/armv6-m/libc_nano.a(lib_a-setvbuf.o)
                0x0000000008005bbc                setvbuf
 .text.sprintf  0x0000000008005cc8       0x44 /usr/local/gcc-arm-none-eabi-5_2-2015q4/bin/../lib/gcc/arm-none-eabi/5.2.1/../../../../arm-none-eabi/lib/armv6-m/libc_nano.a(lib_a-sprintf.o)
                0x0000000008005cc8                sprintf
                0x0000000008005cc8                siprintf
 .text.sscanf   0x0000000008005d0c       0x50 /usr/local/gcc-arm-none-eabi-5_2-2015q4/bin/../lib/gcc/arm-none-eabi/5.2.1/../../../../arm-none-eabi/lib/armv6-m/libc_nano.a(lib_a-sscanf.o)
                0x0000000008005d0c                sscanf
                0x0000000008005d0c                siscanf
 .text.__sread  0x0000000008005d5c       0x28 /usr/local/gcc-arm-none-eabi-5_2-2015q4/bin/../lib/gcc/arm-none-eabi/5.2.1/../../../../arm-none-eabi/lib/armv6-m/libc_nano.a(lib_a-stdio.o)
                0x0000000008005d5c                __sread
 .text.__seofread
                0x0000000008005d84        0x4 /usr/local/gcc-arm-none-eabi-5_2-2015q4/bin/../lib/gcc/arm-none-eabi/5.2.1/../../../../arm-none-eabi/lib/armv6-m/libc_nano.a(lib_a-stdio.o)
                0x0000000008005d84                __seofread
 .text.__swrite
                0x0000000008005d88       0x38 /usr/local/gcc-arm-none-eabi-5_2-2015q4/bin/../lib/gcc/arm-none-eabi/5.2.1/../../../../arm-none-eabi/lib/armv6-m/libc_nano.a(lib_a-stdio.o)
                0x0000000008005d88                __swrite
 .text.__sseek  0x0000000008005dc0       0x2c /usr/local/gcc-arm-none-eabi-5_2-2015q4/bin/../lib/gcc/arm-none-eabi/5.2.1/../../../../arm-none-eabi/lib/armv6-m/libc_nano.a(lib_a-stdio.o)
                0x0000000008005dc0                __sseek
 .text.__sclose
                0x0000000008005dec        0xc /usr/local/gcc-arm-none-eabi-5_2-2015q4/bin/../lib/gcc/arm-none-eabi/5.2.1/../../../../arm-none-eabi/lib/armv6-m/libc_nano.a(lib_a-stdio.o)
                0x0000000008005dec                __sclose
 .text          0x0000000008005df8       0x14 /usr/local/gcc-arm-none-eabi-5_2-2015q4/bin/../lib/gcc/arm-none-eabi/5.2.1/../../../../arm-none-eabi/lib/armv6-m/libc_nano.a(lib_a-strcmp.o)
                0x0000000008005df8                strcmp
 .text          0x0000000008005e0c        0xe /usr/local/gcc-arm-none-eabi-5_2-2015q4/bin/../lib/gcc/arm-none-eabi/5.2.1/../../../../arm-none-eabi/lib/armv6-m/libc_nano.a(lib_a-strlen.o)
                0x0000000008005e0c                strlen
 .text.strncmp  0x0000000008005e1a       0x24 /usr/local/gcc-arm-none-eabi-5_2-2015q4/bin/../lib/gcc/arm-none-eabi/5.2.1/../../../../arm-none-eabi/lib/armv6-m/libc_nano.a(lib_a-strncmp.o)
                0x0000000008005e1a                strncmp
 *fill*         0x0000000008005e3e        0x2 
 .text._strtol_r
                0x0000000008005e40      0x124 /usr/local/gcc-arm-none-eabi-5_2-2015q4/bin/../lib/gcc/arm-none-eabi/5.2.1/../../../../arm-none-eabi/lib/armv6-m/libc_nano.a(lib_a-strtol.o)
                0x0000000008005e40                _strtol_r
 .text._strtoul_r
                0x0000000008005f64      0x108 /usr/local/gcc-arm-none-eabi-5_2-2015q4/bin/../lib/gcc/arm-none-eabi/5.2.1/../../../../arm-none-eabi/lib/armv6-m/libc_nano.a(lib_a-strtoul.o)
                0x0000000008005f64                _strtoul_r
 .text.strtoul  0x000000000800606c       0x18 /usr/local/gcc-arm-none-eabi-5_2-2015q4/bin/../lib/gcc/arm-none-eabi/5.2.1/../../../../arm-none-eabi/lib/armv6-m/libc_nano.a(lib_a-strtoul.o)
                0x000000000800606c                strtoul
 .text.__tzcalc_limits
                0x0000000008006084      0x15c /usr/local/gcc-arm-none-eabi-5_2-2015q4/bin/../lib/gcc/arm-none-eabi/5.2.1/../../../../arm-none-eabi/lib/armv6-m/libc_nano.a(lib_a-tzcalc_limits.o)
                0x0000000008006084                __tzcalc_limits
 .text.__tz_lock
                0x00000000080061e0        0x2 /usr/local/gcc-arm-none-eabi-5_2-2015q4/bin/../lib/gcc/arm-none-eabi/5.2.1/../../../../arm-none-eabi/lib/armv6-m/libc_nano.a(lib_a-tzlock.o)
                0x00000000080061e0                __tz_lock
 .text.__tz_unlock
                0x00000000080061e2        0x2 /usr/local/gcc-arm-none-eabi-5_2-2015q4/bin/../lib/gcc/arm-none-eabi/5.2.1/../../../../arm-none-eabi/lib/armv6-m/libc_nano.a(lib_a-tzlock.o)
                0x00000000080061e2                __tz_unlock
 .text._tzset_unlocked
                0x00000000080061e4       0x10 /usr/local/gcc-arm-none-eabi-5_2-2015q4/bin/../lib/gcc/arm-none-eabi/5.2.1/../../../../arm-none-eabi/lib/armv6-m/libc_nano.a(lib_a-tzset.o)
                0x00000000080061e4                _tzset_unlocked
 .text._tzset_unlocked_r
                0x00000000080061f4      0x308 /usr/local/gcc-arm-none-eabi-5_2-2015q4/bin/../lib/gcc/arm-none-eabi/5.2.1/../../../../arm-none-eabi/lib/armv6-m/libc_nano.a(lib_a-tzset_r.o)
                0x00000000080061f4                _tzset_unlocked_r
 .text.__submore
                0x00000000080064fc       0x7c /usr/local/gcc-arm-none-eabi-5_2-2015q4/bin/../lib/gcc/arm-none-eabi/5.2.1/../../../../arm-none-eabi/lib/armv6-m/libc_nano.a(lib_a-ungetc.o)
                0x00000000080064fc                __submore
 .text.__swbuf_r
                0x0000000008006578       0xb0 /usr/local/gcc-arm-none-eabi-5_2-2015q4/bin/../lib/gcc/arm-none-eabi/5.2.1/../../../../arm-none-eabi/lib/armv6-m/libc_nano.a(lib_a-wbuf.o)
                0x0000000008006578                __swbuf_r
 .text._write_r
                0x0000000008006628       0x28 /usr/local/gcc-arm-none-eabi-5_2-2015q4/bin/../lib/gcc/arm-none-eabi/5.2.1/../../../../arm-none-eabi/lib/armv6-m/libc_nano.a(lib_a-writer.o)
                0x0000000008006628                _write_r
 .text.__swsetup_r
                0x0000000008006650       0xe8 /usr/local/gcc-arm-none-eabi-5_2-2015q4/bin/../lib/gcc/arm-none-eabi/5.2.1/../../../../arm-none-eabi/lib/armv6-m/libc_nano.a(lib_a-wsetup.o)
                0x0000000008006650                __swsetup_r
 .text._close_r
                0x0000000008006738       0x24 /usr/local/gcc-arm-none-eabi-5_2-2015q4/bin/../lib/gcc/arm-none-eabi/5.2.1/../../../../arm-none-eabi/lib/armv6-m/libc_nano.a(lib_a-closer.o)
                0x0000000008006738                _close_r
 .text.div      0x000000000800675c       0x38 /usr/local/gcc-arm-none-eabi-5_2-2015q4/bin/../lib/gcc/arm-none-eabi/5.2.1/../../../../arm-none-eabi/lib/armv6-m/libc_nano.a(lib_a-div.o)
                0x000000000800675c                div
 .text.__sflags
                0x0000000008006794       0x74 /usr/local/gcc-arm-none-eabi-5_2-2015q4/bin/../lib/gcc/arm-none-eabi/5.2.1/../../../../arm-none-eabi/lib/armv6-m/libc_nano.a(lib_a-flags.o)
                0x0000000008006794                __sflags
 .text._fstat_r
                0x0000000008006808       0x24 /usr/local/gcc-arm-none-eabi-5_2-2015q4/bin/../lib/gcc/arm-none-eabi/5.2.1/../../../../arm-none-eabi/lib/armv6-m/libc_nano.a(lib_a-fstatr.o)
                0x0000000008006808                _fstat_r
 .text._findenv_r
                0x000000000800682c       0x74 /usr/local/gcc-arm-none-eabi-5_2-2015q4/bin/../lib/gcc/arm-none-eabi/5.2.1/../../../../arm-none-eabi/lib/armv6-m/libc_nano.a(lib_a-getenv_r.o)
                0x000000000800682c                _findenv_r
 .text._getenv_r
                0x00000000080068a0        0xa /usr/local/gcc-arm-none-eabi-5_2-2015q4/bin/../lib/gcc/arm-none-eabi/5.2.1/../../../../arm-none-eabi/lib/armv6-m/libc_nano.a(lib_a-getenv_r.o)
                0x00000000080068a0                _getenv_r
 *fill*         0x00000000080068aa        0x2 
 .text.__gettzinfo
                0x00000000080068ac        0x8 /usr/local/gcc-arm-none-eabi-5_2-2015q4/bin/../lib/gcc/arm-none-eabi/5.2.1/../../../../arm-none-eabi/lib/armv6-m/libc_nano.a(lib_a-gettzinfo.o)
                0x00000000080068ac                __gettzinfo
 .text.gmtime_r
                0x00000000080068b4      0x178 /usr/local/gcc-arm-none-eabi-5_2-2015q4/bin/../lib/gcc/arm-none-eabi/5.2.1/../../../../arm-none-eabi/lib/armv6-m/libc_nano.a(lib_a-gmtime_r.o)
                0x00000000080068b4                gmtime_r
 .text._isatty_r
                0x0000000008006a2c       0x24 /usr/local/gcc-arm-none-eabi-5_2-2015q4/bin/../lib/gcc/arm-none-eabi/5.2.1/../../../../arm-none-eabi/lib/armv6-m/libc_nano.a(lib_a-isattyr.o)
                0x0000000008006a2c                _isatty_r
 .text._lseek_r
                0x0000000008006a50       0x28 /usr/local/gcc-arm-none-eabi-5_2-2015q4/bin/../lib/gcc/arm-none-eabi/5.2.1/../../../../arm-none-eabi/lib/armv6-m/libc_nano.a(lib_a-lseekr.o)
                0x0000000008006a50                _lseek_r
 .text.memmove  0x0000000008006a78       0x2a /usr/local/gcc-arm-none-eabi-5_2-2015q4/bin/../lib/gcc/arm-none-eabi/5.2.1/../../../../arm-none-eabi/lib/armv6-m/libc_nano.a(lib_a-memmove.o)
                0x0000000008006a78                memmove
 .text._realloc_r
                0x0000000008006aa2       0x4c /usr/local/gcc-arm-none-eabi-5_2-2015q4/bin/../lib/gcc/arm-none-eabi/5.2.1/../../../../arm-none-eabi/lib/armv6-m/libc_nano.a(lib_a-nano-reallocr.o)
                0x0000000008006aa2                _realloc_r
 *fill*         0x0000000008006aee        0x2 
 .text.__ssputs_r
                0x0000000008006af0       0xc4 /usr/local/gcc-arm-none-eabi-5_2-2015q4/bin/../lib/gcc/arm-none-eabi/5.2.1/../../../../arm-none-eabi/lib/armv6-m/libc_nano.a(lib_a-nano-svfprintf.o)
                0x0000000008006af0                __ssputs_r
 .text._svfprintf_r
                0x0000000008006bb4      0x1fc /usr/local/gcc-arm-none-eabi-5_2-2015q4/bin/../lib/gcc/arm-none-eabi/5.2.1/../../../../arm-none-eabi/lib/armv6-m/libc_nano.a(lib_a-nano-svfprintf.o)
                0x0000000008006bb4                _svfprintf_r
                0x0000000008006bb4                _svfiprintf_r
 .text._sungetc_r
                0x0000000008006db0       0x78 /usr/local/gcc-arm-none-eabi-5_2-2015q4/bin/../lib/gcc/arm-none-eabi/5.2.1/../../../../arm-none-eabi/lib/armv6-m/libc_nano.a(lib_a-nano-svfscanf.o)
                0x0000000008006db0                _sungetc_r
 .text.__ssrefill_r
                0x0000000008006e28       0x3e /usr/local/gcc-arm-none-eabi-5_2-2015q4/bin/../lib/gcc/arm-none-eabi/5.2.1/../../../../arm-none-eabi/lib/armv6-m/libc_nano.a(lib_a-nano-svfscanf.o)
                0x0000000008006e28                __ssrefill_r
 *fill*         0x0000000008006e66        0x2 
 .text.__ssvfscanf_r
                0x0000000008006e68      0x2ec /usr/local/gcc-arm-none-eabi-5_2-2015q4/bin/../lib/gcc/arm-none-eabi/5.2.1/../../../../arm-none-eabi/lib/armv6-m/libc_nano.a(lib_a-nano-svfscanf.o)
                0x0000000008006e68                __ssvfscanf_r
                0x0000000008006e68                __ssvfiscanf_r
 .text._read_r  0x0000000008007154       0x28 /usr/local/gcc-arm-none-eabi-5_2-2015q4/bin/../lib/gcc/arm-none-eabi/5.2.1/../../../../arm-none-eabi/lib/armv6-m/libc_nano.a(lib_a-readr.o)
                0x0000000008007154                _read_r
 .text.strcpy   0x000000000800717c       0x10 /usr/local/gcc-arm-none-eabi-5_2-2015q4/bin/../lib/gcc/arm-none-eabi/5.2.1/../../../../arm-none-eabi/lib/armv6-m/libc_nano.a(lib_a-strcpy.o)
                0x000000000800717c                strcpy
 .text.__env_lock
                0x000000000800718c        0x2 /usr/local/gcc-arm-none-eabi-5_2-2015q4/bin/../lib/gcc/arm-none-eabi/5.2.1/../../../../arm-none-eabi/lib/armv6-m/libc_nano.a(lib_a-envlock.o)
                0x000000000800718c                __env_lock
 .text.__env_unlock
                0x000000000800718e        0x2 /usr/local/gcc-arm-none-eabi-5_2-2015q4/bin/../lib/gcc/arm-none-eabi/5.2.1/../../../../arm-none-eabi/lib/armv6-m/libc_nano.a(lib_a-envlock.o)
                0x000000000800718e                __env_unlock
 .text._malloc_usable_size_r
                0x0000000008007190       0x16 /usr/local/gcc-arm-none-eabi-5_2-2015q4/bin/../lib/gcc/arm-none-eabi/5.2.1/../../../../arm-none-eabi/lib/armv6-m/libc_nano.a(lib_a-nano-msizer.o)
                0x0000000008007190                _malloc_usable_size_r
 *fill*         0x00000000080071a6        0x2 
 .text          0x00000000080071a8       0x14 /usr/local/gcc-arm-none-eabi-5_2-2015q4/bin/../lib/gcc/arm-none-eabi/5.2.1/armv6-m/libgcc.a(_thumb1_case_uqi.o)
                0x00000000080071a8                __gnu_thumb1_case_uqi
 .text          0x00000000080071bc      0x114 /usr/local/gcc-arm-none-eabi-5_2-2015q4/bin/../lib/gcc/arm-none-eabi/5.2.1/armv6-m/libgcc.a(_udivsi3.o)
                0x00000000080071bc                __udivsi3
                0x00000000080071bc                __aeabi_uidiv
                0x00000000080072c8                __aeabi_uidivmod
 .text          0x00000000080072d0      0x1d4 /usr/local/gcc-arm-none-eabi-5_2-2015q4/bin/../lib/gcc/arm-none-eabi/5.2.1/armv6-m/libgcc.a(_divsi3.o)
                0x00000000080072d0                __aeabi_idiv
                0x00000000080072d0                __divsi3
                0x000000000800749c                __aeabi_idivmod
 .text          0x00000000080074a4        0x4 /usr/local/gcc-arm-none-eabi-5_2-2015q4/bin/../lib/gcc/arm-none-eabi/5.2.1/armv6-m/libgcc.a(_dvmd_tls.o)
                0x00000000080074a4                __aeabi_ldiv0
                0x00000000080074a4                __aeabi_idiv0
 .text          0x00000000080074a8       0x7c /usr/local/gcc-arm-none-eabi-5_2-2015q4/bin/../lib/gcc/arm-none-eabi/5.2.1/armv6-m/libgcc.a(_arm_cmpdf2.o)
                0x00000000080074a8                __aeabi_cdrcmple
                0x00000000080074b8                __aeabi_cdcmple
                0x00000000080074b8                __aeabi_cdcmpeq
                0x00000000080074c8                __aeabi_dcmpeq
                0x00000000080074d4                __aeabi_dcmplt
                0x00000000080074e8                __aeabi_dcmple
                0x00000000080074fc                __aeabi_dcmpgt
                0x0000000008007510                __aeabi_dcmpge
 .text          0x0000000008007524       0x74 /usr/local/gcc-arm-none-eabi-5_2-2015q4/bin/../lib/gcc/arm-none-eabi/5.2.1/armv6-m/libgcc.a(_arm_cmpsf2.o)
                0x0000000008007524                __aeabi_cfrcmple
                0x000000000800752c                __aeabi_cfcmple
                0x000000000800752c                __aeabi_cfcmpeq
                0x000000000800753c                __aeabi_fcmpeq
                0x0000000008007548                __aeabi_fcmplt
                0x000000000800755c                __aeabi_fcmple
                0x0000000008007570                __aeabi_fcmpgt
                0x0000000008007584                __aeabi_fcmpge
 .text          0x0000000008007598       0x30 /usr/local/gcc-arm-none-eabi-5_2-2015q4/bin/../lib/gcc/arm-none-eabi/5.2.1/armv6-m/libgcc.a(_fixunssfsi.o)
                0x0000000008007598                __aeabi_f2uiz
                0x0000000008007598                __fixunssfsi
 .text          0x00000000080075c8      0x2ec /usr/local/gcc-arm-none-eabi-5_2-2015q4/bin/../lib/gcc/arm-none-eabi/5.2.1/armv6-m/libgcc.a(addsf3.o)
                0x00000000080075c8                __aeabi_fadd
 .text          0x00000000080078b4      0x234 /usr/local/gcc-arm-none-eabi-5_2-2015q4/bin/../lib/gcc/arm-none-eabi/5.2.1/armv6-m/libgcc.a(divsf3.o)
                0x00000000080078b4                __aeabi_fdiv
 .text          0x0000000008007ae8       0x50 /usr/local/gcc-arm-none-eabi-5_2-2015q4/bin/../lib/gcc/arm-none-eabi/5.2.1/armv6-m/libgcc.a(eqsf2.o)
                0x0000000008007ae8                __nesf2
                0x0000000008007ae8                __eqsf2
 .text          0x0000000008007b38       0x88 /usr/local/gcc-arm-none-eabi-5_2-2015q4/bin/../lib/gcc/arm-none-eabi/5.2.1/armv6-m/libgcc.a(gesf2.o)
                0x0000000008007b38                __gtsf2
                0x0000000008007b38                __gesf2
 .text          0x0000000008007bc0       0x88 /usr/local/gcc-arm-none-eabi-5_2-2015q4/bin/../lib/gcc/arm-none-eabi/5.2.1/armv6-m/libgcc.a(lesf2.o)
                0x0000000008007bc0                __lesf2
                0x0000000008007bc0                __ltsf2
 .text          0x0000000008007c48      0x228 /usr/local/gcc-arm-none-eabi-5_2-2015q4/bin/../lib/gcc/arm-none-eabi/5.2.1/armv6-m/libgcc.a(mulsf3.o)
                0x0000000008007c48                __aeabi_fmul
 .text          0x0000000008007e70      0x30c /usr/local/gcc-arm-none-eabi-5_2-2015q4/bin/../lib/gcc/arm-none-eabi/5.2.1/armv6-m/libgcc.a(subsf3.o)
                0x0000000008007e70                __aeabi_fsub
 .text          0x000000000800817c       0x44 /usr/local/gcc-arm-none-eabi-5_2-2015q4/bin/../lib/gcc/arm-none-eabi/5.2.1/armv6-m/libgcc.a(fixsfsi.o)
                0x000000000800817c                __aeabi_f2iz
 .text          0x00000000080081c0       0x90 /usr/local/gcc-arm-none-eabi-5_2-2015q4/bin/../lib/gcc/arm-none-eabi/5.2.1/armv6-m/libgcc.a(floatsisf.o)
                0x00000000080081c0                __aeabi_i2f
 .text          0x0000000008008250       0x7c /usr/local/gcc-arm-none-eabi-5_2-2015q4/bin/../lib/gcc/arm-none-eabi/5.2.1/armv6-m/libgcc.a(floatunsisf.o)
                0x0000000008008250                __aeabi_ui2f
 .text          0x00000000080082cc      0x658 /usr/local/gcc-arm-none-eabi-5_2-2015q4/bin/../lib/gcc/arm-none-eabi/5.2.1/armv6-m/libgcc.a(adddf3.o)
                0x00000000080082cc                __aeabi_dadd
 .text          0x0000000008008924      0x62c /usr/local/gcc-arm-none-eabi-5_2-2015q4/bin/../lib/gcc/arm-none-eabi/5.2.1/armv6-m/libgcc.a(divdf3.o)
                0x0000000008008924                __aeabi_ddiv
 .text          0x0000000008008f50       0x80 /usr/local/gcc-arm-none-eabi-5_2-2015q4/bin/../lib/gcc/arm-none-eabi/5.2.1/armv6-m/libgcc.a(eqdf2.o)
                0x0000000008008f50                __eqdf2
                0x0000000008008f50                __nedf2
 .text          0x0000000008008fd0       0xc8 /usr/local/gcc-arm-none-eabi-5_2-2015q4/bin/../lib/gcc/arm-none-eabi/5.2.1/armv6-m/libgcc.a(gedf2.o)
                0x0000000008008fd0                __gtdf2
                0x0000000008008fd0                __gedf2
 .text          0x0000000008009098       0xd4 /usr/local/gcc-arm-none-eabi-5_2-2015q4/bin/../lib/gcc/arm-none-eabi/5.2.1/armv6-m/libgcc.a(ledf2.o)
                0x0000000008009098                __ltdf2
                0x0000000008009098                __ledf2
 .text          0x000000000800916c      0x4f4 /usr/local/gcc-arm-none-eabi-5_2-2015q4/bin/../lib/gcc/arm-none-eabi/5.2.1/armv6-m/libgcc.a(muldf3.o)
                0x000000000800916c                __aeabi_dmul
 .text          0x0000000008009660      0x6a8 /usr/local/gcc-arm-none-eabi-5_2-2015q4/bin/../lib/gcc/arm-none-eabi/5.2.1/armv6-m/libgcc.a(subdf3.o)
                0x0000000008009660                __aeabi_dsub
 .text          0x0000000008009d08       0xa8 /usr/local/gcc-arm-none-eabi-5_2-2015q4/bin/../lib/gcc/arm-none-eabi/5.2.1/armv6-m/libgcc.a(extendsfdf2.o)
                0x0000000008009d08                __aeabi_f2d
 .text          0x0000000008009db0      0x118 /usr/local/gcc-arm-none-eabi-5_2-2015q4/bin/../lib/gcc/arm-none-eabi/5.2.1/armv6-m/libgcc.a(truncdfsf2.o)
                0x0000000008009db0                __aeabi_d2f
 .text          0x0000000008009ec8       0x3c /usr/local/gcc-arm-none-eabi-5_2-2015q4/bin/../lib/gcc/arm-none-eabi/5.2.1/armv6-m/libgcc.a(_clzsi2.o)
                0x0000000008009ec8                __clzsi2
 *(.init)
 .init          0x0000000008009f04        0x4 /usr/local/gcc-arm-none-eabi-5_2-2015q4/bin/../lib/gcc/arm-none-eabi/5.2.1/armv6-m/crti.o
                0x0000000008009f04                _init
 .init          0x0000000008009f08        0x8 /usr/local/gcc-arm-none-eabi-5_2-2015q4/bin/../lib/gcc/arm-none-eabi/5.2.1/armv6-m/crtn.o
 *(.fini)
 .fini          0x0000000008009f10        0x4 /usr/local/gcc-arm-none-eabi-5_2-2015q4/bin/../lib/gcc/arm-none-eabi/5.2.1/armv6-m/crti.o
                0x0000000008009f10                _fini
 .fini          0x0000000008009f14        0x8 /usr/local/gcc-arm-none-eabi-5_2-2015q4/bin/../lib/gcc/arm-none-eabi/5.2.1/armv6-m/crtn.o
 *crtbegin.o(.ctors)
 *crtbegin?.o(.ctors)
 *(EXCLUDE_FILE(*crtend.o *crtend?.o) .ctors)
 *(SORT(.ctors.*))
 *(.ctors)
 *crtbegin.o(.dtors)
 *crtbegin?.o(.dtors)
 *(EXCLUDE_FILE(*crtend.o *crtend?.o) .dtors)
 *(SORT(.dtors.*))
 *(.dtors)
 *(.rodata*)
 .rodata.str1.1
                0x0000000008009f1c       0x64 src/main.o
 .rodata        0x0000000008009f80        0x6 src/ADXL345/ADXL345.o
 *fill*         0x0000000008009f86        0x2 
 .rodata.__stdin_name
                0x0000000008009f88        0x7 src/mbed/TARGET_NUCLEO_F072RB/TOOLCHAIN_GCC_ARM/retarget.o
                0x0000000008009f88                __stdin_name
 *fill*         0x0000000008009f8f        0x1 
 .rodata.__stderr_name
                0x0000000008009f90        0x8 src/mbed/TARGET_NUCLEO_F072RB/TOOLCHAIN_GCC_ARM/retarget.o
                0x0000000008009f90                __stderr_name
 .rodata.__stdout_name
                0x0000000008009f98        0x8 src/mbed/TARGET_NUCLEO_F072RB/TOOLCHAIN_GCC_ARM/retarget.o
                0x0000000008009f98                __stdout_name
 .rodata._ZTVN4mbed10FileHandleE
                0x0000000008009fa0       0x2c src/mbed/TARGET_NUCLEO_F072RB/TOOLCHAIN_GCC_ARM/retarget.o
                0x0000000008009fa0                vtable for mbed::FileHandle
 .rodata.str1.4
                0x0000000008009fcc        0xe src/mbed/TARGET_NUCLEO_F072RB/TOOLCHAIN_GCC_ARM/retarget.o
 *fill*         0x0000000008009fda        0x2 
 .rodata        0x0000000008009fdc       0x20 src/mbed/TARGET_NUCLEO_F072RB/TOOLCHAIN_GCC_ARM/stm32f0xx_hal_rcc.o
 .rodata.aAPBAHBPrescTable
                0x0000000008009ffc       0x10 src/mbed/TARGET_NUCLEO_F072RB/TOOLCHAIN_GCC_ARM/stm32f0xx_hal_rcc.o
                0x0000000008009ffc                aAPBAHBPrescTable
 .rodata.CSWTCH.30
                0x000000000800a00c        0x4 src/mbed/TARGET_NUCLEO_F072RB/TOOLCHAIN_GCC_ARM/stm32f0xx_hal_uart.o
 .rodata.AHBPrescTable
                0x000000000800a010       0x10 src/mbed/TARGET_NUCLEO_F072RB/TOOLCHAIN_GCC_ARM/system_stm32f0xx.o
                0x000000000800a010                AHBPrescTable
 .rodata.str1.4
                0x000000000800a020       0x84 ./src/mbed/TARGET_NUCLEO_F072RB/TOOLCHAIN_GCC_ARM/libmbed.a(serial_api.o)
 .rodata.pwmout_write
                0x000000000800a0a4       0xa8 ./src/mbed/TARGET_NUCLEO_F072RB/TOOLCHAIN_GCC_ARM/libmbed.a(pwmout_api.o)
 .rodata.str1.4
                0x000000000800a14c       0x22 ./src/mbed/TARGET_NUCLEO_F072RB/TOOLCHAIN_GCC_ARM/libmbed.a(pwmout_api.o)
 *fill*         0x000000000800a16e        0x2 
 .rodata._ZTVN4mbed6SerialE
                0x000000000800a170       0x5c ./src/mbed/TARGET_NUCLEO_F072RB/TOOLCHAIN_GCC_ARM/libmbed.a(Serial.o)
                0x000000000800a170                vtable for mbed::Serial
 *fill*         0x000000000800a1cc        0x4 
 .rodata._ZTVN4mbed10SerialBaseE
                0x000000000800a1d0       0x10 ./src/mbed/TARGET_NUCLEO_F072RB/TOOLCHAIN_GCC_ARM/libmbed.a(SerialBase.o)
                0x000000000800a1d0                vtable for mbed::SerialBase
 .rodata._ZTVN4mbed6StreamE
                0x000000000800a1e0       0x44 ./src/mbed/TARGET_NUCLEO_F072RB/TOOLCHAIN_GCC_ARM/libmbed.a(Stream.o)
                0x000000000800a1e0                vtable for mbed::Stream
 .rodata.str1.4
                0x000000000800a224        0x3 ./src/mbed/TARGET_NUCLEO_F072RB/TOOLCHAIN_GCC_ARM/libmbed.a(Stream.o)
                                          0x7 (size before relaxing)
 *fill*         0x000000000800a227        0x1 
 .rodata.str1.4
                0x000000000800a228       0x31 ./src/mbed/TARGET_NUCLEO_F072RB/TOOLCHAIN_GCC_ARM/libmbed.a(assert.o)
 *fill*         0x000000000800a259        0x3 
 .rodata.str1.4
                0x000000000800a25c       0x66 ./src/mbed/TARGET_NUCLEO_F072RB/TOOLCHAIN_GCC_ARM/libmbed.a(pinmap_common.o)
 *fill*         0x000000000800a2c2        0x2 
 .rodata.us_interface
                0x000000000800a2c4       0x14 ./src/mbed/TARGET_NUCLEO_F072RB/TOOLCHAIN_GCC_ARM/libmbed.a(us_ticker_api.o)
 .rodata.us_data
                0x000000000800a2d8        0x8 ./src/mbed/TARGET_NUCLEO_F072RB/TOOLCHAIN_GCC_ARM/libmbed.a(us_ticker_api.o)
 .rodata.PinMap_I2C_SDA
                0x000000000800a2e0       0x3c ./src/mbed/TARGET_NUCLEO_F072RB/TOOLCHAIN_GCC_ARM/libmbed.a(PeripheralPins.o)
                0x000000000800a2e0                PinMap_I2C_SDA
 .rodata.PinMap_UART_RX
                0x000000000800a31c       0x6c ./src/mbed/TARGET_NUCLEO_F072RB/TOOLCHAIN_GCC_ARM/libmbed.a(PeripheralPins.o)
                0x000000000800a31c                PinMap_UART_RX
 .rodata.PinMap_PWM
                0x000000000800a388      0x138 ./src/mbed/TARGET_NUCLEO_F072RB/TOOLCHAIN_GCC_ARM/libmbed.a(PeripheralPins.o)
                0x000000000800a388                PinMap_PWM
 .rodata.PinMap_I2C_SCL
                0x000000000800a4c0       0x3c ./src/mbed/TARGET_NUCLEO_F072RB/TOOLCHAIN_GCC_ARM/libmbed.a(PeripheralPins.o)
                0x000000000800a4c0                PinMap_I2C_SCL
 .rodata.PinMap_UART_TX
                0x000000000800a4fc       0x6c ./src/mbed/TARGET_NUCLEO_F072RB/TOOLCHAIN_GCC_ARM/libmbed.a(PeripheralPins.o)
                0x000000000800a4fc                PinMap_UART_TX
 .rodata.str1.4
                0x000000000800a568       0xb4 ./src/mbed/TARGET_NUCLEO_F072RB/TOOLCHAIN_GCC_ARM/libmbed.a(i2c_api.o)
 .rodata.Set_GPIO_Clock
                0x000000000800a61c       0x18 ./src/mbed/TARGET_NUCLEO_F072RB/TOOLCHAIN_GCC_ARM/libmbed.a(pinmap.o)
 .rodata.gpio_mode
                0x000000000800a634       0x34 ./src/mbed/TARGET_NUCLEO_F072RB/TOOLCHAIN_GCC_ARM/libmbed.a(pinmap.o)
 .rodata.str1.4
                0x000000000800a668       0x9c ./src/mbed/TARGET_NUCLEO_F072RB/TOOLCHAIN_GCC_ARM/libmbed.a(pinmap.o)
 .rodata.str1.4
                0x000000000800a704       0x52 ./src/mbed/TARGET_NUCLEO_F072RB/TOOLCHAIN_GCC_ARM/libmbed.a(rtc_api.o)
 *fill*         0x000000000800a756        0x2 
 .rodata._ZTVN4mbed8FileBaseE
                0x000000000800a758       0x10 ./src/mbed/TARGET_NUCLEO_F072RB/TOOLCHAIN_GCC_ARM/libmbed.a(FileBase.o)
                0x000000000800a758                vtable for mbed::FileBase
 .rodata._ZTVN4mbed8FileLikeE
                0x000000000800a768       0x3c ./src/mbed/TARGET_NUCLEO_F072RB/TOOLCHAIN_GCC_ARM/libmbed.a(FileLike.o)
                0x000000000800a768                vtable for mbed::FileLike
 .rodata.str1.4
                0x000000000800a7a4        0x8 /usr/local/gcc-arm-none-eabi-5_2-2015q4/bin/../lib/gcc/arm-none-eabi/5.2.1/../../../../arm-none-eabi/lib/armv6-m/libm.a(lib_a-w_sqrt.o)
                                          0x5 (size before relaxing)
 *fill*         0x000000000800a7ac        0x4 
 .rodata.atanlo
                0x000000000800a7b0       0x20 /usr/local/gcc-arm-none-eabi-5_2-2015q4/bin/../lib/gcc/arm-none-eabi/5.2.1/../../../../arm-none-eabi/lib/armv6-m/libm.a(lib_a-s_atan.o)
 .rodata.atanhi
                0x000000000800a7d0       0x20 /usr/local/gcc-arm-none-eabi-5_2-2015q4/bin/../lib/gcc/arm-none-eabi/5.2.1/../../../../arm-none-eabi/lib/armv6-m/libm.a(lib_a-s_atan.o)
 .rodata.__sf_fake_stdin
                0x000000000800a7f0       0x20 /usr/local/gcc-arm-none-eabi-5_2-2015q4/bin/../lib/gcc/arm-none-eabi/5.2.1/../../../../arm-none-eabi/lib/armv6-m/libc_nano.a(lib_a-findfp.o)
                0x000000000800a7f0                __sf_fake_stdin
 .rodata.__sf_fake_stdout
                0x000000000800a810       0x20 /usr/local/gcc-arm-none-eabi-5_2-2015q4/bin/../lib/gcc/arm-none-eabi/5.2.1/../../../../arm-none-eabi/lib/armv6-m/libc_nano.a(lib_a-findfp.o)
                0x000000000800a810                __sf_fake_stdout
 .rodata.__sf_fake_stderr
                0x000000000800a830       0x20 /usr/local/gcc-arm-none-eabi-5_2-2015q4/bin/../lib/gcc/arm-none-eabi/5.2.1/../../../../arm-none-eabi/lib/armv6-m/libc_nano.a(lib_a-findfp.o)
                0x000000000800a830                __sf_fake_stderr
 .rodata.str1.1
                0x000000000800a850        0x2 /usr/local/gcc-arm-none-eabi-5_2-2015q4/bin/../lib/gcc/arm-none-eabi/5.2.1/../../../../arm-none-eabi/lib/armv6-m/libc_nano.a(lib_a-impure.o)
 *fill*         0x000000000800a852        0x2 
 .rodata._global_impure_ptr
                0x000000000800a854        0x4 /usr/local/gcc-arm-none-eabi-5_2-2015q4/bin/../lib/gcc/arm-none-eabi/5.2.1/../../../../arm-none-eabi/lib/armv6-m/libc_nano.a(lib_a-impure.o)
                0x000000000800a854                _global_impure_ptr
 .rodata._DAYS_BEFORE_MONTH
                0x000000000800a858       0x30 /usr/local/gcc-arm-none-eabi-5_2-2015q4/bin/../lib/gcc/arm-none-eabi/5.2.1/../../../../arm-none-eabi/lib/armv6-m/libc_nano.a(lib_a-mktime.o)
 .rodata.DAYS_IN_MONTH
                0x000000000800a888       0x30 /usr/local/gcc-arm-none-eabi-5_2-2015q4/bin/../lib/gcc/arm-none-eabi/5.2.1/../../../../arm-none-eabi/lib/armv6-m/libc_nano.a(lib_a-mktime.o)
 .rodata.__month_lengths
                0x000000000800a8b8       0x60 /usr/local/gcc-arm-none-eabi-5_2-2015q4/bin/../lib/gcc/arm-none-eabi/5.2.1/../../../../arm-none-eabi/lib/armv6-m/libc_nano.a(lib_a-month_lengths.o)
                0x000000000800a8b8                __month_lengths
 .rodata.str1.1
                0x000000000800a918       0x11 /usr/local/gcc-arm-none-eabi-5_2-2015q4/bin/../lib/gcc/arm-none-eabi/5.2.1/../../../../arm-none-eabi/lib/armv6-m/libc_nano.a(lib_a-nano-vfprintf.o)
 .rodata.str1.1
                0x000000000800a929       0x22 /usr/local/gcc-arm-none-eabi-5_2-2015q4/bin/../lib/gcc/arm-none-eabi/5.2.1/../../../../arm-none-eabi/lib/armv6-m/libc_nano.a(lib_a-nano-vfprintf_i.o)
 *fill*         0x000000000800a94b        0x1 
 .rodata        0x000000000800a94c        0xc /usr/local/gcc-arm-none-eabi-5_2-2015q4/bin/../lib/gcc/arm-none-eabi/5.2.1/../../../../arm-none-eabi/lib/armv6-m/libc_nano.a(lib_a-nano-vfscanf_i.o)
 .rodata.str1.1
                0x000000000800a958       0x1b /usr/local/gcc-arm-none-eabi-5_2-2015q4/bin/../lib/gcc/arm-none-eabi/5.2.1/../../../../arm-none-eabi/lib/armv6-m/libc_nano.a(lib_a-nano-vfscanf_i.o)
 .rodata.str1.1
                0x000000000800a973       0x3c /usr/local/gcc-arm-none-eabi-5_2-2015q4/bin/../lib/gcc/arm-none-eabi/5.2.1/../../../../arm-none-eabi/lib/armv6-m/libc_nano.a(lib_a-tzset_r.o)
                                         0x4e (size before relaxing)
 .rodata.str1.1
                0x000000000800a9af        0x4 /usr/local/gcc-arm-none-eabi-5_2-2015q4/bin/../lib/gcc/arm-none-eabi/5.2.1/../../../../arm-none-eabi/lib/armv6-m/libc_nano.a(lib_a-tzvars.o)
 .rodata._ctype_
                0x000000000800a9af      0x101 /usr/local/gcc-arm-none-eabi-5_2-2015q4/bin/../lib/gcc/arm-none-eabi/5.2.1/../../../../arm-none-eabi/lib/armv6-m/libc_nano.a(lib_a-ctype_.o)
                0x000000000800a9af                _ctype_
 .rodata.str1.1
                0x000000000800aab0       0x11 /usr/local/gcc-arm-none-eabi-5_2-2015q4/bin/../lib/gcc/arm-none-eabi/5.2.1/../../../../arm-none-eabi/lib/armv6-m/libc_nano.a(lib_a-nano-svfprintf.o)
 .rodata.str1.1
                0x000000000800aab0        0x4 /usr/local/gcc-arm-none-eabi-5_2-2015q4/bin/../lib/gcc/arm-none-eabi/5.2.1/../../../../arm-none-eabi/lib/armv6-m/libc_nano.a(lib_a-nano-svfscanf.o)
 .rodata        0x000000000800aab0       0x80 /usr/local/gcc-arm-none-eabi-5_2-2015q4/bin/../lib/gcc/arm-none-eabi/5.2.1/armv6-m/libgcc.a(divsf3.o)
 .rodata        0x000000000800ab30       0x40 /usr/local/gcc-arm-none-eabi-5_2-2015q4/bin/../lib/gcc/arm-none-eabi/5.2.1/armv6-m/libgcc.a(mulsf3.o)
 .rodata        0x000000000800ab70       0x40 /usr/local/gcc-arm-none-eabi-5_2-2015q4/bin/../lib/gcc/arm-none-eabi/5.2.1/armv6-m/libgcc.a(divdf3.o)
 .rodata        0x000000000800abb0       0x40 /usr/local/gcc-arm-none-eabi-5_2-2015q4/bin/../lib/gcc/arm-none-eabi/5.2.1/armv6-m/libgcc.a(muldf3.o)
 *(.eh_frame*)
 .eh_frame      0x000000000800abf0        0x0 /usr/local/gcc-arm-none-eabi-5_2-2015q4/bin/../lib/gcc/arm-none-eabi/5.2.1/armv6-m/crtbegin.o
 .eh_frame      0x000000000800abf0        0x4 /usr/local/gcc-arm-none-eabi-5_2-2015q4/bin/../lib/gcc/arm-none-eabi/5.2.1/armv6-m/crtend.o

.glue_7         0x000000000800abf4        0x0
 .glue_7        0x000000000800abf4        0x0 linker stubs

.glue_7t        0x000000000800abf4        0x0
 .glue_7t       0x000000000800abf4        0x0 linker stubs

.vfp11_veneer   0x000000000800abf4        0x0
 .vfp11_veneer  0x000000000800abf4        0x0 linker stubs

.v4_bx          0x000000000800abf4        0x0
 .v4_bx         0x000000000800abf4        0x0 linker stubs

.iplt           0x000000000800abf4        0x0
 .iplt          0x000000000800abf4        0x0 /usr/local/gcc-arm-none-eabi-5_2-2015q4/bin/../lib/gcc/arm-none-eabi/5.2.1/armv6-m/crtbegin.o

.ARM.extab
 *(.ARM.extab* .gnu.linkonce.armextab.*)
                0x000000000800abf4                __exidx_start = .

.ARM.exidx      0x000000000800abf4        0x8
 *(.ARM.exidx* .gnu.linkonce.armexidx.*)
 .ARM.exidx     0x000000000800abf4        0x8 /usr/local/gcc-arm-none-eabi-5_2-2015q4/bin/../lib/gcc/arm-none-eabi/5.2.1/../../../../arm-none-eabi/lib/armv6-m/crt0.o
                0x000000000800abfc                __exidx_end = .
                0x000000000800abfc                __etext = .
                0x000000000800abfc                _sidata = .

.rel.dyn        0x000000000800abfc        0x0
 .rel.iplt      0x000000000800abfc        0x0 /usr/local/gcc-arm-none-eabi-5_2-2015q4/bin/../lib/gcc/arm-none-eabi/5.2.1/armv6-m/crtbegin.o

.data           0x00000000200000c0       0xfc load address 0x000000000800abfc
                0x00000000200000c0                __data_start__ = .
                0x00000000200000c0                _sdata = .
 *(vtable)
 *(.data*)
 .data          0x00000000200000c0        0x4 /usr/local/gcc-arm-none-eabi-5_2-2015q4/bin/../lib/gcc/arm-none-eabi/5.2.1/armv6-m/crtbegin.o
                0x00000000200000c0                __dso_handle
 .data.mspeed1  0x00000000200000c4        0x4 src/main.o
                0x00000000200000c4                mspeed1
 .data.mspeed2  0x00000000200000c8        0x4 src/main.o
                0x00000000200000c8                mspeed2
 .data.mspeed3  0x00000000200000cc        0x4 src/main.o
                0x00000000200000cc                mspeed3
 .data.mspeed4  0x00000000200000d0        0x4 src/main.o