Archive member included to satisfy reference by file (symbol)

./mbed/TARGET_NUCLEO_F072RB/TOOLCHAIN_GCC_ARM/libmbed.a(serial_api.o)
                              mbed/TARGET_NUCLEO_F072RB/TOOLCHAIN_GCC_ARM/retarget.o (serial_init)
./mbed/TARGET_NUCLEO_F072RB/TOOLCHAIN_GCC_ARM/libmbed.a(FilePath.o)
                              mbed/TARGET_NUCLEO_F072RB/TOOLCHAIN_GCC_ARM/retarget.o (mbed::FilePath::FilePath(char const*))
./mbed/TARGET_NUCLEO_F072RB/TOOLCHAIN_GCC_ARM/libmbed.a(FileSystemLike.o)
                              mbed/TARGET_NUCLEO_F072RB/TOOLCHAIN_GCC_ARM/retarget.o (mbed::FileSystemLike::opendir())
./mbed/TARGET_NUCLEO_F072RB/TOOLCHAIN_GCC_ARM/libmbed.a(I2C.o)
                              ITG3200/ITG3200.o (mbed::I2C::I2C(PinName, PinName))
./mbed/TARGET_NUCLEO_F072RB/TOOLCHAIN_GCC_ARM/libmbed.a(assert.o)
                              ./mbed/TARGET_NUCLEO_F072RB/TOOLCHAIN_GCC_ARM/libmbed.a(serial_api.o) (mbed_assert_internal)
./mbed/TARGET_NUCLEO_F072RB/TOOLCHAIN_GCC_ARM/libmbed.a(error.o)
                              mbed/TARGET_NUCLEO_F072RB/TOOLCHAIN_GCC_ARM/retarget.o (error)
./mbed/TARGET_NUCLEO_F072RB/TOOLCHAIN_GCC_ARM/libmbed.a(pinmap_common.o)
                              ./mbed/TARGET_NUCLEO_F072RB/TOOLCHAIN_GCC_ARM/libmbed.a(serial_api.o) (pinmap_pinout)
./mbed/TARGET_NUCLEO_F072RB/TOOLCHAIN_GCC_ARM/libmbed.a(us_ticker_api.o)
                              mbed/TARGET_NUCLEO_F072RB/TOOLCHAIN_GCC_ARM/hal_tick.o (us_ticker_irq_handler)
./mbed/TARGET_NUCLEO_F072RB/TOOLCHAIN_GCC_ARM/libmbed.a(wait_api.o)
                              ADXL345/ADXL345.o (wait_us)
./mbed/TARGET_NUCLEO_F072RB/TOOLCHAIN_GCC_ARM/libmbed.a(PeripheralPins.o)
                              ./mbed/TARGET_NUCLEO_F072RB/TOOLCHAIN_GCC_ARM/libmbed.a(serial_api.o) (PinMap_UART_RX)
./mbed/TARGET_NUCLEO_F072RB/TOOLCHAIN_GCC_ARM/libmbed.a(i2c_api.o)
                              ./mbed/TARGET_NUCLEO_F072RB/TOOLCHAIN_GCC_ARM/libmbed.a(I2C.o) (i2c_frequency)
./mbed/TARGET_NUCLEO_F072RB/TOOLCHAIN_GCC_ARM/libmbed.a(pinmap.o)
                              ./mbed/TARGET_NUCLEO_F072RB/TOOLCHAIN_GCC_ARM/libmbed.a(serial_api.o) (pin_function)
./mbed/TARGET_NUCLEO_F072RB/TOOLCHAIN_GCC_ARM/libmbed.a(us_ticker.o)
                              ./mbed/TARGET_NUCLEO_F072RB/TOOLCHAIN_GCC_ARM/libmbed.a(us_ticker_api.o) (us_ticker_init)
./mbed/TARGET_NUCLEO_F072RB/TOOLCHAIN_GCC_ARM/libmbed.a(FileBase.o)
                              ./mbed/TARGET_NUCLEO_F072RB/TOOLCHAIN_GCC_ARM/libmbed.a(FileSystemLike.o) (mbed::FileBase::~FileBase())
./mbed/TARGET_NUCLEO_F072RB/TOOLCHAIN_GCC_ARM/libmbed.a(ticker_api.o)
                              ./mbed/TARGET_NUCLEO_F072RB/TOOLCHAIN_GCC_ARM/libmbed.a(us_ticker_api.o) (ticker_irq_handler)
/usr/local/gcc-arm-none-eabi-5_2-2015q4/bin/../lib/gcc/arm-none-eabi/5.2.1/../../../../arm-none-eabi/lib/armv6-m/libstdc++_nano.a(del_op.o)
                              mbed/TARGET_NUCLEO_F072RB/TOOLCHAIN_GCC_ARM/retarget.o (operator delete(void*))
/usr/local/gcc-arm-none-eabi-5_2-2015q4/bin/../lib/gcc/arm-none-eabi/5.2.1/../../../../arm-none-eabi/lib/armv6-m/libstdc++_nano.a(new_op.o)
                              ./mbed/TARGET_NUCLEO_F072RB/TOOLCHAIN_GCC_ARM/libmbed.a(FileSystemLike.o) (operator new(unsigned int))
/usr/local/gcc-arm-none-eabi-5_2-2015q4/bin/../lib/gcc/arm-none-eabi/5.2.1/../../../../arm-none-eabi/lib/armv6-m/libstdc++_nano.a(new_handler.o)
                              /usr/local/gcc-arm-none-eabi-5_2-2015q4/bin/../lib/gcc/arm-none-eabi/5.2.1/../../../../arm-none-eabi/lib/armv6-m/libstdc++_nano.a(new_op.o) (std::get_new_handler())
/usr/local/gcc-arm-none-eabi-5_2-2015q4/bin/../lib/gcc/arm-none-eabi/5.2.1/../../../../arm-none-eabi/lib/armv6-m/libc_nano.a(lib_a-abort.o)
                              /usr/local/gcc-arm-none-eabi-5_2-2015q4/bin/../lib/gcc/arm-none-eabi/5.2.1/../../../../arm-none-eabi/lib/armv6-m/libstdc++_nano.a(new_op.o) (abort)
/usr/local/gcc-arm-none-eabi-5_2-2015q4/bin/../lib/gcc/arm-none-eabi/5.2.1/../../../../arm-none-eabi/lib/armv6-m/libc_nano.a(lib_a-errno.o)
                              mbed/TARGET_NUCLEO_F072RB/TOOLCHAIN_GCC_ARM/retarget.o (__errno)
/usr/local/gcc-arm-none-eabi-5_2-2015q4/bin/../lib/gcc/arm-none-eabi/5.2.1/../../../../arm-none-eabi/lib/armv6-m/libc_nano.a(lib_a-exit.o)
                              /usr/local/gcc-arm-none-eabi-5_2-2015q4/bin/../lib/gcc/arm-none-eabi/5.2.1/../../../../arm-none-eabi/lib/armv6-m/crt0.o (exit)
/usr/local/gcc-arm-none-eabi-5_2-2015q4/bin/../lib/gcc/arm-none-eabi/5.2.1/../../../../arm-none-eabi/lib/armv6-m/libc_nano.a(lib_a-fflush.o)
                              mbed/TARGET_NUCLEO_F072RB/TOOLCHAIN_GCC_ARM/retarget.o (fflush)
/usr/local/gcc-arm-none-eabi-5_2-2015q4/bin/../lib/gcc/arm-none-eabi/5.2.1/../../../../arm-none-eabi/lib/armv6-m/libc_nano.a(lib_a-fgetc.o)
                              mbed/TARGET_NUCLEO_F072RB/TOOLCHAIN_GCC_ARM/retarget.o (fgetc)
[...]
Memory Configuration

Name             Origin             Length             Attributes
FLASH            0x0000000008000000 0x0000000000020000 xr
RAM              0x00000000200000c0 0x0000000000003f40 xrw
*default*        0x0000000000000000 0xffffffffffffffff

Linker script and memory map

LOAD /usr/local/gcc-arm-none-eabi-5_2-2015q4/bin/../lib/gcc/arm-none-eabi/5.2.1/armv6-m/crti.o
LOAD /usr/local/gcc-arm-none-eabi-5_2-2015q4/bin/../lib/gcc/arm-none-eabi/5.2.1/armv6-m/crtbegin.o
LOAD /usr/local/gcc-arm-none-eabi-5_2-2015q4/bin/../lib/gcc/arm-none-eabi/5.2.1/../../../../arm-none-eabi/lib/armv6-m/crt0.o
LOAD main.o
LOAD ITG3200/ITG3200.o
LOAD ADXL345/ADXL345.o
LOAD mbed/TARGET_NUCLEO_F072RB/TOOLCHAIN_GCC_ARM/stm32f0xx_hal_smartcard.o
LOAD mbed/TARGET_NUCLEO_F072RB/TOOLCHAIN_GCC_ARM/board.o
LOAD mbed/TARGET_NUCLEO_F072RB/TOOLCHAIN_GCC_ARM/cmsis_nvic.o
LOAD mbed/TARGET_NUCLEO_F072RB/TOOLCHAIN_GCC_ARM/hal_tick.o
LOAD mbed/TARGET_NUCLEO_F072RB/TOOLCHAIN_GCC_ARM/mbed_overrides.o
LOAD mbed/TARGET_NUCLEO_F072RB/TOOLCHAIN_GCC_ARM/retarget.o
LOAD mbed/TARGET_NUCLEO_F072RB/TOOLCHAIN_GCC_ARM/startup_stm32f072xb.o
LOAD mbed/TARGET_NUCLEO_F072RB/TOOLCHAIN_GCC_ARM/stm32f0xx_hal.o
LOAD mbed/TARGET_NUCLEO_F072RB/TOOLCHAIN_GCC_ARM/stm32f0xx_hal_adc.o
LOAD mbed/TARGET_NUCLEO_F072RB/TOOLCHAIN_GCC_ARM/stm32f0xx_hal_adc_ex.o
LOAD mbed/TARGET_NUCLEO_F072RB/TOOLCHAIN_GCC_ARM/stm32f0xx_hal_can.o
LOAD mbed/TARGET_NUCLEO_F072RB/TOOLCHAIN_GCC_ARM/stm32f0xx_hal_cec.o
LOAD mbed/TARGET_NUCLEO_F072RB/TOOLCHAIN_GCC_ARM/stm32f0xx_hal_comp.o
LOAD mbed/TARGET_NUCLEO_F072RB/TOOLCHAIN_GCC_ARM/stm32f0xx_hal_cortex.o
LOAD mbed/TARGET_NUCLEO_F072RB/TOOLCHAIN_GCC_ARM/stm32f0xx_hal_crc.o
LOAD mbed/TARGET_NUCLEO_F072RB/TOOLCHAIN_GCC_ARM/stm32f0xx_hal_crc_ex.o
LOAD mbed/TARGET_NUCLEO_F072RB/TOOLCHAIN_GCC_ARM/stm32f0xx_hal_dac.o
LOAD mbed/TARGET_NUCLEO_F072RB/TOOLCHAIN_GCC_ARM/stm32f0xx_hal_dac_ex.o
LOAD mbed/TARGET_NUCLEO_F072RB/TOOLCHAIN_GCC_ARM/stm32f0xx_hal_dma.o
LOAD mbed/TARGET_NUCLEO_F072RB/TOOLCHAIN_GCC_ARM/stm32f0xx_hal_flash.o
LOAD mbed/TARGET_NUCLEO_F072RB/TOOLCHAIN_GCC_ARM/stm32f0xx_hal_flash_ex.o
LOAD mbed/TARGET_NUCLEO_F072RB/TOOLCHAIN_GCC_ARM/stm32f0xx_hal_gpio.o
LOAD mbed/TARGET_NUCLEO_F072RB/TOOLCHAIN_GCC_ARM/stm32f0xx_hal_i2c.o
LOAD mbed/TARGET_NUCLEO_F072RB/TOOLCHAIN_GCC_ARM/stm32f0xx_hal_i2c_ex.o
LOAD mbed/TARGET_NUCLEO_F072RB/TOOLCHAIN_GCC_ARM/stm32f0xx_hal_i2s.o
LOAD mbed/TARGET_NUCLEO_F072RB/TOOLCHAIN_GCC_ARM/stm32f0xx_hal_irda.o
LOAD mbed/TARGET_NUCLEO_F072RB/TOOLCHAIN_GCC_ARM/stm32f0xx_hal_iwdg.o
LOAD mbed/TARGET_NUCLEO_F072RB/TOOLCHAIN_GCC_ARM/stm32f0xx_hal_pcd.o
LOAD mbed/TARGET_NUCLEO_F072RB/TOOLCHAIN_GCC_ARM/stm32f0xx_hal_pcd_ex.o
LOAD mbed/TARGET_NUCLEO_F072RB/TOOLCHAIN_GCC_ARM/stm32f0xx_hal_pwr.o
LOAD mbed/TARGET_NUCLEO_F072RB/TOOLCHAIN_GCC_ARM/stm32f0xx_hal_pwr_ex.o
LOAD mbed/TARGET_NUCLEO_F072RB/TOOLCHAIN_GCC_ARM/stm32f0xx_hal_rcc.o
LOAD mbed/TARGET_NUCLEO_F072RB/TOOLCHAIN_GCC_ARM/stm32f0xx_hal_rcc_ex.o
LOAD mbed/TARGET_NUCLEO_F072RB/TOOLCHAIN_GCC_ARM/stm32f0xx_hal_rtc.o
LOAD mbed/TARGET_NUCLEO_F072RB/TOOLCHAIN_GCC_ARM/stm32f0xx_hal_rtc_ex.o
LOAD mbed/TARGET_NUCLEO_F072RB/TOOLCHAIN_GCC_ARM/stm32f0xx_hal_smartcard_ex.o
LOAD mbed/TARGET_NUCLEO_F072RB/TOOLCHAIN_GCC_ARM/stm32f0xx_hal_smbus.o
LOAD mbed/TARGET_NUCLEO_F072RB/TOOLCHAIN_GCC_ARM/stm32f0xx_hal_spi.o
LOAD mbed/TARGET_NUCLEO_F072RB/TOOLCHAIN_GCC_ARM/stm32f0xx_hal_spi_ex.o
LOAD mbed/TARGET_NUCLEO_F072RB/TOOLCHAIN_GCC_ARM/stm32f0xx_hal_tim.o
LOAD mbed/TARGET_NUCLEO_F072RB/TOOLCHAIN_GCC_ARM/stm32f0xx_hal_tim_ex.o
LOAD mbed/TARGET_NUCLEO_F072RB/TOOLCHAIN_GCC_ARM/stm32f0xx_hal_tsc.o
LOAD mbed/TARGET_NUCLEO_F072RB/TOOLCHAIN_GCC_ARM/stm32f0xx_hal_uart.o
LOAD mbed/TARGET_NUCLEO_F072RB/TOOLCHAIN_GCC_ARM/stm32f0xx_hal_uart_ex.o
LOAD mbed/TARGET_NUCLEO_F072RB/TOOLCHAIN_GCC_ARM/stm32f0xx_hal_usart.o
LOAD mbed/TARGET_NUCLEO_F072RB/TOOLCHAIN_GCC_ARM/stm32f0xx_hal_wwdg.o
LOAD mbed/TARGET_NUCLEO_F072RB/TOOLCHAIN_GCC_ARM/system_stm32f0xx.o
LOAD ./mbed/TARGET_NUCLEO_F072RB/TOOLCHAIN_GCC_ARM/libmbed.a
LOAD /usr/local/gcc-arm-none-eabi-5_2-2015q4/bin/../lib/gcc/arm-none-eabi/5.2.1/../../../../arm-none-eabi/lib/armv6-m/libstdc++_nano.a
LOAD /usr/local/gcc-arm-none-eabi-5_2-2015q4/bin/../lib/gcc/arm-none-eabi/5.2.1/../../../../arm-none-eabi/lib/armv6-m/libsupc++_nano.a
LOAD /usr/local/gcc-arm-none-eabi-5_2-2015q4/bin/../lib/gcc/arm-none-eabi/5.2.1/../../../../arm-none-eabi/lib/armv6-m/libm.a
LOAD /usr/local/gcc-arm-none-eabi-5_2-2015q4/bin/../lib/gcc/arm-none-eabi/5.2.1/../../../../arm-none-eabi/lib/armv6-m/libc_nano.a
LOAD /usr/local/gcc-arm-none-eabi-5_2-2015q4/bin/../lib/gcc/arm-none-eabi/5.2.1/armv6-m/libgcc.a
LOAD /usr/local/gcc-arm-none-eabi-5_2-2015q4/bin/../lib/gcc/arm-none-eabi/5.2.1/../../../../arm-none-eabi/lib/armv6-m/libnosys.a
LOAD ./mbed/TARGET_NUCLEO_F072RB/TOOLCHAIN_GCC_ARM/libmbed.a
LOAD /usr/local/gcc-arm-none-eabi-5_2-2015q4/bin/../lib/gcc/arm-none-eabi/5.2.1/../../../../arm-none-eabi/lib/armv6-m/libstdc++_nano.a
LOAD /usr/local/gcc-arm-none-eabi-5_2-2015q4/bin/../lib/gcc/arm-none-eabi/5.2.1/../../../../arm-none-eabi/lib/armv6-m/libsupc++_nano.a
LOAD /usr/local/gcc-arm-none-eabi-5_2-2015q4/bin/../lib/gcc/arm-none-eabi/5.2.1/../../../../arm-none-eabi/lib/armv6-m/libm.a
LOAD /usr/local/gcc-arm-none-eabi-5_2-2015q4/bin/../lib/gcc/arm-none-eabi/5.2.1/../../../../arm-none-eabi/lib/armv6-m/libc_nano.a
LOAD /usr/local/gcc-arm-none-eabi-5_2-2015q4/bin/../lib/gcc/arm-none-eabi/5.2.1/armv6-m/libgcc.a
LOAD /usr/local/gcc-arm-none-eabi-5_2-2015q4/bin/../lib/gcc/arm-none-eabi/5.2.1/../../../../arm-none-eabi/lib/armv6-m/libnosys.a
START GROUP
LOAD /usr/local/gcc-arm-none-eabi-5_2-2015q4/bin/../lib/gcc/arm-none-eabi/5.2.1/armv6-m/libgcc.a
LOAD /usr/local/gcc-arm-none-eabi-5_2-2015q4/bin/../lib/gcc/arm-none-eabi/5.2.1/../../../../arm-none-eabi/lib/armv6-m/libc_nano.a
END GROUP
START GROUP
LOAD /usr/local/gcc-arm-none-eabi-5_2-2015q4/bin/../lib/gcc/arm-none-eabi/5.2.1/armv6-m/libgcc.a
LOAD /usr/local/gcc-arm-none-eabi-5_2-2015q4/bin/../lib/gcc/arm-none-eabi/5.2.1/../../../../arm-none-eabi/lib/armv6-m/libc_nano.a
END GROUP
LOAD /usr/local/gcc-arm-none-eabi-5_2-2015q4/bin/../lib/gcc/arm-none-eabi/5.2.1/armv6-m/crtend.o
LOAD /usr/local/gcc-arm-none-eabi-5_2-2015q4/bin/../lib/gcc/arm-none-eabi/5.2.1/armv6-m/crtn.o

.text           0x0000000008000000     0x2fb8
 *(.isr_vector)
 .isr_vector    0x0000000008000000       0xc0 mbed/TARGET_NUCLEO_F072RB/TOOLCHAIN_GCC_ARM/startup_stm32f072xb.o
                0x0000000008000000                g_pfnVectors
 *(.text*)
 .text          0x00000000080000c0       0xb4 /usr/local/gcc-arm-none-eabi-5_2-2015q4/bin/../lib/gcc/arm-none-eabi/5.2.1/armv6-m/crtbegin.o
 .text          0x0000000008000174       0x78 /usr/local/gcc-arm-none-eabi-5_2-2015q4/bin/../lib/gcc/arm-none-eabi/5.2.1/../../../../arm-none-eabi/lib/armv6-m/crt0.o
                0x0000000008000174                _mainCRTStartup
                0x0000000008000174                _start
 .text.startup.main
                0x00000000080001ec        0x2 main.o
                0x00000000080001ec                main
 *fill*         0x00000000080001ee        0x2 
 .text.mbed_die
                0x00000000080001f0       0x14 mbed/TARGET_NUCLEO_F072RB/TOOLCHAIN_GCC_ARM/board.o
                0x00000000080001f0                mbed_die
 .text.NVIC_SetVector
                0x0000000008000204       0x48 mbed/TARGET_NUCLEO_F072RB/TOOLCHAIN_GCC_ARM/cmsis_nvic.o
                0x0000000008000204                NVIC_SetVector
 .text.timer_irq_handler
                0x000000000800024c       0x54 mbed/TARGET_NUCLEO_F072RB/TOOLCHAIN_GCC_ARM/hal_tick.o
                0x000000000800024c                timer_irq_handler
 .text.HAL_InitTick
                0x00000000080002a0       0xac mbed/TARGET_NUCLEO_F072RB/TOOLCHAIN_GCC_ARM/hal_tick.o
                0x00000000080002a0                HAL_InitTick
 .text.mbed_sdk_init
                0x000000000800034c        0xc mbed/TARGET_NUCLEO_F072RB/TOOLCHAIN_GCC_ARM/mbed_overrides.o
                0x000000000800034c                mbed_sdk_init
 .text._ZL11init_serialv.part.0
                0x0000000008000358       0x14 mbed/TARGET_NUCLEO_F072RB/TOOLCHAIN_GCC_ARM/retarget.o
 .text._close   0x000000000800036c       0x2c mbed/TARGET_NUCLEO_F072RB/TOOLCHAIN_GCC_ARM/retarget.o
                0x000000000800036c                _close
 .text._write   0x0000000008000398       0x58 mbed/TARGET_NUCLEO_F072RB/TOOLCHAIN_GCC_ARM/retarget.o
                0x0000000008000398                _write
 .text._read    0x00000000080003f0       0x48 mbed/TARGET_NUCLEO_F072RB/TOOLCHAIN_GCC_ARM/retarget.o
                0x00000000080003f0                _read
 .text._isatty  0x0000000008000438       0x28 mbed/TARGET_NUCLEO_F072RB/TOOLCHAIN_GCC_ARM/retarget.o
                0x0000000008000438                _isatty
 .text._lseek   0x0000000008000460       0x28 mbed/TARGET_NUCLEO_F072RB/TOOLCHAIN_GCC_ARM/retarget.o
                0x0000000008000460                _lseek
 .text._fstat   0x0000000008000488       0x20 mbed/TARGET_NUCLEO_F072RB/TOOLCHAIN_GCC_ARM/retarget.o
                0x0000000008000488                _fstat
 .text.mbed_main
                0x00000000080004a8        0x4 mbed/TARGET_NUCLEO_F072RB/TOOLCHAIN_GCC_ARM/retarget.o
                0x00000000080004a8                mbed_main
 .text.__wrap_main
                0x00000000080004ac       0x10 mbed/TARGET_NUCLEO_F072RB/TOOLCHAIN_GCC_ARM/retarget.o
                0x00000000080004ac                __wrap_main
 .text._sbrk    0x00000000080004bc       0x28 mbed/TARGET_NUCLEO_F072RB/TOOLCHAIN_GCC_ARM/retarget.o
                0x00000000080004bc                _sbrk
 .text._exit    0x00000000080004e4       0x28 mbed/TARGET_NUCLEO_F072RB/TOOLCHAIN_GCC_ARM/retarget.o
                0x00000000080004e4                _exit
 .text.Reset_Handler
                0x000000000800050c       0x4c mbed/TARGET_NUCLEO_F072RB/TOOLCHAIN_GCC_ARM/startup_stm32f072xb.o
                0x000000000800050c                Reset_Handler
 .text.Default_Handler
                0x0000000008000558        0x2 mbed/TARGET_NUCLEO_F072RB/TOOLCHAIN_GCC_ARM/startup_stm32f072xb.o
                0x0000000008000558                TIM1_BRK_UP_TRG_COM_IRQHandler
                0x0000000008000558                TSC_IRQHandler
                0x0000000008000558                HardFault_Handler
                0x0000000008000558                ADC1_COMP_IRQHandler
                0x0000000008000558                SysTick_Handler
                0x0000000008000558                PendSV_Handler
                0x0000000008000558                NMI_Handler
                0x0000000008000558                I2C1_IRQHandler
                0x0000000008000558                RCC_CRS_IRQHandler
                0x0000000008000558                SPI1_IRQHandler
                0x0000000008000558                TIM6_DAC_IRQHandler
                0x0000000008000558                USART3_4_IRQHandler
                0x0000000008000558                EXTI2_3_IRQHandler
                0x0000000008000558                I2C2_IRQHandler
                0x0000000008000558                TIM17_IRQHandler
                0x0000000008000558                CEC_CAN_IRQHandler
                0x0000000008000558                RTC_IRQHandler
                0x0000000008000558                PVD_VDDIO2_IRQHandler
                0x0000000008000558                DMA1_Channel4_5_6_7_IRQHandler
                0x0000000008000558                TIM16_IRQHandler
                0x0000000008000558                TIM3_IRQHandler
                0x0000000008000558                EXTI4_15_IRQHandler
                0x0000000008000558                DMA1_Channel1_IRQHandler
                0x0000000008000558                Default_Handler
                0x0000000008000558                TIM14_IRQHandler
                0x0000000008000558                TIM7_IRQHandler
                0x0000000008000558                TIM15_IRQHandler
                0x0000000008000558                EXTI0_1_IRQHandler
                0x0000000008000558                USB_IRQHandler
                0x0000000008000558                SPI2_IRQHandler
                0x0000000008000558                SVC_Handler
                0x0000000008000558                WWDG_IRQHandler
                0x0000000008000558                TIM2_IRQHandler
                0x0000000008000558                DMA1_Channel2_3_IRQHandler
                0x0000000008000558                USART2_IRQHandler
                0x0000000008000558                FLASH_IRQHandler
                0x0000000008000558                USART1_IRQHandler
                0x0000000008000558                TIM1_CC_IRQHandler
 *fill*         0x000000000800055a        0x2 
 .text.HAL_MspInit
                0x000000000800055c        0x4 mbed/TARGET_NUCLEO_F072RB/TOOLCHAIN_GCC_ARM/stm32f0xx_hal.o
                0x000000000800055c                HAL_MspInit
 .text.HAL_Init
                0x0000000008000560       0x20 mbed/TARGET_NUCLEO_F072RB/TOOLCHAIN_GCC_ARM/stm32f0xx_hal.o
                0x0000000008000560                HAL_Init
 .text.HAL_IncTick
                0x0000000008000580       0x10 mbed/TARGET_NUCLEO_F072RB/TOOLCHAIN_GCC_ARM/stm32f0xx_hal.o
                0x0000000008000580                HAL_IncTick
 .text.HAL_GetTick
                0x0000000008000590        0xc mbed/TARGET_NUCLEO_F072RB/TOOLCHAIN_GCC_ARM/stm32f0xx_hal.o
                0x0000000008000590                HAL_GetTick
 .text.HAL_GPIO_Init
                0x000000000800059c      0x1ec mbed/TARGET_NUCLEO_F072RB/TOOLCHAIN_GCC_ARM/stm32f0xx_hal_gpio.o
                0x000000000800059c                HAL_GPIO_Init
 .text.HAL_RCC_OscConfig
                0x0000000008000788      0x53c mbed/TARGET_NUCLEO_F072RB/TOOLCHAIN_GCC_ARM/stm32f0xx_hal_rcc.o
                0x0000000008000788                HAL_RCC_OscConfig
 .text.HAL_RCC_ClockConfig
                0x0000000008000cc4      0x230 mbed/TARGET_NUCLEO_F072RB/TOOLCHAIN_GCC_ARM/stm32f0xx_hal_rcc.o
                0x0000000008000cc4                HAL_RCC_ClockConfig
 .text.HAL_RCC_GetSysClockFreq
                0x0000000008000ef4       0x84 mbed/TARGET_NUCLEO_F072RB/TOOLCHAIN_GCC_ARM/stm32f0xx_hal_rcc.o
                0x0000000008000ef4                HAL_RCC_GetSysClockFreq
 .text.HAL_RCC_GetHCLKFreq
                0x0000000008000f78       0x28 mbed/TARGET_NUCLEO_F072RB/TOOLCHAIN_GCC_ARM/stm32f0xx_hal_rcc.o
                0x0000000008000f78                HAL_RCC_GetHCLKFreq
 .text.HAL_RCC_GetPCLK1Freq
                0x0000000008000fa0       0x20 mbed/TARGET_NUCLEO_F072RB/TOOLCHAIN_GCC_ARM/stm32f0xx_hal_rcc.o
                0x0000000008000fa0                HAL_RCC_GetPCLK1Freq
 .text.HAL_TIM_OC_MspInit
                0x0000000008000fc0        0x4 mbed/TARGET_NUCLEO_F072RB/TOOLCHAIN_GCC_ARM/stm32f0xx_hal_tim.o
                0x0000000008000fc0                HAL_TIM_OC_MspInit
 .text.HAL_TIM_OC_Start
                0x0000000008000fc4       0x54 mbed/TARGET_NUCLEO_F072RB/TOOLCHAIN_GCC_ARM/stm32f0xx_hal_tim.o
                0x0000000008000fc4                HAL_TIM_OC_Start
 .text.TIM_Base_SetConfig
                0x0000000008001018       0xc8 mbed/TARGET_NUCLEO_F072RB/TOOLCHAIN_GCC_ARM/stm32f0xx_hal_tim.o
                0x0000000008001018                TIM_Base_SetConfig
 .text.HAL_TIM_OC_Init
                0x00000000080010e0       0x38 mbed/TARGET_NUCLEO_F072RB/TOOLCHAIN_GCC_ARM/stm32f0xx_hal_tim.o
                0x00000000080010e0                HAL_TIM_OC_Init
 .text.HAL_UART_MspInit
                0x0000000008001118        0x4 mbed/TARGET_NUCLEO_F072RB/TOOLCHAIN_GCC_ARM/stm32f0xx_hal_uart.o
                0x0000000008001118                HAL_UART_MspInit
 .text.UART_SetConfig
                0x000000000800111c      0x17c mbed/TARGET_NUCLEO_F072RB/TOOLCHAIN_GCC_ARM/stm32f0xx_hal_uart.o
                0x000000000800111c                UART_SetConfig
 .text.UART_AdvFeatureConfig
                0x0000000008001298       0xd0 mbed/TARGET_NUCLEO_F072RB/TOOLCHAIN_GCC_ARM/stm32f0xx_hal_uart.o
                0x0000000008001298                UART_AdvFeatureConfig
 .text.UART_WaitOnFlagUntilTimeout
                0x0000000008001368       0x94 mbed/TARGET_NUCLEO_F072RB/TOOLCHAIN_GCC_ARM/stm32f0xx_hal_uart.o
                0x0000000008001368                UART_WaitOnFlagUntilTimeout
 .text.UART_CheckIdleState
                0x00000000080013fc       0x6c mbed/TARGET_NUCLEO_F072RB/TOOLCHAIN_GCC_ARM/stm32f0xx_hal_uart.o
                0x00000000080013fc                UART_CheckIdleState
 .text.HAL_UART_Init
                0x0000000008001468       0x70 mbed/TARGET_NUCLEO_F072RB/TOOLCHAIN_GCC_ARM/stm32f0xx_hal_uart.o
                0x0000000008001468                HAL_UART_Init
 .text.SystemCoreClockUpdate
                0x00000000080014d8       0x70 mbed/TARGET_NUCLEO_F072RB/TOOLCHAIN_GCC_ARM/system_stm32f0xx.o
                0x00000000080014d8                SystemCoreClockUpdate
 .text.SetSysClock_PLL_HSE
                0x0000000008001548       0x84 mbed/TARGET_NUCLEO_F072RB/TOOLCHAIN_GCC_ARM/system_stm32f0xx.o
                0x0000000008001548                SetSysClock_PLL_HSE
 .text.SetSysClock_PLL_HSI
                0x00000000080015cc       0x58 mbed/TARGET_NUCLEO_F072RB/TOOLCHAIN_GCC_ARM/system_stm32f0xx.o
                0x00000000080015cc                SetSysClock_PLL_HSI
 .text.SetSysClock
                0x0000000008001624       0x20 mbed/TARGET_NUCLEO_F072RB/TOOLCHAIN_GCC_ARM/system_stm32f0xx.o
                0x0000000008001624                SetSysClock
 .text.SystemInit
                0x0000000008001644       0x88 mbed/TARGET_NUCLEO_F072RB/TOOLCHAIN_GCC_ARM/system_stm32f0xx.o
                0x0000000008001644                SystemInit
 .text.init_uart
                0x00000000080016cc       0x54 ./mbed/TARGET_NUCLEO_F072RB/TOOLCHAIN_GCC_ARM/libmbed.a(serial_api.o)
 .text.serial_init
                0x0000000008001720      0x154 ./mbed/TARGET_NUCLEO_F072RB/TOOLCHAIN_GCC_ARM/libmbed.a(serial_api.o)
                0x0000000008001720                serial_init
 .text.serial_getc
                0x0000000008001874       0x1c ./mbed/TARGET_NUCLEO_F072RB/TOOLCHAIN_GCC_ARM/libmbed.a(serial_api.o)
                0x0000000008001874                serial_getc
 .text.serial_putc
                0x0000000008001890       0x1c ./mbed/TARGET_NUCLEO_F072RB/TOOLCHAIN_GCC_ARM/libmbed.a(serial_api.o)
                0x0000000008001890                serial_putc
 .text.mbed_assert_internal
                0x00000000080018ac       0x18 ./mbed/TARGET_NUCLEO_F072RB/TOOLCHAIN_GCC_ARM/libmbed.a(assert.o)
                0x00000000080018ac                mbed_assert_internal
 .text.error    0x00000000080018c4       0x20 ./mbed/TARGET_NUCLEO_F072RB/TOOLCHAIN_GCC_ARM/libmbed.a(error.o)
                0x00000000080018c4                error
 .text.pinmap_pinout
                0x00000000080018e4       0x38 ./mbed/TARGET_NUCLEO_F072RB/TOOLCHAIN_GCC_ARM/libmbed.a(pinmap_common.o)
                0x00000000080018e4                pinmap_pinout
 .text.pinmap_merge
                0x000000000800191c       0x24 ./mbed/TARGET_NUCLEO_F072RB/TOOLCHAIN_GCC_ARM/libmbed.a(pinmap_common.o)
                0x000000000800191c                pinmap_merge
 .text.pinmap_peripheral
                0x0000000008001940       0x30 ./mbed/TARGET_NUCLEO_F072RB/TOOLCHAIN_GCC_ARM/libmbed.a(pinmap_common.o)
                0x0000000008001940                pinmap_peripheral
 .text.us_ticker_irq_handler
                0x0000000008001970       0x10 ./mbed/TARGET_NUCLEO_F072RB/TOOLCHAIN_GCC_ARM/libmbed.a(us_ticker_api.o)
                0x0000000008001970                us_ticker_irq_handler
 .text.wait_us  0x0000000008001980       0x18 ./mbed/TARGET_NUCLEO_F072RB/TOOLCHAIN_GCC_ARM/libmbed.a(wait_api.o)
                0x0000000008001980                wait_us
 .text.wait_ms  0x0000000008001998       0x10 ./mbed/TARGET_NUCLEO_F072RB/TOOLCHAIN_GCC_ARM/libmbed.a(wait_api.o)
                0x0000000008001998                wait_ms
 .text.Set_GPIO_Clock
                0x00000000080019a8       0xb4 ./mbed/TARGET_NUCLEO_F072RB/TOOLCHAIN_GCC_ARM/libmbed.a(pinmap.o)
                0x00000000080019a8                Set_GPIO_Clock
 .text.pin_function
                0x0000000008001a5c       0x60 ./mbed/TARGET_NUCLEO_F072RB/TOOLCHAIN_GCC_ARM/libmbed.a(pinmap.o)
                0x0000000008001a5c                pin_function
 .text.pin_mode
                0x0000000008001abc       0x4c ./mbed/TARGET_NUCLEO_F072RB/TOOLCHAIN_GCC_ARM/libmbed.a(pinmap.o)
                0x0000000008001abc                pin_mode
 .text.us_ticker_init
                0x0000000008001b08       0x28 ./mbed/TARGET_NUCLEO_F072RB/TOOLCHAIN_GCC_ARM/libmbed.a(us_ticker.o)
                0x0000000008001b08                us_ticker_init
 .text.us_ticker_read
                0x0000000008001b30       0x2c ./mbed/TARGET_NUCLEO_F072RB/TOOLCHAIN_GCC_ARM/libmbed.a(us_ticker.o)
                0x0000000008001b30                us_ticker_read
 .text.us_ticker_set_interrupt
                0x0000000008001b5c       0x14 ./mbed/TARGET_NUCLEO_F072RB/TOOLCHAIN_GCC_ARM/libmbed.a(us_ticker.o)
                0x0000000008001b5c                us_ticker_set_interrupt
 .text.us_ticker_disable_interrupt
                0x0000000008001b70       0x14 ./mbed/TARGET_NUCLEO_F072RB/TOOLCHAIN_GCC_ARM/libmbed.a(us_ticker.o)
                0x0000000008001b70                us_ticker_disable_interrupt
 .text.us_ticker_clear_interrupt
                0x0000000008001b84       0x10 ./mbed/TARGET_NUCLEO_F072RB/TOOLCHAIN_GCC_ARM/libmbed.a(us_ticker.o)
                0x0000000008001b84                us_ticker_clear_interrupt
 .text.ticker_irq_handler
                0x0000000008001b94       0x4c ./mbed/TARGET_NUCLEO_F072RB/TOOLCHAIN_GCC_ARM/libmbed.a(ticker_api.o)
                0x0000000008001b94                ticker_irq_handler
 .text.__errno  0x0000000008001be0        0xc /usr/local/gcc-arm-none-eabi-5_2-2015q4/bin/../lib/gcc/arm-none-eabi/5.2.1/../../../../arm-none-eabi/lib/armv6-m/libc_nano.a(lib_a-errno.o)
                0x0000000008001be0                __errno
 .text.exit     0x0000000008001bec       0x2c /usr/local/gcc-arm-none-eabi-5_2-2015q4/bin/../lib/gcc/arm-none-eabi/5.2.1/../../../../arm-none-eabi/lib/armv6-m/libc_nano.a(lib_a-exit.o)
                0x0000000008001bec                exit
 .text.__sflush_r
                0x0000000008001c18      0x10c /usr/local/gcc-arm-none-eabi-5_2-2015q4/bin/../lib/gcc/arm-none-eabi/5.2.1/../../../../arm-none-eabi/lib/armv6-m/libc_nano.a(lib_a-fflush.o)
                0x0000000008001c18                __sflush_r
 .text._fflush_r
                0x0000000008001d24       0x58 /usr/local/gcc-arm-none-eabi-5_2-2015q4/bin/../lib/gcc/arm-none-eabi/5.2.1/../../../../arm-none-eabi/lib/armv6-m/libc_nano.a(lib_a-fflush.o)
                0x0000000008001d24                _fflush_r
 .text.fflush   0x0000000008001d7c       0x28 /usr/local/gcc-arm-none-eabi-5_2-2015q4/bin/../lib/gcc/arm-none-eabi/5.2.1/../../../../arm-none-eabi/lib/armv6-m/libc_nano.a(lib_a-fflush.o)
                0x0000000008001d7c                fflush
 .text._cleanup_r
                0x0000000008001da4       0x10 /usr/local/gcc-arm-none-eabi-5_2-2015q4/bin/../lib/gcc/arm-none-eabi/5.2.1/../../../../arm-none-eabi/lib/armv6-m/libc_nano.a(lib_a-findfp.o)
                0x0000000008001da4                _cleanup_r
 .text.std.isra.0
                0x0000000008001db4       0x48 /usr/local/gcc-arm-none-eabi-5_2-2015q4/bin/../lib/gcc/arm-none-eabi/5.2.1/../../../../arm-none-eabi/lib/armv6-m/libc_nano.a(lib_a-findfp.o)
 .text.__sfmoreglue
                0x0000000008001dfc       0x2c /usr/local/gcc-arm-none-eabi-5_2-2015q4/bin/../lib/gcc/arm-none-eabi/5.2.1/../../../../arm-none-eabi/lib/armv6-m/libc_nano.a(lib_a-findfp.o)
                0x0000000008001dfc                __sfmoreglue
 .text.__sinit  0x0000000008001e28       0x68 /usr/local/gcc-arm-none-eabi-5_2-2015q4/bin/../lib/gcc/arm-none-eabi/5.2.1/../../../../arm-none-eabi/lib/armv6-m/libc_nano.a(lib_a-findfp.o)
                0x0000000008001e28                __sinit
 .text.__sfp    0x0000000008001e90       0x7c /usr/local/gcc-arm-none-eabi-5_2-2015q4/bin/../lib/gcc/arm-none-eabi/5.2.1/../../../../arm-none-eabi/lib/armv6-m/libc_nano.a(lib_a-findfp.o)
                0x0000000008001e90                __sfp
 .text._fwalk_reent
                0x0000000008001f0c       0x42 /usr/local/gcc-arm-none-eabi-5_2-2015q4/bin/../lib/gcc/arm-none-eabi/5.2.1/../../../../arm-none-eabi/lib/armv6-m/libc_nano.a(lib_a-fwalk.o)
                0x0000000008001f0c                _fwalk_reent
 *fill*         0x0000000008001f4e        0x2 
 .text.__libc_init_array
                0x0000000008001f50       0x4c /usr/local/gcc-arm-none-eabi-5_2-2015q4/bin/../lib/gcc/arm-none-eabi/5.2.1/../../../../arm-none-eabi/lib/armv6-m/libc_nano.a(lib_a-init.o)
                0x0000000008001f50                __libc_init_array
 .text.memchr   0x0000000008001f9c       0x16 /usr/local/gcc-arm-none-eabi-5_2-2015q4/bin/../lib/gcc/arm-none-eabi/5.2.1/../../../../arm-none-eabi/lib/armv6-m/libc_nano.a(lib_a-memchr-stub.o)
                0x0000000008001f9c                memchr
 .text.memcpy   0x0000000008001fb2       0x12 /usr/local/gcc-arm-none-eabi-5_2-2015q4/bin/../lib/gcc/arm-none-eabi/5.2.1/../../../../arm-none-eabi/lib/armv6-m/libc_nano.a(lib_a-memcpy-stub.o)
                0x0000000008001fb2                memcpy
 .text.memset   0x0000000008001fc4       0x10 /usr/local/gcc-arm-none-eabi-5_2-2015q4/bin/../lib/gcc/arm-none-eabi/5.2.1/../../../../arm-none-eabi/lib/armv6-m/libc_nano.a(lib_a-memset.o)
                0x0000000008001fc4                memset
 .text._free_r  0x0000000008001fd4       0x8c /usr/local/gcc-arm-none-eabi-5_2-2015q4/bin/../lib/gcc/arm-none-eabi/5.2.1/../../../../arm-none-eabi/lib/armv6-m/libc_nano.a(lib_a-nano-freer.o)
                0x0000000008001fd4                _free_r
 .text._malloc_r
                0x0000000008002060       0xac /usr/local/gcc-arm-none-eabi-5_2-2015q4/bin/../lib/gcc/arm-none-eabi/5.2.1/../../../../arm-none-eabi/lib/armv6-m/libc_nano.a(lib_a-nano-mallocr.o)
                0x0000000008002060                _malloc_r
 .text.__sfputc_r
                0x000000000800210c       0x2a /usr/local/gcc-arm-none-eabi-5_2-2015q4/bin/../lib/gcc/arm-none-eabi/5.2.1/../../../../arm-none-eabi/lib/armv6-m/libc_nano.a(lib_a-nano-vfprintf.o)
 .text.__sfputs_r
                0x0000000008002136       0x24 /usr/local/gcc-arm-none-eabi-5_2-2015q4/bin/../lib/gcc/arm-none-eabi/5.2.1/../../../../arm-none-eabi/lib/armv6-m/libc_nano.a(lib_a-nano-vfprintf.o)
                0x0000000008002136                __sfputs_r
 *fill*         0x000000000800215a        0x2 
 .text._vfprintf_r
                0x000000000800215c      0x238 /usr/local/gcc-arm-none-eabi-5_2-2015q4/bin/../lib/gcc/arm-none-eabi/5.2.1/../../../../arm-none-eabi/lib/armv6-m/libc_nano.a(lib_a-nano-vfprintf.o)
                0x000000000800215c                _vfiprintf_r
                0x000000000800215c                _vfprintf_r
 .text.vfprintf
                0x0000000008002394       0x18 /usr/local/gcc-arm-none-eabi-5_2-2015q4/bin/../lib/gcc/arm-none-eabi/5.2.1/../../../../arm-none-eabi/lib/armv6-m/libc_nano.a(lib_a-nano-vfprintf.o)
                0x0000000008002394                vfiprintf
                0x0000000008002394                vfprintf
 .text._printf_common
                0x00000000080023ac       0xdc /usr/local/gcc-arm-none-eabi-5_2-2015q4/bin/../lib/gcc/arm-none-eabi/5.2.1/../../../../arm-none-eabi/lib/armv6-m/libc_nano.a(lib_a-nano-vfprintf_i.o)
                0x00000000080023ac                _printf_common
 .text._printf_i
                0x0000000008002488      0x244 /usr/local/gcc-arm-none-eabi-5_2-2015q4/bin/../lib/gcc/arm-none-eabi/5.2.1/../../../../arm-none-eabi/lib/armv6-m/libc_nano.a(lib_a-nano-vfprintf_i.o)
                0x0000000008002488                _printf_i
 .text._sbrk_r  0x00000000080026cc       0x24 /usr/local/gcc-arm-none-eabi-5_2-2015q4/bin/../lib/gcc/arm-none-eabi/5.2.1/../../../../arm-none-eabi/lib/armv6-m/libc_nano.a(lib_a-sbrkr.o)
                0x00000000080026cc                _sbrk_r
 .text.__sread  0x00000000080026f0       0x28 /usr/local/gcc-arm-none-eabi-5_2-2015q4/bin/../lib/gcc/arm-none-eabi/5.2.1/../../../../arm-none-eabi/lib/armv6-m/libc_nano.a(lib_a-stdio.o)
                0x00000000080026f0                __sread
 .text.__swrite
                0x0000000008002718       0x38 /usr/local/gcc-arm-none-eabi-5_2-2015q4/bin/../lib/gcc/arm-none-eabi/5.2.1/../../../../arm-none-eabi/lib/armv6-m/libc_nano.a(lib_a-stdio.o)
                0x0000000008002718                __swrite
 .text.__sseek  0x0000000008002750       0x2c /usr/local/gcc-arm-none-eabi-5_2-2015q4/bin/../lib/gcc/arm-none-eabi/5.2.1/../../../../arm-none-eabi/lib/armv6-m/libc_nano.a(lib_a-stdio.o)
                0x0000000008002750                __sseek
 .text.__sclose
                0x000000000800277c        0xc /usr/local/gcc-arm-none-eabi-5_2-2015q4/bin/../lib/gcc/arm-none-eabi/5.2.1/../../../../arm-none-eabi/lib/armv6-m/libc_nano.a(lib_a-stdio.o)
                0x000000000800277c                __sclose
 .text.__swbuf_r
                0x0000000008002788       0xb0 /usr/local/gcc-arm-none-eabi-5_2-2015q4/bin/../lib/gcc/arm-none-eabi/5.2.1/../../../../arm-none-eabi/lib/armv6-m/libc_nano.a(lib_a-wbuf.o)
                0x0000000008002788                __swbuf_r
 .text._write_r
                0x0000000008002838       0x28 /usr/local/gcc-arm-none-eabi-5_2-2015q4/bin/../lib/gcc/arm-none-eabi/5.2.1/../../../../arm-none-eabi/lib/armv6-m/libc_nano.a(lib_a-writer.o)
                0x0000000008002838                _write_r
 .text.__swsetup_r
                0x0000000008002860       0xe8 /usr/local/gcc-arm-none-eabi-5_2-2015q4/bin/../lib/gcc/arm-none-eabi/5.2.1/../../../../arm-none-eabi/lib/armv6-m/libc_nano.a(lib_a-wsetup.o)
                0x0000000008002860                __swsetup_r
 .text._close_r
                0x0000000008002948       0x24 /usr/local/gcc-arm-none-eabi-5_2-2015q4/bin/../lib/gcc/arm-none-eabi/5.2.1/../../../../arm-none-eabi/lib/armv6-m/libc_nano.a(lib_a-closer.o)
                0x0000000008002948                _close_r
 .text._lseek_r
                0x000000000800296c       0x28 /usr/local/gcc-arm-none-eabi-5_2-2015q4/bin/../lib/gcc/arm-none-eabi/5.2.1/../../../../arm-none-eabi/lib/armv6-m/libc_nano.a(lib_a-lseekr.o)
                0x000000000800296c                _lseek_r
 .text.__smakebuf_r
                0x0000000008002994       0xa4 /usr/local/gcc-arm-none-eabi-5_2-2015q4/bin/../lib/gcc/arm-none-eabi/5.2.1/../../../../arm-none-eabi/lib/armv6-m/libc_nano.a(lib_a-makebuf.o)
                0x0000000008002994                __smakebuf_r
 .text._read_r  0x0000000008002a38       0x28 /usr/local/gcc-arm-none-eabi-5_2-2015q4/bin/../lib/gcc/arm-none-eabi/5.2.1/../../../../arm-none-eabi/lib/armv6-m/libc_nano.a(lib_a-readr.o)
                0x0000000008002a38                _read_r
 .text._fstat_r
                0x0000000008002a60       0x24 /usr/local/gcc-arm-none-eabi-5_2-2015q4/bin/../lib/gcc/arm-none-eabi/5.2.1/../../../../arm-none-eabi/lib/armv6-m/libc_nano.a(lib_a-fstatr.o)
                0x0000000008002a60                _fstat_r
 .text._isatty_r
                0x0000000008002a84       0x24 /usr/local/gcc-arm-none-eabi-5_2-2015q4/bin/../lib/gcc/arm-none-eabi/5.2.1/../../../../arm-none-eabi/lib/armv6-m/libc_nano.a(lib_a-isattyr.o)
                0x0000000008002a84                _isatty_r
 .text          0x0000000008002aa8      0x114 /usr/local/gcc-arm-none-eabi-5_2-2015q4/bin/../lib/gcc/arm-none-eabi/5.2.1/armv6-m/libgcc.a(_udivsi3.o)
                0x0000000008002aa8                __udivsi3
                0x0000000008002aa8                __aeabi_uidiv
                0x0000000008002bb4                __aeabi_uidivmod
 .text          0x0000000008002bbc        0x4 /usr/local/gcc-arm-none-eabi-5_2-2015q4/bin/../lib/gcc/arm-none-eabi/5.2.1/armv6-m/libgcc.a(_dvmd_tls.o)
                0x0000000008002bbc                __aeabi_ldiv0
                0x0000000008002bbc                __aeabi_idiv0
 *(.init)
 .init          0x0000000008002bc0        0x4 /usr/local/gcc-arm-none-eabi-5_2-2015q4/bin/../lib/gcc/arm-none-eabi/5.2.1/armv6-m/crti.o
                0x0000000008002bc0                _init
 .init          0x0000000008002bc4        0x8 /usr/local/gcc-arm-none-eabi-5_2-2015q4/bin/../lib/gcc/arm-none-eabi/5.2.1/armv6-m/crtn.o
 *(.fini)
 .fini          0x0000000008002bcc        0x4 /usr/local/gcc-arm-none-eabi-5_2-2015q4/bin/../lib/gcc/arm-none-eabi/5.2.1/armv6-m/crti.o
                0x0000000008002bcc                _fini
 .fini          0x0000000008002bd0        0x8 /usr/local/gcc-arm-none-eabi-5_2-2015q4/bin/../lib/gcc/arm-none-eabi/5.2.1/armv6-m/crtn.o
 *crtbegin.o(.ctors)
 *crtbegin?.o(.ctors)
 *(EXCLUDE_FILE(*crtend.o *crtend?.o) .ctors)
 *(SORT(.ctors.*))
 *(.ctors)
 *crtbegin.o(.dtors)
 *crtbegin?.o(.dtors)
 *(EXCLUDE_FILE(*crtend.o *crtend?.o) .dtors)
 *(SORT(.dtors.*))
 *(.dtors)
 *(.rodata*)
 .rodata        0x0000000008002bd8       0x20 mbed/TARGET_NUCLEO_F072RB/TOOLCHAIN_GCC_ARM/stm32f0xx_hal_rcc.o
 .rodata.aAPBAHBPrescTable
                0x0000000008002bf8       0x10 mbed/TARGET_NUCLEO_F072RB/TOOLCHAIN_GCC_ARM/stm32f0xx_hal_rcc.o
                0x0000000008002bf8                aAPBAHBPrescTable
 .rodata.CSWTCH.30
                0x0000000008002c08        0x4 mbed/TARGET_NUCLEO_F072RB/TOOLCHAIN_GCC_ARM/stm32f0xx_hal_uart.o
 .rodata.AHBPrescTable
                0x0000000008002c0c       0x10 mbed/TARGET_NUCLEO_F072RB/TOOLCHAIN_GCC_ARM/system_stm32f0xx.o
                0x0000000008002c0c                AHBPrescTable
 .rodata.str1.4
                0x0000000008002c1c       0x84 ./mbed/TARGET_NUCLEO_F072RB/TOOLCHAIN_GCC_ARM/libmbed.a(serial_api.o)
 .rodata.str1.4
                0x0000000008002ca0       0x31 ./mbed/TARGET_NUCLEO_F072RB/TOOLCHAIN_GCC_ARM/libmbed.a(assert.o)
 *fill*         0x0000000008002cd1        0x3 
 .rodata.str1.4
                0x0000000008002cd4       0x66 ./mbed/TARGET_NUCLEO_F072RB/TOOLCHAIN_GCC_ARM/libmbed.a(pinmap_common.o)
 *fill*         0x0000000008002d3a        0x2 
 .rodata.us_interface
                0x0000000008002d3c       0x14 ./mbed/TARGET_NUCLEO_F072RB/TOOLCHAIN_GCC_ARM/libmbed.a(us_ticker_api.o)
 .rodata.us_data
                0x0000000008002d50        0x8 ./mbed/TARGET_NUCLEO_F072RB/TOOLCHAIN_GCC_ARM/libmbed.a(us_ticker_api.o)
 .rodata.PinMap_UART_RX
                0x0000000008002d58       0x6c ./mbed/TARGET_NUCLEO_F072RB/TOOLCHAIN_GCC_ARM/libmbed.a(PeripheralPins.o)
                0x0000000008002d58                PinMap_UART_RX
 .rodata.PinMap_UART_TX
                0x0000000008002dc4       0x6c ./mbed/TARGET_NUCLEO_F072RB/TOOLCHAIN_GCC_ARM/libmbed.a(PeripheralPins.o)
                0x0000000008002dc4                PinMap_UART_TX
 .rodata.Set_GPIO_Clock
                0x0000000008002e30       0x18 ./mbed/TARGET_NUCLEO_F072RB/TOOLCHAIN_GCC_ARM/libmbed.a(pinmap.o)
 .rodata.gpio_mode
                0x0000000008002e48       0x34 ./mbed/TARGET_NUCLEO_F072RB/TOOLCHAIN_GCC_ARM/libmbed.a(pinmap.o)
 .rodata.str1.4
                0x0000000008002e7c       0x9c ./mbed/TARGET_NUCLEO_F072RB/TOOLCHAIN_GCC_ARM/libmbed.a(pinmap.o)
 .rodata.__sf_fake_stdin
                0x0000000008002f18       0x20 /usr/local/gcc-arm-none-eabi-5_2-2015q4/bin/../lib/gcc/arm-none-eabi/5.2.1/../../../../arm-none-eabi/lib/armv6-m/libc_nano.a(lib_a-findfp.o)
                0x0000000008002f18                __sf_fake_stdin
 .rodata.__sf_fake_stdout
                0x0000000008002f38       0x20 /usr/local/gcc-arm-none-eabi-5_2-2015q4/bin/../lib/gcc/arm-none-eabi/5.2.1/../../../../arm-none-eabi/lib/armv6-m/libc_nano.a(lib_a-findfp.o)
                0x0000000008002f38                __sf_fake_stdout
 .rodata.__sf_fake_stderr
                0x0000000008002f58       0x20 /usr/local/gcc-arm-none-eabi-5_2-2015q4/bin/../lib/gcc/arm-none-eabi/5.2.1/../../../../arm-none-eabi/lib/armv6-m/libc_nano.a(lib_a-findfp.o)
                0x0000000008002f58                __sf_fake_stderr
 .rodata.str1.1
                0x0000000008002f78        0x2 /usr/local/gcc-arm-none-eabi-5_2-2015q4/bin/../lib/gcc/arm-none-eabi/5.2.1/../../../../arm-none-eabi/lib/armv6-m/libc_nano.a(lib_a-impure.o)
 *fill*         0x0000000008002f7a        0x2 
 .rodata._global_impure_ptr
                0x0000000008002f7c        0x4 /usr/local/gcc-arm-none-eabi-5_2-2015q4/bin/../lib/gcc/arm-none-eabi/5.2.1/../../../../arm-none-eabi/lib/armv6-m/libc_nano.a(lib_a-impure.o)
                0x0000000008002f7c                _global_impure_ptr
 .rodata.str1.1
                0x0000000008002f80       0x11 /usr/local/gcc-arm-none-eabi-5_2-2015q4/bin/../lib/gcc/arm-none-eabi/5.2.1/../../../../arm-none-eabi/lib/armv6-m/libc_nano.a(lib_a-nano-vfprintf.o)
 .rodata.str1.1
                0x0000000008002f91       0x22 /usr/local/gcc-arm-none-eabi-5_2-2015q4/bin/../lib/gcc/arm-none-eabi/5.2.1/../../../../arm-none-eabi/lib/armv6-m/libc_nano.a(lib_a-nano-vfprintf_i.o)
 *(.eh_frame*)
 *fill*         0x0000000008002fb3        0x1 
 .eh_frame      0x0000000008002fb4        0x0 /usr/local/gcc-arm-none-eabi-5_2-2015q4/bin/../lib/gcc/arm-none-eabi/5.2.1/armv6-m/crtbegin.o
 .eh_frame      0x0000000008002fb4        0x4 /usr/local/gcc-arm-none-eabi-5_2-2015q4/bin/../lib/gcc/arm-none-eabi/5.2.1/armv6-m/crtend.o

.glue_7         0x0000000008002fb8        0x0
 .glue_7        0x0000000008002fb8        0x0 linker stubs

.glue_7t        0x0000000008002fb8        0x0
 .glue_7t       0x0000000008002fb8        0x0 linker stubs

.vfp11_veneer   0x0000000008002fb8        0x0
 .vfp11_veneer  0x0000000008002fb8        0x0 linker stubs

.v4_bx          0x0000000008002fb8        0x0
 .v4_bx         0x0000000008002fb8        0x0 linker stubs

.iplt           0x0000000008002fb8        0x0
 .iplt          0x0000000008002fb8        0x0 /usr/local/gcc-arm-none-eabi-5_2-2015q4/bin/../lib/gcc/arm-none-eabi/5.2.1/armv6-m/crtbegin.o

.ARM.extab
 *(.ARM.extab* .gnu.linkonce.armextab.*)
                0x0000000008002fb8                __exidx_start = .

.ARM.exidx      0x0000000008002fb8        0x8
 *(.ARM.exidx* .gnu.linkonce.armexidx.*)
 .ARM.exidx     0x0000000008002fb8        0x8 /usr/local/gcc-arm-none-eabi-5_2-2015q4/bin/../lib/gcc/arm-none-eabi/5.2.1/../../../../arm-none-eabi/lib/armv6-m/crt0.o
                0x0000000008002fc0                __exidx_end = .
                0x0000000008002fc0                __etext = .
                0x0000000008002fc0                _sidata = .

.rel.dyn        0x0000000008002fc0        0x0
 .rel.iplt      0x0000000008002fc0        0x0 /usr/local/gcc-arm-none-eabi-5_2-2015q4/bin/../lib/gcc/arm-none-eabi/5.2.1/armv6-m/crtbegin.o

.data           0x00000000200000c0       0x78 load address 0x0000000008002fc0
                0x00000000200000c0                __data_start__ = .
                0x00000000200000c0                _sdata = .
 *(vtable)
 *(.data*)
 .data._ZZ5_sbrkE4heap
                0x00000000200000c0        0x4 mbed/TARGET_NUCLEO_F072RB/TOOLCHAIN_GCC_ARM/retarget.o
 .data.SystemCoreClock
                0x00000000200000c4        0x4 mbed/TARGET_NUCLEO_F072RB/TOOLCHAIN_GCC_ARM/system_stm32f0xx.o
                0x00000000200000c4                SystemCoreClock
 .data.impure_data
                0x00000000200000c8       0x60 /usr/local/gcc-arm-none-eabi-5_2-2015q4/bin/../lib/gcc/arm-none-eabi/5.2.1/../../../../arm-none-eabi/lib/armv6-m/libc_nano.a(lib_a-impure.o)
 .data._impure_ptr
                0x0000000020000128        0x4 /usr/local/gcc-arm-none-eabi-5_2-2015q4/bin/../lib/gcc/arm-none-eabi/5.2.1/../../../../arm-none-eabi/lib/armv6-m/libc_nano.a(lib_a-impure.o)
                0x0000000020000128                _impure_ptr
                0x000000002000012c                . = ALIGN (0x4)
                0x000000002000012c                PROVIDE (__preinit_array_start, .)
 *(.preinit_array)
                0x000000002000012c                PROVIDE (__preinit_array_end, .)
                0x000000002000012c                . = ALIGN (0x4)
                0x000000002000012c                PROVIDE (__init_array_start, .)
 *(SORT(.init_array.*))
 *(.init_array)
 .init_array    0x000000002000012c        0x4 /usr/local/gcc-arm-none-eabi-5_2-2015q4/bin/../lib/gcc/arm-none-eabi/5.2.1/armv6-m/crtbegin.o
                0x0000000020000130                PROVIDE (__init_array_end, .)
                0x0000000020000130                . = ALIGN (0x4)
                [!provide]                        PROVIDE (__fini_array_start, .)
 *(SORT(.fini_array.*))
 *(.fini_array)
 .fini_array    0x0000000020000130        0x4 /usr/local/gcc-arm-none-eabi-5_2-2015q4/bin/../lib/gcc/arm-none-eabi/5.2.1/armv6-m/crtbegin.o
                [!provide]                        PROVIDE (__fini_array_end, .)
 *(.jcr*)
 .jcr           0x0000000020000134        0x0 /usr/local/gcc-arm-none-eabi-5_2-2015q4/bin/../lib/gcc/arm-none-eabi/5.2.1/armv6-m/crtbegin.o
 .jcr           0x0000000020000134        0x4 /usr/local/gcc-arm-none-eabi-5_2-2015q4/bin/../lib/gcc/arm-none-eabi/5.2.1/armv6-m/crtend.o
                0x0000000020000138                . = ALIGN (0x4)
                0x0000000020000138                __data_end__ = .
                0x0000000020000138                _edata = .

.tm_clone_table
                0x0000000020000138        0x0 load address 0x0000000008003038
 .tm_clone_table
                0x0000000020000138        0x0 /usr/local/gcc-arm-none-eabi-5_2-2015q4/bin/../lib/gcc/arm-none-eabi/5.2.1/armv6-m/crtbegin.o
 .tm_clone_table
                0x0000000020000138        0x0 /usr/local/gcc-arm-none-eabi-5_2-2015q4/bin/../lib/gcc/arm-none-eabi/5.2.1/armv6-m/crtend.o

.igot.plt       0x0000000020000138        0x0 load address 0x0000000008003038
 .igot.plt      0x0000000020000138        0x0 /usr/local/gcc-arm-none-eabi-5_2-2015q4/bin/../lib/gcc/arm-none-eabi/5.2.1/armv6-m/crtbegin.o

.bss            0x0000000020000138      0x244 load address 0x0000000008003038
                0x0000000020000138                . = ALIGN (0x4)
                0x0000000020000138                __bss_start__ = .
                0x0000000020000138                _sbss = .
 *(.bss*)
 .bss           0x0000000020000138       0x1c /usr/local/gcc-arm-none-eabi-5_2-2015q4/bin/../lib/gcc/arm-none-eabi/5.2.1/armv6-m/crtbegin.o
 .bss.PreviousVal
                0x0000000020000154        0x4 mbed/TARGET_NUCLEO_F072RB/TOOLCHAIN_GCC_ARM/hal_tick.o
                0x0000000020000154                PreviousVal
 .bss._ZL11filehandles
                0x0000000020000158      0x100 mbed/TARGET_NUCLEO_F072RB/TOOLCHAIN_GCC_ARM/retarget.o
 .bss.uwTick    0x0000000020000258        0x4 mbed/TARGET_NUCLEO_F072RB/TOOLCHAIN_GCC_ARM/stm32f0xx_hal.o
 .bss.stdio_uart_inited
                0x000000002000025c        0x4 ./mbed/TARGET_NUCLEO_F072RB/TOOLCHAIN_GCC_ARM/libmbed.a(serial_api.o)
                0x000000002000025c                stdio_uart_inited
 .bss.events    0x0000000020000260        0x8 ./mbed/TARGET_NUCLEO_F072RB/TOOLCHAIN_GCC_ARM/libmbed.a(us_ticker_api.o)
 .bss.TimMasterHandle
                0x0000000020000268       0x3c ./mbed/TARGET_NUCLEO_F072RB/TOOLCHAIN_GCC_ARM/libmbed.a(us_ticker.o)
 .bss.us_ticker_inited
                0x00000000200002a4        0x4 ./mbed/TARGET_NUCLEO_F072RB/TOOLCHAIN_GCC_ARM/libmbed.a(us_ticker.o)
 .bss.__malloc_sbrk_start
                0x00000000200002a8        0x4 /usr/local/gcc-arm-none-eabi-5_2-2015q4/bin/../lib/gcc/arm-none-eabi/5.2.1/../../../../arm-none-eabi/lib/armv6-m/libc_nano.a(lib_a-nano-mallocr.o)
                0x00000000200002a8                __malloc_sbrk_start
 .bss.__malloc_free_list
                0x00000000200002ac        0x4 /usr/local/gcc-arm-none-eabi-5_2-2015q4/bin/../lib/gcc/arm-none-eabi/5.2.1/../../../../arm-none-eabi/lib/armv6-m/libc_nano.a(lib_a-nano-mallocr.o)
                0x00000000200002ac                __malloc_free_list
 *(COMMON)
 COMMON         0x00000000200002b0       0x3c mbed/TARGET_NUCLEO_F072RB/TOOLCHAIN_GCC_ARM/hal_tick.o
                0x00000000200002b0                TimMasterHandle
 COMMON         0x00000000200002ec       0x8c ./mbed/TARGET_NUCLEO_F072RB/TOOLCHAIN_GCC_ARM/libmbed.a(serial_api.o)
                0x00000000200002ec                UartHandle
                0x000000002000035c                stdio_uart
 COMMON         0x0000000020000378        0x4 /usr/local/gcc-arm-none-eabi-5_2-2015q4/bin/../lib/gcc/arm-none-eabi/5.2.1/../../../../arm-none-eabi/lib/armv6-m/libc_nano.a(lib_a-reent.o)
                0x0000000020000378                errno
                0x000000002000037c                . = ALIGN (0x4)
                0x000000002000037c                __bss_end__ = .
                0x000000002000037c                _ebss = .

.heap           0x000000002000037c        0x0
                0x000000002000037c                __end__ = .
                0x000000002000037c                end = __end__
 *(.heap*)
                0x000000002000037c                __HeapLimit = .

.stack_dummy    0x000000002000037c        0x0
 *(.stack*)
                0x0000000020004000                __StackTop = (ORIGIN (RAM) + LENGTH (RAM))
                0x0000000020004000                _estack = __StackTop
                0x0000000020004000                __StackLimit = (__StackTop - SIZEOF (.stack_dummy))
                0x0000000020004000                PROVIDE (__stack, __StackTop)
                0x0000000000000001                ASSERT ((__StackLimit >= __HeapLimit), region RAM overflowed with stack)
OUTPUT(AtlasQuad.elf elf32-littlearm)

.ARM.attributes
                0x0000000000000000       0x28
 .ARM.attributes
                0x0000000000000000       0x1e /usr/local/gcc-arm-none-eabi-5_2-2015q4/bin/../lib/gcc/arm-none-eabi/5.2.1/armv6-m/crti.o
 .ARM.attributes
                0x000000000000001e       0x2c /usr/local/gcc-arm-none-eabi-5_2-2015q4/bin/../lib/gcc/arm-none-eabi/5.2.1/armv6-m/crtbegin.o
 .ARM.attributes
                0x000000000000004a       0x1b /usr/local/gcc-arm-none-eabi-5_2-2015q4/bin/../lib/gcc/arm-none-eabi/5.2.1/../../../../arm-none-eabi/lib/armv6-m/crt0.o
 .ARM.attributes
                0x0000000000000065       0x31 main.o
 .ARM.attributes
                0x0000000000000096       0x31 mbed/TARGET_NUCLEO_F072RB/TOOLCHAIN_GCC_ARM/board.o
 .ARM.attributes
                0x00000000000000c7       0x31 mbed/TARGET_NUCLEO_F072RB/TOOLCHAIN_GCC_ARM/cmsis_nvic.o
 .ARM.attributes
                0x00000000000000f8       0x31 mbed/TARGET_NUCLEO_F072RB/TOOLCHAIN_GCC_ARM/hal_tick.o
 .ARM.attributes
                0x0000000000000129       0x31 mbed/TARGET_NUCLEO_F072RB/TOOLCHAIN_GCC_ARM/mbed_overrides.o
 .ARM.attributes
                0x000000000000015a       0x31 mbed/TARGET_NUCLEO_F072RB/TOOLCHAIN_GCC_ARM/retarget.o
 .ARM.attributes
                0x000000000000018b       0x21 mbed/TARGET_NUCLEO_F072RB/TOOLCHAIN_GCC_ARM/startup_stm32f072xb.o
 .ARM.attributes
                0x00000000000001ac       0x31 mbed/TARGET_NUCLEO_F072RB/TOOLCHAIN_GCC_ARM/stm32f0xx_hal.o
 .ARM.attributes
                0x00000000000001dd       0x31 mbed/TARGET_NUCLEO_F072RB/TOOLCHAIN_GCC_ARM/stm32f0xx_hal_gpio.o
 .ARM.attributes
                0x000000000000020e       0x31 mbed/TARGET_NUCLEO_F072RB/TOOLCHAIN_GCC_ARM/stm32f0xx_hal_rcc.o
 .ARM.attributes
                0x000000000000023f       0x31 mbed/TARGET_NUCLEO_F072RB/TOOLCHAIN_GCC_ARM/stm32f0xx_hal_tim.o
 .ARM.attributes
                0x0000000000000270       0x31 mbed/TARGET_NUCLEO_F072RB/TOOLCHAIN_GCC_ARM/stm32f0xx_hal_uart.o
 .ARM.attributes
                0x00000000000002a1       0x31 mbed/TARGET_NUCLEO_F072RB/TOOLCHAIN_GCC_ARM/system_stm32f0xx.o
 .ARM.attributes
                0x00000000000002d2       0x31 ./mbed/TARGET_NUCLEO_F072RB/TOOLCHAIN_GCC_ARM/libmbed.a(serial_api.o)
 .ARM.attributes
                0x0000000000000303       0x31 ./mbed/TARGET_NUCLEO_F072RB/TOOLCHAIN_GCC_ARM/libmbed.a(assert.o)
 .ARM.attributes
                0x0000000000000334       0x31 ./mbed/TARGET_NUCLEO_F072RB/TOOLCHAIN_GCC_ARM/libmbed.a(error.o)
 .ARM.attributes
                0x0000000000000365       0x31 ./mbed/TARGET_NUCLEO_F072RB/TOOLCHAIN_GCC_ARM/libmbed.a(pinmap_common.o)
 .ARM.attributes
                0x0000000000000396       0x31 ./mbed/TARGET_NUCLEO_F072RB/TOOLCHAIN_GCC_ARM/libmbed.a(us_ticker_api.o)
 .ARM.attributes
                0x00000000000003c7       0x31 ./mbed/TARGET_NUCLEO_F072RB/TOOLCHAIN_GCC_ARM/libmbed.a(wait_api.o)
 .ARM.attributes
                0x00000000000003f8       0x31 ./mbed/TARGET_NUCLEO_F072RB/TOOLCHAIN_GCC_ARM/libmbed.a(PeripheralPins.o)
 .ARM.attributes
                0x0000000000000429       0x31 ./mbed/TARGET_NUCLEO_F072RB/TOOLCHAIN_GCC_ARM/libmbed.a(pinmap.o)
 .ARM.attributes
                0x000000000000045a       0x31 ./mbed/TARGET_NUCLEO_F072RB/TOOLCHAIN_GCC_ARM/libmbed.a(us_ticker.o)
 .ARM.attributes
                0x000000000000048b       0x31 ./mbed/TARGET_NUCLEO_F072RB/TOOLCHAIN_GCC_ARM/libmbed.a(ticker_api.o)
 .ARM.attributes
                0x00000000000004bc       0x2c /usr/local/gcc-arm-none-eabi-5_2-2015q4/bin/../lib/gcc/arm-none-eabi/5.2.1/../../../../arm-none-eabi/lib/armv6-m/libc_nano.a(lib_a-errno.o)
 .ARM.attributes
                0x00000000000004e8       0x2c /usr/local/gcc-arm-none-eabi-5_2-2015q4/bin/../lib/gcc/arm-none-eabi/5.2.1/../../../../arm-none-eabi/lib/armv6-m/libc_nano.a(lib_a-exit.o)
 .ARM.attributes
                0x0000000000000514       0x2c /usr/local/gcc-arm-none-eabi-5_2-2015q4/bin/../lib/gcc/arm-none-eabi/5.2.1/../../../../arm-none-eabi/lib/armv6-m/libc_nano.a(lib_a-fflush.o)
 .ARM.attributes
                0x0000000000000540       0x2c /usr/local/gcc-arm-none-eabi-5_2-2015q4/bin/../lib/gcc/arm-none-eabi/5.2.1/../../../../arm-none-eabi/lib/armv6-m/libc_nano.a(lib_a-findfp.o)
 .ARM.attributes
                0x000000000000056c       0x2c /usr/local/gcc-arm-none-eabi-5_2-2015q4/bin/../lib/gcc/arm-none-eabi/5.2.1/../../../../arm-none-eabi/lib/armv6-m/libc_nano.a(lib_a-fwalk.o)
 .ARM.attributes
                0x0000000000000598       0x2c /usr/local/gcc-arm-none-eabi-5_2-2015q4/bin/../lib/gcc/arm-none-eabi/5.2.1/../../../../arm-none-eabi/lib/armv6-m/libc_nano.a(lib_a-impure.o)
 .ARM.attributes
                0x00000000000005c4       0x2c /usr/local/gcc-arm-none-eabi-5_2-2015q4/bin/../lib/gcc/arm-none-eabi/5.2.1/../../../../arm-none-eabi/lib/armv6-m/libc_nano.a(lib_a-init.o)
 .ARM.attributes
                0x00000000000005f0       0x2c /usr/local/gcc-arm-none-eabi-5_2-2015q4/bin/../lib/gcc/arm-none-eabi/5.2.1/../../../../arm-none-eabi/lib/armv6-m/libc_nano.a(lib_a-memchr-stub.o)
 .ARM.attributes
                0x000000000000061c       0x2c /usr/local/gcc-arm-none-eabi-5_2-2015q4/bin/../lib/gcc/arm-none-eabi/5.2.1/../../../../arm-none-eabi/lib/armv6-m/libc_nano.a(lib_a-memcpy-stub.o)
 .ARM.attributes
                0x0000000000000648       0x2c /usr/local/gcc-arm-none-eabi-5_2-2015q4/bin/../lib/gcc/arm-none-eabi/5.2.1/../../../../arm-none-eabi/lib/armv6-m/libc_nano.a(lib_a-memset.o)
 .ARM.attributes
                0x0000000000000674       0x2c /usr/local/gcc-arm-none-eabi-5_2-2015q4/bin/../lib/gcc/arm-none-eabi/5.2.1/../../../../arm-none-eabi/lib/armv6-m/libc_nano.a(lib_a-nano-freer.o)
 .ARM.attributes
                0x00000000000006a0       0x2c /usr/local/gcc-arm-none-eabi-5_2-2015q4/bin/../lib/gcc/arm-none-eabi/5.2.1/../../../../arm-none-eabi/lib/armv6-m/libc_nano.a(lib_a-nano-mallocr.o)
 .ARM.attributes
                0x00000000000006cc       0x2c /usr/local/gcc-arm-none-eabi-5_2-2015q4/bin/../lib/gcc/arm-none-eabi/5.2.1/../../../../arm-none-eabi/lib/armv6-m/libc_nano.a(lib_a-nano-vfprintf.o)
 .ARM.attributes
                0x00000000000006f8       0x2c /usr/local/gcc-arm-none-eabi-5_2-2015q4/bin/../lib/gcc/arm-none-eabi/5.2.1/../../../../arm-none-eabi/lib/armv6-m/libc_nano.a(lib_a-nano-vfprintf_i.o)
 .ARM.attributes
                0x0000000000000724       0x2c /usr/local/gcc-arm-none-eabi-5_2-2015q4/bin/../lib/gcc/arm-none-eabi/5.2.1/../../../../arm-none-eabi/lib/armv6-m/libc_nano.a(lib_a-reent.o)
 .ARM.attributes
                0x0000000000000750       0x2c /usr/local/gcc-arm-none-eabi-5_2-2015q4/bin/../lib/gcc/arm-none-eabi/5.2.1/../../../../arm-none-eabi/lib/armv6-m/libc_nano.a(lib_a-sbrkr.o)
 .ARM.attributes
                0x000000000000077c       0x2c /usr/local/gcc-arm-none-eabi-5_2-2015q4/bin/../lib/gcc/arm-none-eabi/5.2.1/../../../../arm-none-eabi/lib/armv6-m/libc_nano.a(lib_a-stdio.o)
 .ARM.attributes
                0x00000000000007a8       0x2c /usr/local/gcc-arm-none-eabi-5_2-2015q4/bin/../lib/gcc/arm-none-eabi/5.2.1/../../../../arm-none-eabi/lib/armv6-m/libc_nano.a(lib_a-wbuf.o)
 .ARM.attributes
                0x00000000000007d4       0x2c /usr/local/gcc-arm-none-eabi-5_2-2015q4/bin/../lib/gcc/arm-none-eabi/5.2.1/../../../../arm-none-eabi/lib/armv6-m/libc_nano.a(lib_a-writer.o)
 .ARM.attributes
                0x0000000000000800       0x2c /usr/local/gcc-arm-none-eabi-5_2-2015q4/bin/../lib/gcc/arm-none-eabi/5.2.1/../../../../arm-none-eabi/lib/armv6-m/libc_nano.a(lib_a-wsetup.o)
 .ARM.attributes
                0x000000000000082c       0x2c /usr/local/gcc-arm-none-eabi-5_2-2015q4/bin/../lib/gcc/arm-none-eabi/5.2.1/../../../../arm-none-eabi/lib/armv6-m/libc_nano.a(lib_a-closer.o)
 .ARM.attributes
                0x0000000000000858       0x2c /usr/local/gcc-arm-none-eabi-5_2-2015q4/bin/../lib/gcc/arm-none-eabi/5.2.1/../../../../arm-none-eabi/lib/armv6-m/libc_nano.a(lib_a-lseekr.o)
 .ARM.attributes
                0x0000000000000884       0x2c /usr/local/gcc-arm-none-eabi-5_2-2015q4/bin/../lib/gcc/arm-none-eabi/5.2.1/../../../../arm-none-eabi/lib/armv6-m/libc_nano.a(lib_a-makebuf.o)
 .ARM.attributes
                0x00000000000008b0       0x2c /usr/local/gcc-arm-none-eabi-5_2-2015q4/bin/../lib/gcc/arm-none-eabi/5.2.1/../../../../arm-none-eabi/lib/armv6-m/libc_nano.a(lib_a-readr.o)
 .ARM.attributes
                0x00000000000008dc       0x2c /usr/local/gcc-arm-none-eabi-5_2-2015q4/bin/../lib/gcc/arm-none-eabi/5.2.1/../../../../arm-none-eabi/lib/armv6-m/libc_nano.a(lib_a-fstatr.o)
 .ARM.attributes
                0x0000000000000908       0x2c /usr/local/gcc-arm-none-eabi-5_2-2015q4/bin/../lib/gcc/arm-none-eabi/5.2.1/../../../../arm-none-eabi/lib/armv6-m/libc_nano.a(lib_a-isattyr.o)
 .ARM.attributes
                0x0000000000000934       0x1e /usr/local/gcc-arm-none-eabi-5_2-2015q4/bin/../lib/gcc/arm-none-eabi/5.2.1/armv6-m/libgcc.a(_udivsi3.o)
 .ARM.attributes
                0x0000000000000952       0x1e /usr/local/gcc-arm-none-eabi-5_2-2015q4/bin/../lib/gcc/arm-none-eabi/5.2.1/armv6-m/libgcc.a(_dvmd_tls.o)
 .ARM.attributes
                0x0000000000000970       0x2c /usr/local/gcc-arm-none-eabi-5_2-2015q4/bin/../lib/gcc/arm-none-eabi/5.2.1/armv6-m/crtend.o
 .ARM.attributes
                0x000000000000099c       0x1e /usr/local/gcc-arm-none-eabi-5_2-2015q4/bin/../lib/gcc/arm-none-eabi/5.2.1/armv6-m/crtn.o

.comment        0x0000000000000000       0xde
 .comment       0x0000000000000000       0x6e main.o
                                         0x6f (size before relaxing)
 .comment       0x000000000000006e       0x70 mbed/TARGET_NUCLEO_F072RB/TOOLCHAIN_GCC_ARM/board.o
                                         0x71 (size before relaxing)
 .comment       0x00000000000000de       0x71 mbed/TARGET_NUCLEO_F072RB/TOOLCHAIN_GCC_ARM/cmsis_nvic.o
 .comment       0x00000000000000de       0x71 mbed/TARGET_NUCLEO_F072RB/TOOLCHAIN_GCC_ARM/hal_tick.o
 .comment       0x00000000000000de       0x71 mbed/TARGET_NUCLEO_F072RB/TOOLCHAIN_GCC_ARM/mbed_overrides.o
 .comment       0x00000000000000de       0x71 mbed/TARGET_NUCLEO_F072RB/TOOLCHAIN_GCC_ARM/retarget.o
 .comment       0x00000000000000de       0x71 mbed/TARGET_NUCLEO_F072RB/TOOLCHAIN_GCC_ARM/stm32f0xx_hal.o
 .comment       0x00000000000000de       0x71 mbed/TARGET_NUCLEO_F072RB/TOOLCHAIN_GCC_ARM/stm32f0xx_hal_gpio.o
 .comment       0x00000000000000de       0x71 mbed/TARGET_NUCLEO_F072RB/TOOLCHAIN_GCC_ARM/stm32f0xx_hal_rcc.o
 .comment       0x00000000000000de       0x71 mbed/TARGET_NUCLEO_F072RB/TOOLCHAIN_GCC_ARM/stm32f0xx_hal_tim.o
 .comment       0x00000000000000de       0x71 mbed/TARGET_NUCLEO_F072RB/TOOLCHAIN_GCC_ARM/stm32f0xx_hal_uart.o
 .comment       0x00000000000000de       0x71 mbed/TARGET_NUCLEO_F072RB/TOOLCHAIN_GCC_ARM/system_stm32f0xx.o
 .comment       0x00000000000000de       0x71 ./mbed/TARGET_NUCLEO_F072RB/TOOLCHAIN_GCC_ARM/libmbed.a(serial_api.o)
 .comment       0x00000000000000de       0x71 ./mbed/TARGET_NUCLEO_F072RB/TOOLCHAIN_GCC_ARM/libmbed.a(assert.o)
 .comment       0x00000000000000de       0x71 ./mbed/TARGET_NUCLEO_F072RB/TOOLCHAIN_GCC_ARM/libmbed.a(error.o)
 .comment       0x00000000000000de       0x71 ./mbed/TARGET_NUCLEO_F072RB/TOOLCHAIN_GCC_ARM/libmbed.a(pinmap_common.o)
 .comment       0x00000000000000de       0x71 ./mbed/TARGET_NUCLEO_F072RB/TOOLCHAIN_GCC_ARM/libmbed.a(us_ticker_api.o)
 .comment       0x00000000000000de       0x71 ./mbed/TARGET_NUCLEO_F072RB/TOOLCHAIN_GCC_ARM/libmbed.a(wait_api.o)
 .comment       0x00000000000000de       0x71 ./mbed/TARGET_NUCLEO_F072RB/TOOLCHAIN_GCC_ARM/libmbed.a(PeripheralPins.o)
 .comment       0x00000000000000de       0x71 ./mbed/TARGET_NUCLEO_F072RB/TOOLCHAIN_GCC_ARM/libmbed.a(pinmap.o)
 .comment       0x00000000000000de       0x71 ./mbed/TARGET_NUCLEO_F072RB/TOOLCHAIN_GCC_ARM/libmbed.a(us_ticker.o)
 .comment       0x00000000000000de       0x71 ./mbed/TARGET_NUCLEO_F072RB/TOOLCHAIN_GCC_ARM/libmbed.a(ticker_api.o)

.debug_info     0x0000000000000000     0x1030
 .debug_info    0x0000000000000000     0x1030 main.o

.debug_abbrev   0x0000000000000000      0x210
 .debug_abbrev  0x0000000000000000      0x210 main.o

.debug_aranges  0x0000000000000000       0x20
 .debug_aranges
                0x0000000000000000       0x20 main.o

.debug_ranges   0x0000000000000000       0x10
 .debug_ranges  0x0000000000000000       0x10 main.o

.debug_line     0x0000000000000000      0x271
 .debug_line    0x0000000000000000      0x271 main.o

.debug_str      0x0000000000000000      0x6d7
 .debug_str     0x0000000000000000      0x6d7 main.o
                                        0x766 (size before relaxing)

.debug_frame    0x0000000000000000      0x714
 .debug_frame   0x0000000000000000       0x20 main.o
 .debug_frame   0x0000000000000020       0x20 /usr/local/gcc-arm-none-eabi-5_2-2015q4/bin/../lib/gcc/arm-none-eabi/5.2.1/../../../../arm-none-eabi/lib/armv6-m/libc_nano.a(lib_a-errno.o)
 .debug_frame   0x0000000000000040       0x28 /usr/local/gcc-arm-none-eabi-5_2-2015q4/bin/../lib/gcc/arm-none-eabi/5.2.1/../../../../arm-none-eabi/lib/armv6-m/libc_nano.a(lib_a-exit.o)
 .debug_frame   0x0000000000000068       0x68 /usr/local/gcc-arm-none-eabi-5_2-2015q4/bin/../lib/gcc/arm-none-eabi/5.2.1/../../../../arm-none-eabi/lib/armv6-m/libc_nano.a(lib_a-fflush.o)
 .debug_frame   0x00000000000000d0      0x140 /usr/local/gcc-arm-none-eabi-5_2-2015q4/bin/../lib/gcc/arm-none-eabi/5.2.1/../../../../arm-none-eabi/lib/armv6-m/libc_nano.a(lib_a-findfp.o)
 .debug_frame   0x0000000000000210       0x58 /usr/local/gcc-arm-none-eabi-5_2-2015q4/bin/../lib/gcc/arm-none-eabi/5.2.1/../../../../arm-none-eabi/lib/armv6-m/libc_nano.a(lib_a-fwalk.o)
 .debug_frame   0x0000000000000268       0x2c /usr/local/gcc-arm-none-eabi-5_2-2015q4/bin/../lib/gcc/arm-none-eabi/5.2.1/../../../../arm-none-eabi/lib/armv6-m/libc_nano.a(lib_a-init.o)
 .debug_frame   0x0000000000000294       0x20 /usr/local/gcc-arm-none-eabi-5_2-2015q4/bin/../lib/gcc/arm-none-eabi/5.2.1/../../../../arm-none-eabi/lib/armv6-m/libc_nano.a(lib_a-memchr-stub.o)
 .debug_frame   0x00000000000002b4       0x28 /usr/local/gcc-arm-none-eabi-5_2-2015q4/bin/../lib/gcc/arm-none-eabi/5.2.1/../../../../arm-none-eabi/lib/armv6-m/libc_nano.a(lib_a-memcpy-stub.o)
 .debug_frame   0x00000000000002dc       0x20 /usr/local/gcc-arm-none-eabi-5_2-2015q4/bin/../lib/gcc/arm-none-eabi/5.2.1/../../../../arm-none-eabi/lib/armv6-m/libc_nano.a(lib_a-memset.o)
 .debug_frame   0x00000000000002fc       0x2c /usr/local/gcc-arm-none-eabi-5_2-2015q4/bin/../lib/gcc/arm-none-eabi/5.2.1/../../../../arm-none-eabi/lib/armv6-m/libc_nano.a(lib_a-nano-freer.o)
 .debug_frame   0x0000000000000328       0x2c /usr/local/gcc-arm-none-eabi-5_2-2015q4/bin/../lib/gcc/arm-none-eabi/5.2.1/../../../../arm-none-eabi/lib/armv6-m/libc_nano.a(lib_a-nano-mallocr.o)
 .debug_frame   0x0000000000000354       0x9c /usr/local/gcc-arm-none-eabi-5_2-2015q4/bin/../lib/gcc/arm-none-eabi/5.2.1/../../../../arm-none-eabi/lib/armv6-m/libc_nano.a(lib_a-nano-vfprintf.o)
 .debug_frame   0x00000000000003f0       0x54 /usr/local/gcc-arm-none-eabi-5_2-2015q4/bin/../lib/gcc/arm-none-eabi/5.2.1/../../../../arm-none-eabi/lib/armv6-m/libc_nano.a(lib_a-nano-vfprintf_i.o)
 .debug_frame   0x0000000000000444       0x48 /usr/local/gcc-arm-none-eabi-5_2-2015q4/bin/../lib/gcc/arm-none-eabi/5.2.1/../../../../arm-none-eabi/lib/armv6-m/libc_nano.a(lib_a-reent.o)
 .debug_frame   0x000000000000048c       0x2c /usr/local/gcc-arm-none-eabi-5_2-2015q4/bin/../lib/gcc/arm-none-eabi/5.2.1/../../../../arm-none-eabi/lib/armv6-m/libc_nano.a(lib_a-sbrkr.o)
 .debug_frame   0x00000000000004b8       0x90 /usr/local/gcc-arm-none-eabi-5_2-2015q4/bin/../lib/gcc/arm-none-eabi/5.2.1/../../../../arm-none-eabi/lib/armv6-m/libc_nano.a(lib_a-stdio.o)
 .debug_frame   0x0000000000000548       0x48 /usr/local/gcc-arm-none-eabi-5_2-2015q4/bin/../lib/gcc/arm-none-eabi/5.2.1/../../../../arm-none-eabi/lib/armv6-m/libc_nano.a(lib_a-wbuf.o)
 .debug_frame   0x0000000000000590       0x2c /usr/local/gcc-arm-none-eabi-5_2-2015q4/bin/../lib/gcc/arm-none-eabi/5.2.1/../../../../arm-none-eabi/lib/armv6-m/libc_nano.a(lib_a-writer.o)
 .debug_frame   0x00000000000005bc       0x2c /usr/local/gcc-arm-none-eabi-5_2-2015q4/bin/../lib/gcc/arm-none-eabi/5.2.1/../../../../arm-none-eabi/lib/armv6-m/libc_nano.a(lib_a-wsetup.o)
 .debug_frame   0x00000000000005e8       0x2c /usr/local/gcc-arm-none-eabi-5_2-2015q4/bin/../lib/gcc/arm-none-eabi/5.2.1/../../../../arm-none-eabi/lib/armv6-m/libc_nano.a(lib_a-closer.o)
 .debug_frame   0x0000000000000614       0x2c /usr/local/gcc-arm-none-eabi-5_2-2015q4/bin/../lib/gcc/arm-none-eabi/5.2.1/../../../../arm-none-eabi/lib/armv6-m/libc_nano.a(lib_a-lseekr.o)
 .debug_frame   0x0000000000000640       0x30 /usr/local/gcc-arm-none-eabi-5_2-2015q4/bin/../lib/gcc/arm-none-eabi/5.2.1/../../../../arm-none-eabi/lib/armv6-m/libc_nano.a(lib_a-makebuf.o)
 .debug_frame   0x0000000000000670       0x2c /usr/local/gcc-arm-none-eabi-5_2-2015q4/bin/../lib/gcc/arm-none-eabi/5.2.1/../../../../arm-none-eabi/lib/armv6-m/libc_nano.a(lib_a-readr.o)
 .debug_frame   0x000000000000069c       0x2c /usr/local/gcc-arm-none-eabi-5_2-2015q4/bin/../lib/gcc/arm-none-eabi/5.2.1/../../../../arm-none-eabi/lib/armv6-m/libc_nano.a(lib_a-fstatr.o)
 .debug_frame   0x00000000000006c8       0x2c /usr/local/gcc-arm-none-eabi-5_2-2015q4/bin/../lib/gcc/arm-none-eabi/5.2.1/../../../../arm-none-eabi/lib/armv6-m/libc_nano.a(lib_a-isattyr.o)
 .debug_frame   0x00000000000006f4       0x20 /usr/local/gcc-arm-none-eabi-5_2-2015q4/bin/../lib/gcc/arm-none-eabi/5.2.1/armv6-m/libgcc.a(_udivsi3.o)

.stabstr        0x0000000000000000       0x76
 .stabstr       0x0000000000000000       0x76 /usr/local/gcc-arm-none-eabi-5_2-2015q4/bin/../lib/gcc/arm-none-eabi/5.2.1/../../../../arm-none-eabi/lib/armv6-m/libnosys.a(getpid.o)

Cross Reference Table

Symbol                                            File
ADC1_COMP_IRQHandler                              mbed/TARGET_NUCLEO_F072RB/TOOLCHAIN_GCC_ARM/startup_stm32f072xb.o
ADXL345::ADXL345(PinName, PinName)                ADXL345/ADXL345.o
ADXL345::ADXL345(PinName, PinName)                ADXL345/ADXL345.o
ADXL345::getActivityInactivityControl()           ADXL345/ADXL345.o
ADXL345::getActivityThreshold()                   ADXL345/ADXL345.o
ADXL345::getDataFormatControl()                   ADXL345/ADXL345.o
ADXL345::getDeviceID()                            ADXL345/ADXL345.o
ADXL345::getFreeFallThreshold()                   ADXL345/ADXL345.o
ADXL345::getFreeFallTime()                        ADXL345/ADXL345.o
ADXL345::getInactivityThreshold()                 ADXL345/ADXL345.o
ADXL345::getInterruptEnableControl()              ADXL345/ADXL345.o
ADXL345::getInterruptMappingControl()             ADXL345/ADXL345.o
ADXL345::getInterruptSource()                     ADXL345/ADXL345.o
ADXL345::getOffset(unsigned char)                 ADXL345/ADXL345.o
ADXL345::getOutput(short*)                        ADXL345/ADXL345.o
ADXL345::getPowerControl()                        ADXL345/ADXL345.o
ADXL345::getPowerMode()                           ADXL345/ADXL345.o
ADXL345::getTapAxesControl()                      ADXL345/ADXL345.o
ADXL345::getTapDuration()                         ADXL345/ADXL345.o
ADXL345::getTapLatency()                          ADXL345/ADXL345.o
ADXL345::getTapSource()                           ADXL345/ADXL345.o
ADXL345::getTapThreshold()                        ADXL345/ADXL345.o
ADXL345::getTapWindow()                           ADXL345/ADXL345.o
ADXL345::getTimeInactivity()                      ADXL345/ADXL345.o
ADXL345::setActivityInactivityControl(unsigned char) ADXL345/ADXL345.o
ADXL345::setActivityThreshold(unsigned char)      ADXL345/ADXL345.o
ADXL345::setDataFormatControl(unsigned char)      ADXL345/ADXL345.o
ADXL345::setDataRate(unsigned char)               ADXL345/ADXL345.o
ADXL345::setFreeFallThreshold(unsigned char)      ADXL345/ADXL345.o
ADXL345::setFreeFallTime(unsigned char)           ADXL345/ADXL345.o
ADXL345::setInactivityThreshold(unsigned char)    ADXL345/ADXL345.o
ADXL345::setInterruptEnableControl(unsigned char) ADXL345/ADXL345.o
ADXL345::setInterruptMappingControl(unsigned char) ADXL345/ADXL345.o
ADXL345::setOffset(unsigned char, signed char)    ADXL345/ADXL345.o
ADXL345::setPowerControl(unsigned char)           ADXL345/ADXL345.o
ADXL345::setPowerMode(unsigned char)              ADXL345/ADXL345.o
ADXL345::setTapAxesControl(unsigned char)         ADXL345/ADXL345.o
ADXL345::setTapDuration(unsigned char)            ADXL345/ADXL345.o
ADXL345::setTapLatency(unsigned char)             ADXL345/ADXL345.o
ADXL345::setTapThreshold(unsigned char)           ADXL345/ADXL345.o
ADXL345::setTapWindow(unsigned char)              ADXL345/ADXL345.o
ADXL345::setTimeInactivity(unsigned char)         ADXL345/ADXL345.o
AHBPrescTable                                     mbed/TARGET_NUCLEO_F072RB/TOOLCHAIN_GCC_ARM/system_stm32f0xx.o
CEC_CAN_IRQHandler                                mbed/TARGET_NUCLEO_F072RB/TOOLCHAIN_GCC_ARM/startup_stm32f072xb.o
DAC_DMAConvCpltCh2                                mbed/TARGET_NUCLEO_F072RB/TOOLCHAIN_GCC_ARM/stm32f0xx_hal_dac_ex.o
DAC_DMAErrorCh2                                   mbed/TARGET_NUCLEO_F072RB/TOOLCHAIN_GCC_ARM/stm32f0xx_hal_dac_ex.o
DAC_DMAHalfConvCpltCh2                            mbed/TARGET_NUCLEO_F072RB/TOOLCHAIN_GCC_ARM/stm32f0xx_hal_dac_ex.o
DMA1_Channel1_IRQHandler                          mbed/TARGET_NUCLEO_F072RB/TOOLCHAIN_GCC_ARM/startup_stm32f072xb.o
DMA1_Channel2_3_IRQHandler                        mbed/TARGET_NUCLEO_F072RB/TOOLCHAIN_GCC_ARM/startup_stm32f072xb.o
DMA1_Channel4_5_6_7_IRQHandler                    mbed/TARGET_NUCLEO_F072RB/TOOLCHAIN_GCC_ARM/startup_stm32f072xb.o
Default_Handler                                   mbed/TARGET_NUCLEO_F072RB/TOOLCHAIN_GCC_ARM/startup_stm32f072xb.o
EXTI0_1_IRQHandler                                mbed/TARGET_NUCLEO_F072RB/TOOLCHAIN_GCC_ARM/startup_stm32f072xb.o
EXTI2_3_IRQHandler                                mbed/TARGET_NUCLEO_F072RB/TOOLCHAIN_GCC_ARM/startup_stm32f072xb.o
EXTI4_15_IRQHandler                               mbed/TARGET_NUCLEO_F072RB/TOOLCHAIN_GCC_ARM/startup_stm32f072xb.o
FLASH_IRQHandler                                  mbed/TARGET_NUCLEO_F072RB/TOOLCHAIN_GCC_ARM/startup_stm32f072xb.o
FLASH_PageErase                                   mbed/TARGET_NUCLEO_F072RB/TOOLCHAIN_GCC_ARM/stm32f0xx_hal_flash_ex.o
                                                  mbed/TARGET_NUCLEO_F072RB/TOOLCHAIN_GCC_ARM/stm32f0xx_hal_flash.o
FLASH_WaitForLastOperation                        mbed/TARGET_NUCLEO_F072RB/TOOLCHAIN_GCC_ARM/stm32f0xx_hal_flash.o
                                                  mbed/TARGET_NUCLEO_F072RB/TOOLCHAIN_GCC_ARM/stm32f0xx_hal_flash_ex.o
HAL_ADCEx_Calibration_Start                       mbed/TARGET_NUCLEO_F072RB/TOOLCHAIN_GCC_ARM/stm32f0xx_hal_adc_ex.o
HAL_ADC_AnalogWDGConfig                           mbed/TARGET_NUCLEO_F072RB/TOOLCHAIN_GCC_ARM/stm32f0xx_hal_adc.o
HAL_ADC_ConfigChannel                             mbed/TARGET_NUCLEO_F072RB/TOOLCHAIN_GCC_ARM/stm32f0xx_hal_adc.o
HAL_ADC_ConvCpltCallback                          mbed/TARGET_NUCLEO_F072RB/TOOLCHAIN_GCC_ARM/stm32f0xx_hal_adc.o
HAL_ADC_ConvHalfCpltCallback                      mbed/TARGET_NUCLEO_F072RB/TOOLCHAIN_GCC_ARM/stm32f0xx_hal_adc.o
HAL_ADC_DeInit                                    mbed/TARGET_NUCLEO_F072RB/TOOLCHAIN_GCC_ARM/stm32f0xx_hal_adc.o
HAL_ADC_ErrorCallback                             mbed/TARGET_NUCLEO_F072RB/TOOLCHAIN_GCC_ARM/stm32f0xx_hal_adc.o
HAL_ADC_GetError                                  mbed/TARGET_NUCLEO_F072RB/TOOLCHAIN_GCC_ARM/stm32f0xx_hal_adc.o
HAL_ADC_GetState                                  mbed/TARGET_NUCLEO_F072RB/TOOLCHAIN_GCC_ARM/stm32f0xx_hal_adc.o
HAL_ADC_GetValue                                  mbed/TARGET_NUCLEO_F072RB/TOOLCHAIN_GCC_ARM/stm32f0xx_hal_adc.o
HAL_ADC_IRQHandler                                mbed/TARGET_NUCLEO_F072RB/TOOLCHAIN_GCC_ARM/stm32f0xx_hal_adc.o
HAL_ADC_Init                                      mbed/TARGET_NUCLEO_F072RB/TOOLCHAIN_GCC_ARM/stm32f0xx_hal_adc.o
HAL_ADC_LevelOutOfWindowCallback                  mbed/TARGET_NUCLEO_F072RB/TOOLCHAIN_GCC_ARM/stm32f0xx_hal_adc.o
HAL_ADC_MspDeInit                                 mbed/TARGET_NUCLEO_F072RB/TOOLCHAIN_GCC_ARM/stm32f0xx_hal_adc.o
HAL_ADC_MspInit                                   mbed/TARGET_NUCLEO_F072RB/TOOLCHAIN_GCC_ARM/stm32f0xx_hal_adc.o
HAL_ADC_PollForConversion                         mbed/TARGET_NUCLEO_F072RB/TOOLCHAIN_GCC_ARM/stm32f0xx_hal_adc.o
HAL_ADC_PollForEvent                              mbed/TARGET_NUCLEO_F072RB/TOOLCHAIN_GCC_ARM/stm32f0xx_hal_adc.o
HAL_ADC_Start                                     mbed/TARGET_NUCLEO_F072RB/TOOLCHAIN_GCC_ARM/stm32f0xx_hal_adc.o
HAL_ADC_Start_DMA                                 mbed/TARGET_NUCLEO_F072RB/TOOLCHAIN_GCC_ARM/stm32f0xx_hal_adc.o
HAL_ADC_Start_IT                                  mbed/TARGET_NUCLEO_F072RB/TOOLCHAIN_GCC_ARM/stm32f0xx_hal_adc.o
HAL_ADC_Stop                                      mbed/TARGET_NUCLEO_F072RB/TOOLCHAIN_GCC_ARM/stm32f0xx_hal_adc.o
HAL_ADC_Stop_DMA                                  mbed/TARGET_NUCLEO_F072RB/TOOLCHAIN_GCC_ARM/stm32f0xx_hal_adc.o
HAL_ADC_Stop_IT                                   mbed/TARGET_NUCLEO_F072RB/TOOLCHAIN_GCC_ARM/stm32f0xx_hal_adc.o
HAL_CAN_ConfigFilter                              mbed/TARGET_NUCLEO_F072RB/TOOLCHAIN_GCC_ARM/stm32f0xx_hal_can.o
HAL_CAN_DeInit                                    mbed/TARGET_NUCLEO_F072RB/TOOLCHAIN_GCC_ARM/stm32f0xx_hal_can.o
HAL_CAN_ErrorCallback                             mbed/TARGET_NUCLEO_F072RB/TOOLCHAIN_GCC_ARM/stm32f0xx_hal_can.o
HAL_CAN_GetError                                  mbed/TARGET_NUCLEO_F072RB/TOOLCHAIN_GCC_ARM/stm32f0xx_hal_can.o
HAL_CAN_GetState                                  mbed/TARGET_NUCLEO_F072RB/TOOLCHAIN_GCC_ARM/stm32f0xx_hal_can.o
HAL_CAN_IRQHandler                                mbed/TARGET_NUCLEO_F072RB/TOOLCHAIN_GCC_ARM/stm32f0xx_hal_can.o
HAL_CAN_Init                                      mbed/TARGET_NUCLEO_F072RB/TOOLCHAIN_GCC_ARM/stm32f0xx_hal_can.o
HAL_CAN_MspDeInit                                 mbed/TARGET_NUCLEO_F072RB/TOOLCHAIN_GCC_ARM/stm32f0xx_hal_can.o
HAL_CAN_MspInit                                   mbed/TARGET_NUCLEO_F072RB/TOOLCHAIN_GCC_ARM/stm32f0xx_hal_can.o
HAL_CAN_Receive                                   mbed/TARGET_NUCLEO_F072RB/TOOLCHAIN_GCC_ARM/stm32f0xx_hal_can.o
HAL_CAN_Receive_IT                                mbed/TARGET_NUCLEO_F072RB/TOOLCHAIN_GCC_ARM/stm32f0xx_hal_can.o
HAL_CAN_RxCpltCallback                            mbed/TARGET_NUCLEO_F072RB/TOOLCHAIN_GCC_ARM/stm32f0xx_hal_can.o
HAL_CAN_Sleep                                     mbed/TARGET_NUCLEO_F072RB/TOOLCHAIN_GCC_ARM/stm32f0xx_hal_can.o
HAL_CAN_Transmit                                  mbed/TARGET_NUCLEO_F072RB/TOOLCHAIN_GCC_ARM/stm32f0xx_hal_can.o
HAL_CAN_Transmit_IT                               mbed/TARGET_NUCLEO_F072RB/TOOLCHAIN_GCC_ARM/stm32f0xx_hal_can.o
HAL_CAN_TxCpltCallback                            mbed/TARGET_NUCLEO_F072RB/TOOLCHAIN_GCC_ARM/stm32f0xx_hal_can.o
HAL_CAN_WakeUp                                    mbed/TARGET_NUCLEO_F072RB/TOOLCHAIN_GCC_ARM/stm32f0xx_hal_can.o
HAL_CEC_DeInit                                    mbed/TARGET_NUCLEO_F072RB/TOOLCHAIN_GCC_ARM/stm32f0xx_hal_cec.o
HAL_CEC_ErrorCallback                             mbed/TARGET_NUCLEO_F072RB/TOOLCHAIN_GCC_ARM/stm32f0xx_hal_cec.o
HAL_CEC_GetError                                  mbed/TARGET_NUCLEO_F072RB/TOOLCHAIN_GCC_ARM/stm32f0xx_hal_cec.o
HAL_CEC_GetReceivedFrameSize                      mbed/TARGET_NUCLEO_F072RB/TOOLCHAIN_GCC_ARM/stm32f0xx_hal_cec.o
HAL_CEC_GetState                                  mbed/TARGET_NUCLEO_F072RB/TOOLCHAIN_GCC_ARM/stm32f0xx_hal_cec.o
HAL_CEC_IRQHandler                                mbed/TARGET_NUCLEO_F072RB/TOOLCHAIN_GCC_ARM/stm32f0xx_hal_cec.o
HAL_CEC_Init                                      mbed/TARGET_NUCLEO_F072RB/TOOLCHAIN_GCC_ARM/stm32f0xx_hal_cec.o
HAL_CEC_MspDeInit                                 mbed/TARGET_NUCLEO_F072RB/TOOLCHAIN_GCC_ARM/stm32f0xx_hal_cec.o
HAL_CEC_MspInit                                   mbed/TARGET_NUCLEO_F072RB/TOOLCHAIN_GCC_ARM/stm32f0xx_hal_cec.o
HAL_CEC_Receive                                   mbed/TARGET_NUCLEO_F072RB/TOOLCHAIN_GCC_ARM/stm32f0xx_hal_cec.o
HAL_CEC_Receive_IT                                mbed/TARGET_NUCLEO_F072RB/TOOLCHAIN_GCC_ARM/stm32f0xx_hal_cec.o
HAL_CEC_RxCpltCallback                            mbed/TARGET_NUCLEO_F072RB/TOOLCHAIN_GCC_ARM/stm32f0xx_hal_cec.o
HAL_CEC_Transmit                                  mbed/TARGET_NUCLEO_F072RB/TOOLCHAIN_GCC_ARM/stm32f0xx_hal_cec.o
HAL_CEC_Transmit_IT                               mbed/TARGET_NUCLEO_F072RB/TOOLCHAIN_GCC_ARM/stm32f0xx_hal_cec.o
HAL_CEC_TxCpltCallback                            mbed/TARGET_NUCLEO_F072RB/TOOLCHAIN_GCC_ARM/stm32f0xx_hal_cec.o
HAL_COMP_DeInit                                   mbed/TARGET_NUCLEO_F072RB/TOOLCHAIN_GCC_ARM/stm32f0xx_hal_comp.o
HAL_COMP_GetOutputLevel                           mbed/TARGET_NUCLEO_F072RB/TOOLCHAIN_GCC_ARM/stm32f0xx_hal_comp.o
HAL_COMP_GetState                                 mbed/TARGET_NUCLEO_F072RB/TOOLCHAIN_GCC_ARM/stm32f0xx_hal_comp.o
HAL_COMP_IRQHandler                               mbed/TARGET_NUCLEO_F072RB/TOOLCHAIN_GCC_ARM/stm32f0xx_hal_comp.o
HAL_COMP_Init                                     mbed/TARGET_NUCLEO_F072RB/TOOLCHAIN_GCC_ARM/stm32f0xx_hal_comp.o
HAL_COMP_Lock                                     mbed/TARGET_NUCLEO_F072RB/TOOLCHAIN_GCC_ARM/stm32f0xx_hal_comp.o
HAL_COMP_MspDeInit                                mbed/TARGET_NUCLEO_F072RB/TOOLCHAIN_GCC_ARM/stm32f0xx_hal_comp.o
HAL_COMP_MspInit                                  mbed/TARGET_NUCLEO_F072RB/TOOLCHAIN_GCC_ARM/stm32f0xx_hal_comp.o
HAL_COMP_Start                                    mbed/TARGET_NUCLEO_F072RB/TOOLCHAIN_GCC_ARM/stm32f0xx_hal_comp.o
HAL_COMP_Start_IT                                 mbed/TARGET_NUCLEO_F072RB/TOOLCHAIN_GCC_ARM/stm32f0xx_hal_comp.o
HAL_COMP_Stop                                     mbed/TARGET_NUCLEO_F072RB/TOOLCHAIN_GCC_ARM/stm32f0xx_hal_comp.o
HAL_COMP_Stop_IT                                  mbed/TARGET_NUCLEO_F072RB/TOOLCHAIN_GCC_ARM/stm32f0xx_hal_comp.o
HAL_COMP_TriggerCallback                          mbed/TARGET_NUCLEO_F072RB/TOOLCHAIN_GCC_ARM/stm32f0xx_hal_comp.o
HAL_CRCEx_Init                                    mbed/TARGET_NUCLEO_F072RB/TOOLCHAIN_GCC_ARM/stm32f0xx_hal_crc_ex.o
                                                  mbed/TARGET_NUCLEO_F072RB/TOOLCHAIN_GCC_ARM/stm32f0xx_hal_crc.o
HAL_CRCEx_Input_Data_Reverse                      mbed/TARGET_NUCLEO_F072RB/TOOLCHAIN_GCC_ARM/stm32f0xx_hal_crc_ex.o
HAL_CRCEx_Output_Data_Reverse                     mbed/TARGET_NUCLEO_F072RB/TOOLCHAIN_GCC_ARM/stm32f0xx_hal_crc_ex.o
HAL_CRCEx_Polynomial_Set                          mbed/TARGET_NUCLEO_F072RB/TOOLCHAIN_GCC_ARM/stm32f0xx_hal_crc_ex.o
HAL_CRC_Accumulate                                mbed/TARGET_NUCLEO_F072RB/TOOLCHAIN_GCC_ARM/stm32f0xx_hal_crc.o
HAL_CRC_Calculate                                 mbed/TARGET_NUCLEO_F072RB/TOOLCHAIN_GCC_ARM/stm32f0xx_hal_crc.o
HAL_CRC_DeInit                                    mbed/TARGET_NUCLEO_F072RB/TOOLCHAIN_GCC_ARM/stm32f0xx_hal_crc.o
HAL_CRC_GetState                                  mbed/TARGET_NUCLEO_F072RB/TOOLCHAIN_GCC_ARM/stm32f0xx_hal_crc.o
HAL_CRC_Init                                      mbed/TARGET_NUCLEO_F072RB/TOOLCHAIN_GCC_ARM/stm32f0xx_hal_crc.o
HAL_CRC_MspDeInit                                 mbed/TARGET_NUCLEO_F072RB/TOOLCHAIN_GCC_ARM/stm32f0xx_hal_crc.o
HAL_CRC_MspInit                                   mbed/TARGET_NUCLEO_F072RB/TOOLCHAIN_GCC_ARM/stm32f0xx_hal_crc.o
HAL_DACEx_ConvCpltCallbackCh2                     mbed/TARGET_NUCLEO_F072RB/TOOLCHAIN_GCC_ARM/stm32f0xx_hal_dac_ex.o
HAL_DACEx_ConvHalfCpltCallbackCh2                 mbed/TARGET_NUCLEO_F072RB/TOOLCHAIN_GCC_ARM/stm32f0xx_hal_dac_ex.o
HAL_DACEx_DMAUnderrunCallbackCh2                  mbed/TARGET_NUCLEO_F072RB/TOOLCHAIN_GCC_ARM/stm32f0xx_hal_dac_ex.o
HAL_DACEx_DualGetValue                            mbed/TARGET_NUCLEO_F072RB/TOOLCHAIN_GCC_ARM/stm32f0xx_hal_dac_ex.o
HAL_DACEx_DualSetValue                            mbed/TARGET_NUCLEO_F072RB/TOOLCHAIN_GCC_ARM/stm32f0xx_hal_dac_ex.o
HAL_DACEx_ErrorCallbackCh2                        mbed/TARGET_NUCLEO_F072RB/TOOLCHAIN_GCC_ARM/stm32f0xx_hal_dac_ex.o
HAL_DACEx_NoiseWaveGenerate                       mbed/TARGET_NUCLEO_F072RB/TOOLCHAIN_GCC_ARM/stm32f0xx_hal_dac_ex.o
HAL_DACEx_TriangleWaveGenerate                    mbed/TARGET_NUCLEO_F072RB/TOOLCHAIN_GCC_ARM/stm32f0xx_hal_dac_ex.o
HAL_DAC_ConfigChannel                             mbed/TARGET_NUCLEO_F072RB/TOOLCHAIN_GCC_ARM/stm32f0xx_hal_dac_ex.o
                                                  mbed/TARGET_NUCLEO_F072RB/TOOLCHAIN_GCC_ARM/stm32f0xx_hal_dac.o
HAL_DAC_ConvCpltCallbackCh1                       mbed/TARGET_NUCLEO_F072RB/TOOLCHAIN_GCC_ARM/stm32f0xx_hal_dac.o
                                                  mbed/TARGET_NUCLEO_F072RB/TOOLCHAIN_GCC_ARM/stm32f0xx_hal_dac_ex.o
HAL_DAC_ConvHalfCpltCallbackCh1                   mbed/TARGET_NUCLEO_F072RB/TOOLCHAIN_GCC_ARM/stm32f0xx_hal_dac.o
                                                  mbed/TARGET_NUCLEO_F072RB/TOOLCHAIN_GCC_ARM/stm32f0xx_hal_dac_ex.o
HAL_DAC_DMAUnderrunCallbackCh1                    mbed/TARGET_NUCLEO_F072RB/TOOLCHAIN_GCC_ARM/stm32f0xx_hal_dac.o
                                                  mbed/TARGET_NUCLEO_F072RB/TOOLCHAIN_GCC_ARM/stm32f0xx_hal_dac_ex.o
HAL_DAC_DeInit                                    mbed/TARGET_NUCLEO_F072RB/TOOLCHAIN_GCC_ARM/stm32f0xx_hal_dac.o
HAL_DAC_ErrorCallbackCh1                          mbed/TARGET_NUCLEO_F072RB/TOOLCHAIN_GCC_ARM/stm32f0xx_hal_dac.o
                                                  mbed/TARGET_NUCLEO_F072RB/TOOLCHAIN_GCC_ARM/stm32f0xx_hal_dac_ex.o
HAL_DAC_GetError                                  mbed/TARGET_NUCLEO_F072RB/TOOLCHAIN_GCC_ARM/stm32f0xx_hal_dac.o
HAL_DAC_GetState                                  mbed/TARGET_NUCLEO_F072RB/TOOLCHAIN_GCC_ARM/stm32f0xx_hal_dac.o
HAL_DAC_GetValue                                  mbed/TARGET_NUCLEO_F072RB/TOOLCHAIN_GCC_ARM/stm32f0xx_hal_dac_ex.o
                                                  mbed/TARGET_NUCLEO_F072RB/TOOLCHAIN_GCC_ARM/stm32f0xx_hal_dac.o
HAL_DAC_IRQHandler                                mbed/TARGET_NUCLEO_F072RB/TOOLCHAIN_GCC_ARM/stm32f0xx_hal_dac_ex.o
                                                  mbed/TARGET_NUCLEO_F072RB/TOOLCHAIN_GCC_ARM/stm32f0xx_hal_dac.o
HAL_DAC_Init                                      mbed/TARGET_NUCLEO_F072RB/TOOLCHAIN_GCC_ARM/stm32f0xx_hal_dac.o
HAL_DAC_MspDeInit                                 mbed/TARGET_NUCLEO_F072RB/TOOLCHAIN_GCC_ARM/stm32f0xx_hal_dac.o
HAL_DAC_MspInit                                   mbed/TARGET_NUCLEO_F072RB/TOOLCHAIN_GCC_ARM/stm32f0xx_hal_dac.o
HAL_DAC_SetValue                                  mbed/TARGET_NUCLEO_F072RB/TOOLCHAIN_GCC_ARM/stm32f0xx_hal_dac.o
HAL_DAC_Start                                     mbed/TARGET_NUCLEO_F072RB/TOOLCHAIN_GCC_ARM/stm32f0xx_hal_dac_ex.o
                                                  mbed/TARGET_NUCLEO_F072RB/TOOLCHAIN_GCC_ARM/stm32f0xx_hal_dac.o
HAL_DAC_Start_DMA                                 mbed/TARGET_NUCLEO_F072RB/TOOLCHAIN_GCC_ARM/stm32f0xx_hal_dac_ex.o
                                                  mbed/TARGET_NUCLEO_F072RB/TOOLCHAIN_GCC_ARM/stm32f0xx_hal_dac.o
HAL_DAC_Stop                                      mbed/TARGET_NUCLEO_F072RB/TOOLCHAIN_GCC_ARM/stm32f0xx_hal_dac.o
HAL_DAC_Stop_DMA                                  mbed/TARGET_NUCLEO_F072RB/TOOLCHAIN_GCC_ARM/stm32f0xx_hal_dac.o
HAL_DBGMCU_DisableDBGStandbyMode                  mbed/TARGET_NUCLEO_F072RB/TOOLCHAIN_GCC_ARM/stm32f0xx_hal.o
HAL_DBGMCU_DisableDBGStopMode                     mbed/TARGET_NUCLEO_F072RB/TOOLCHAIN_GCC_ARM/stm32f0xx_hal.o
HAL_DBGMCU_EnableDBGStandbyMode                   mbed/TARGET_NUCLEO_F072RB/TOOLCHAIN_GCC_ARM/stm32f0xx_hal.o
HAL_DBGMCU_EnableDBGStopMode                      mbed/TARGET_NUCLEO_F072RB/TOOLCHAIN_GCC_ARM/stm32f0xx_hal.o
HAL_DMA_Abort                                     mbed/TARGET_NUCLEO_F072RB/TOOLCHAIN_GCC_ARM/stm32f0xx_hal_dma.o
                                                  mbed/TARGET_NUCLEO_F072RB/TOOLCHAIN_GCC_ARM/stm32f0xx_hal_usart.o
                                                  mbed/TARGET_NUCLEO_F072RB/TOOLCHAIN_GCC_ARM/stm32f0xx_hal_uart.o
                                                  mbed/TARGET_NUCLEO_F072RB/TOOLCHAIN_GCC_ARM/stm32f0xx_hal_tim.o
                                                  mbed/TARGET_NUCLEO_F072RB/TOOLCHAIN_GCC_ARM/stm32f0xx_hal_spi.o
                                                  mbed/TARGET_NUCLEO_F072RB/TOOLCHAIN_GCC_ARM/stm32f0xx_hal_irda.o
                                                  mbed/TARGET_NUCLEO_F072RB/TOOLCHAIN_GCC_ARM/stm32f0xx_hal_i2s.o
                                                  mbed/TARGET_NUCLEO_F072RB/TOOLCHAIN_GCC_ARM/stm32f0xx_hal_dac.o
                                                  mbed/TARGET_NUCLEO_F072RB/TOOLCHAIN_GCC_ARM/stm32f0xx_hal_adc.o
HAL_DMA_DeInit                                    mbed/TARGET_NUCLEO_F072RB/TOOLCHAIN_GCC_ARM/stm32f0xx_hal_dma.o
HAL_DMA_GetError                                  mbed/TARGET_NUCLEO_F072RB/TOOLCHAIN_GCC_ARM/stm32f0xx_hal_dma.o
HAL_DMA_GetState                                  mbed/TARGET_NUCLEO_F072RB/TOOLCHAIN_GCC_ARM/stm32f0xx_hal_dma.o
HAL_DMA_IRQHandler                                mbed/TARGET_NUCLEO_F072RB/TOOLCHAIN_GCC_ARM/stm32f0xx_hal_dma.o
HAL_DMA_Init                                      mbed/TARGET_NUCLEO_F072RB/TOOLCHAIN_GCC_ARM/stm32f0xx_hal_dma.o
HAL_DMA_PollForTransfer                           mbed/TARGET_NUCLEO_F072RB/TOOLCHAIN_GCC_ARM/stm32f0xx_hal_dma.o
HAL_DMA_Start                                     mbed/TARGET_NUCLEO_F072RB/TOOLCHAIN_GCC_ARM/stm32f0xx_hal_dma.o
HAL_DMA_Start_IT                                  mbed/TARGET_NUCLEO_F072RB/TOOLCHAIN_GCC_ARM/stm32f0xx_hal_dma.o
                                                  mbed/TARGET_NUCLEO_F072RB/TOOLCHAIN_GCC_ARM/stm32f0xx_hal_usart.o
                                                  mbed/TARGET_NUCLEO_F072RB/TOOLCHAIN_GCC_ARM/stm32f0xx_hal_uart.o
                                                  mbed/TARGET_NUCLEO_F072RB/TOOLCHAIN_GCC_ARM/stm32f0xx_hal_tim_ex.o
                                                  mbed/TARGET_NUCLEO_F072RB/TOOLCHAIN_GCC_ARM/stm32f0xx_hal_tim.o
                                                  mbed/TARGET_NUCLEO_F072RB/TOOLCHAIN_GCC_ARM/stm32f0xx_hal_spi.o
                                                  mbed/TARGET_NUCLEO_F072RB/TOOLCHAIN_GCC_ARM/stm32f0xx_hal_irda.o
                                                  mbed/TARGET_NUCLEO_F072RB/TOOLCHAIN_GCC_ARM/stm32f0xx_hal_i2s.o
                                                  mbed/TARGET_NUCLEO_F072RB/TOOLCHAIN_GCC_ARM/stm32f0xx_hal_i2c.o
                                                  mbed/TARGET_NUCLEO_F072RB/TOOLCHAIN_GCC_ARM/stm32f0xx_hal_dac_ex.o
                                                  mbed/TARGET_NUCLEO_F072RB/TOOLCHAIN_GCC_ARM/stm32f0xx_hal_adc.o
                                                  mbed/TARGET_NUCLEO_F072RB/TOOLCHAIN_GCC_ARM/stm32f0xx_hal_smartcard.o
HAL_DeInit                                        mbed/TARGET_NUCLEO_F072RB/TOOLCHAIN_GCC_ARM/stm32f0xx_hal.o
HAL_Delay                                         mbed/TARGET_NUCLEO_F072RB/TOOLCHAIN_GCC_ARM/stm32f0xx_hal.o
HAL_FLASHEx_Erase                                 mbed/TARGET_NUCLEO_F072RB/TOOLCHAIN_GCC_ARM/stm32f0xx_hal_flash_ex.o
HAL_FLASHEx_Erase_IT                              mbed/TARGET_NUCLEO_F072RB/TOOLCHAIN_GCC_ARM/stm32f0xx_hal_flash_ex.o
HAL_FLASHEx_OBErase                               mbed/TARGET_NUCLEO_F072RB/TOOLCHAIN_GCC_ARM/stm32f0xx_hal_flash_ex.o
HAL_FLASHEx_OBGetConfig                           mbed/TARGET_NUCLEO_F072RB/TOOLCHAIN_GCC_ARM/stm32f0xx_hal_flash_ex.o
HAL_FLASHEx_OBProgram                             mbed/TARGET_NUCLEO_F072RB/TOOLCHAIN_GCC_ARM/stm32f0xx_hal_flash_ex.o
HAL_FLASH_EndOfOperationCallback                  mbed/TARGET_NUCLEO_F072RB/TOOLCHAIN_GCC_ARM/stm32f0xx_hal_flash.o
HAL_FLASH_GetError                                mbed/TARGET_NUCLEO_F072RB/TOOLCHAIN_GCC_ARM/stm32f0xx_hal_flash.o
HAL_FLASH_IRQHandler                              mbed/TARGET_NUCLEO_F072RB/TOOLCHAIN_GCC_ARM/stm32f0xx_hal_flash.o
HAL_FLASH_Lock                                    mbed/TARGET_NUCLEO_F072RB/TOOLCHAIN_GCC_ARM/stm32f0xx_hal_flash.o
HAL_FLASH_OB_Launch                               mbed/TARGET_NUCLEO_F072RB/TOOLCHAIN_GCC_ARM/stm32f0xx_hal_flash.o
HAL_FLASH_OB_Lock                                 mbed/TARGET_NUCLEO_F072RB/TOOLCHAIN_GCC_ARM/stm32f0xx_hal_flash.o
HAL_FLASH_OB_Unlock                               mbed/TARGET_NUCLEO_F072RB/TOOLCHAIN_GCC_ARM/stm32f0xx_hal_flash.o
HAL_FLASH_OperationErrorCallback                  mbed/TARGET_NUCLEO_F072RB/TOOLCHAIN_GCC_ARM/stm32f0xx_hal_flash.o
HAL_FLASH_Program                                 mbed/TARGET_NUCLEO_F072RB/TOOLCHAIN_GCC_ARM/stm32f0xx_hal_flash.o
HAL_FLASH_Program_IT                              mbed/TARGET_NUCLEO_F072RB/TOOLCHAIN_GCC_ARM/stm32f0xx_hal_flash.o
HAL_FLASH_Unlock                                  mbed/TARGET_NUCLEO_F072RB/TOOLCHAIN_GCC_ARM/stm32f0xx_hal_flash.o
HAL_GPIO_DeInit                                   mbed/TARGET_NUCLEO_F072RB/TOOLCHAIN_GCC_ARM/stm32f0xx_hal_gpio.o
HAL_GPIO_EXTI_Callback                            mbed/TARGET_NUCLEO_F072RB/TOOLCHAIN_GCC_ARM/stm32f0xx_hal_gpio.o
HAL_GPIO_EXTI_IRQHandler                          mbed/TARGET_NUCLEO_F072RB/TOOLCHAIN_GCC_ARM/stm32f0xx_hal_gpio.o
HAL_GPIO_Init                                     mbed/TARGET_NUCLEO_F072RB/TOOLCHAIN_GCC_ARM/stm32f0xx_hal_gpio.o
                                                  ./mbed/TARGET_NUCLEO_F072RB/TOOLCHAIN_GCC_ARM/libmbed.a(pinmap.o)
                                                  mbed/TARGET_NUCLEO_F072RB/TOOLCHAIN_GCC_ARM/stm32f0xx_hal_rcc.o
HAL_GPIO_LockPin                                  mbed/TARGET_NUCLEO_F072RB/TOOLCHAIN_GCC_ARM/stm32f0xx_hal_gpio.o
HAL_GPIO_ReadPin                                  mbed/TARGET_NUCLEO_F072RB/TOOLCHAIN_GCC_ARM/stm32f0xx_hal_gpio.o
HAL_GPIO_TogglePin                                mbed/TARGET_NUCLEO_F072RB/TOOLCHAIN_GCC_ARM/stm32f0xx_hal_gpio.o
HAL_GPIO_WritePin                                 mbed/TARGET_NUCLEO_F072RB/TOOLCHAIN_GCC_ARM/stm32f0xx_hal_gpio.o
HAL_GetDEVID                                      mbed/TARGET_NUCLEO_F072RB/TOOLCHAIN_GCC_ARM/stm32f0xx_hal.o
HAL_GetHalVersion                                 mbed/TARGET_NUCLEO_F072RB/TOOLCHAIN_GCC_ARM/stm32f0xx_hal.o
HAL_GetREVID                                      mbed/TARGET_NUCLEO_F072RB/TOOLCHAIN_GCC_ARM/stm32f0xx_hal.o
HAL_GetTick                                       mbed/TARGET_NUCLEO_F072RB/TOOLCHAIN_GCC_ARM/stm32f0xx_hal.o
                                                  mbed/TARGET_NUCLEO_F072RB/TOOLCHAIN_GCC_ARM/stm32f0xx_hal_usart.o
                                                  mbed/TARGET_NUCLEO_F072RB/TOOLCHAIN_GCC_ARM/stm32f0xx_hal_uart.o
                                                  mbed/TARGET_NUCLEO_F072RB/TOOLCHAIN_GCC_ARM/stm32f0xx_hal_spi.o
                                                  mbed/TARGET_NUCLEO_F072RB/TOOLCHAIN_GCC_ARM/stm32f0xx_hal_smbus.o
                                                  mbed/TARGET_NUCLEO_F072RB/TOOLCHAIN_GCC_ARM/stm32f0xx_hal_rtc_ex.o
                                                  mbed/TARGET_NUCLEO_F072RB/TOOLCHAIN_GCC_ARM/stm32f0xx_hal_rtc.o
                                                  mbed/TARGET_NUCLEO_F072RB/TOOLCHAIN_GCC_ARM/stm32f0xx_hal_rcc_ex.o
                                                  mbed/TARGET_NUCLEO_F072RB/TOOLCHAIN_GCC_ARM/stm32f0xx_hal_rcc.o
                                                  mbed/TARGET_NUCLEO_F072RB/TOOLCHAIN_GCC_ARM/stm32f0xx_hal_iwdg.o
                                                  mbed/TARGET_NUCLEO_F072RB/TOOLCHAIN_GCC_ARM/stm32f0xx_hal_irda.o
                                                  mbed/TARGET_NUCLEO_F072RB/TOOLCHAIN_GCC_ARM/stm32f0xx_hal_i2s.o
                                                  mbed/TARGET_NUCLEO_F072RB/TOOLCHAIN_GCC_ARM/stm32f0xx_hal_i2c.o
                                                  mbed/TARGET_NUCLEO_F072RB/TOOLCHAIN_GCC_ARM/stm32f0xx_hal_flash.o
                                                  mbed/TARGET_NUCLEO_F072RB/TOOLCHAIN_GCC_ARM/stm32f0xx_hal_dma.o
                                                  mbed/TARGET_NUCLEO_F072RB/TOOLCHAIN_GCC_ARM/stm32f0xx_hal_cec.o
                                                  mbed/TARGET_NUCLEO_F072RB/TOOLCHAIN_GCC_ARM/stm32f0xx_hal_can.o
                                                  mbed/TARGET_NUCLEO_F072RB/TOOLCHAIN_GCC_ARM/stm32f0xx_hal_adc_ex.o
                                                  mbed/TARGET_NUCLEO_F072RB/TOOLCHAIN_GCC_ARM/stm32f0xx_hal_adc.o
                                                  mbed/TARGET_NUCLEO_F072RB/TOOLCHAIN_GCC_ARM/stm32f0xx_hal_smartcard.o
HAL_HalfDuplex_EnableReceiver                     mbed/TARGET_NUCLEO_F072RB/TOOLCHAIN_GCC_ARM/stm32f0xx_hal_uart.o
HAL_HalfDuplex_EnableTransmitter                  mbed/TARGET_NUCLEO_F072RB/TOOLCHAIN_GCC_ARM/stm32f0xx_hal_uart.o
HAL_HalfDuplex_Init                               mbed/TARGET_NUCLEO_F072RB/TOOLCHAIN_GCC_ARM/stm32f0xx_hal_uart.o
HAL_I2CEx_ConfigAnalogFilter                      mbed/TARGET_NUCLEO_F072RB/TOOLCHAIN_GCC_ARM/stm32f0xx_hal_i2c_ex.o
HAL_I2CEx_ConfigDigitalFilter                     mbed/TARGET_NUCLEO_F072RB/TOOLCHAIN_GCC_ARM/stm32f0xx_hal_i2c_ex.o
HAL_I2CEx_DisableFastModePlus                     mbed/TARGET_NUCLEO_F072RB/TOOLCHAIN_GCC_ARM/stm32f0xx_hal_i2c_ex.o
HAL_I2CEx_DisableWakeUp                           mbed/TARGET_NUCLEO_F072RB/TOOLCHAIN_GCC_ARM/stm32f0xx_hal_i2c_ex.o
HAL_I2CEx_EnableFastModePlus                      mbed/TARGET_NUCLEO_F072RB/TOOLCHAIN_GCC_ARM/stm32f0xx_hal_i2c_ex.o
HAL_I2CEx_EnableWakeUp                            mbed/TARGET_NUCLEO_F072RB/TOOLCHAIN_GCC_ARM/stm32f0xx_hal_i2c_ex.o
HAL_I2C_DeInit                                    mbed/TARGET_NUCLEO_F072RB/TOOLCHAIN_GCC_ARM/stm32f0xx_hal_i2c.o
HAL_I2C_ER_IRQHandler                             mbed/TARGET_NUCLEO_F072RB/TOOLCHAIN_GCC_ARM/stm32f0xx_hal_i2c.o
HAL_I2C_EV_IRQHandler                             mbed/TARGET_NUCLEO_F072RB/TOOLCHAIN_GCC_ARM/stm32f0xx_hal_i2c.o
HAL_I2C_ErrorCallback                             mbed/TARGET_NUCLEO_F072RB/TOOLCHAIN_GCC_ARM/stm32f0xx_hal_i2c.o
HAL_I2C_GetError                                  mbed/TARGET_NUCLEO_F072RB/TOOLCHAIN_GCC_ARM/stm32f0xx_hal_i2c.o
HAL_I2C_GetState                                  mbed/TARGET_NUCLEO_F072RB/TOOLCHAIN_GCC_ARM/stm32f0xx_hal_i2c.o
HAL_I2C_Init                                      mbed/TARGET_NUCLEO_F072RB/TOOLCHAIN_GCC_ARM/stm32f0xx_hal_i2c.o
                                                  ./mbed/TARGET_NUCLEO_F072RB/TOOLCHAIN_GCC_ARM/libmbed.a(i2c_api.o)
HAL_I2C_IsDeviceReady                             mbed/TARGET_NUCLEO_F072RB/TOOLCHAIN_GCC_ARM/stm32f0xx_hal_i2c.o
HAL_I2C_MasterRxCpltCallback                      mbed/TARGET_NUCLEO_F072RB/TOOLCHAIN_GCC_ARM/stm32f0xx_hal_i2c.o
HAL_I2C_MasterTxCpltCallback                      mbed/TARGET_NUCLEO_F072RB/TOOLCHAIN_GCC_ARM/stm32f0xx_hal_i2c.o
HAL_I2C_Master_Receive                            mbed/TARGET_NUCLEO_F072RB/TOOLCHAIN_GCC_ARM/stm32f0xx_hal_i2c.o
HAL_I2C_Master_Receive_DMA                        mbed/TARGET_NUCLEO_F072RB/TOOLCHAIN_GCC_ARM/stm32f0xx_hal_i2c.o
HAL_I2C_Master_Receive_IT                         mbed/TARGET_NUCLEO_F072RB/TOOLCHAIN_GCC_ARM/stm32f0xx_hal_i2c.o
HAL_I2C_Master_Transmit                           mbed/TARGET_NUCLEO_F072RB/TOOLCHAIN_GCC_ARM/stm32f0xx_hal_i2c.o
HAL_I2C_Master_Transmit_DMA                       mbed/TARGET_NUCLEO_F072RB/TOOLCHAIN_GCC_ARM/stm32f0xx_hal_i2c.o
HAL_I2C_Master_Transmit_IT                        mbed/TARGET_NUCLEO_F072RB/TOOLCHAIN_GCC_ARM/stm32f0xx_hal_i2c.o
HAL_I2C_MemRxCpltCallback                         mbed/TARGET_NUCLEO_F072RB/TOOLCHAIN_GCC_ARM/stm32f0xx_hal_i2c.o
HAL_I2C_MemTxCpltCallback                         mbed/TARGET_NUCLEO_F072RB/TOOLCHAIN_GCC_ARM/stm32f0xx_hal_i2c.o
HAL_I2C_Mem_Read                                  mbed/TARGET_NUCLEO_F072RB/TOOLCHAIN_GCC_ARM/stm32f0xx_hal_i2c.o
HAL_I2C_Mem_Read_DMA                              mbed/TARGET_NUCLEO_F072RB/TOOLCHAIN_GCC_ARM/stm32f0xx_hal_i2c.o
HAL_I2C_Mem_Read_IT                               mbed/TARGET_NUCLEO_F072RB/TOOLCHAIN_GCC_ARM/stm32f0xx_hal_i2c.o
HAL_I2C_Mem_Write                                 mbed/TARGET_NUCLEO_F072RB/TOOLCHAIN_GCC_ARM/stm32f0xx_hal_i2c.o